
> rest-express@1.0.0 check
> tsc

client/src/components/AuthGuard.tsx(3,34): error TS2304: Cannot find name 'AuthGuardProps'.
client/src/components/AuthGuard.tsx(4,29): error TS2304: Cannot find name 'useAuth'.
client/src/components/AuthGuard.tsx(5,35): error TS2304: Cannot find name 'useLocation'.
client/src/components/calendar/calendar-view.tsx(224,12): error TS7053: Element implicitly has an 'any' type because expression of type 'string' can't be used to index type '{ '2025-01-01': { title: string; icon: string; hashtags: string[]; engagement: string; category: string; }; '2025-01-04': { title: string; icon: string; hashtags: string[]; engagement: string; category: string; }; ... 26 more ...; '2025-12-31': { ...; }; }'.
  No index signature with a parameter of type 'string' was found on type '{ '2025-01-01': { title: string; icon: string; hashtags: string[]; engagement: string; category: string; }; '2025-01-04': { title: string; icon: string; hashtags: string[]; engagement: string; category: string; }; ... 26 more ...; '2025-12-31': { ...; }; }'.
client/src/components/dashboard/performance-score.tsx(143,12): error TS7053: Element implicitly has an 'any' type because expression of type 'any' can't be used to index type '{ day: { emoji: string; title: string; story: string; insight: string; color: string; textColor: string; }; week: { emoji: string; title: string; story: string; insight: string; color: string; textColor: string; }; month: { ...; }; }'.
client/src/components/layout/header.tsx(26,81): error TS7006: Parameter 'l' implicitly has an 'any' type.
client/src/components/ProfileDropdown.tsx(49,81): error TS7006: Parameter 'l' implicitly has an 'any' type.
client/src/components/StickyScrollFeaturesV2.tsx(308,48): error TS2345: Argument of type 'number' is not assignable to parameter of type 'string'.
client/src/components/StickyScrollFeaturesV2.tsx(309,56): error TS2345: Argument of type 'number' is not assignable to parameter of type 'string'.
client/src/components/StickyScrollFeaturesV2.tsx(513,40): error TS2322: Type 'MotionValue<number>' is not assignable to type 'number'.
client/src/components/walkthrough/WalkthroughModal.tsx(160,76): error TS2322: Type 'null' is not assignable to type 'string'.
client/src/hooks/useCacheInvalidation.ts(89,11): error TS2561: Object literal may only specify known properties, but 'maxReconnectionAttempts' does not exist in type 'Partial<ManagerOptions & SocketOptions>'. Did you mean to write 'reconnectionAttempts'?
client/src/lib/auth-cookies.ts(90,9): error TS2322: Type '{ 'X-CSRF-Token': string; 'Content-Type': string; } | { 'X-CSRF-Token': string; length: number; toString(): string; toLocaleString(): string; toLocaleString(locales: string | string[], options?: (NumberFormatOptions & DateTimeFormatOptions) | undefined): string; ... 38 more ...; 'Content-Type': string; } | { ...; } ...' is not assignable to type '{ 'Content-Type': string; } | { length: number; toString(): string; toLocaleString(): string; toLocaleString(locales: string | string[], options?: (NumberFormatOptions & DateTimeFormatOptions) | undefined): string; ... 38 more ...; 'Content-Type': string; } | { ...; } | { ...; }'.
  Object literal may only specify known properties, and ''X-CSRF-Token'' does not exist in type '{ 'Content-Type': string; } | { length: number; toString(): string; toLocaleString(): string; toLocaleString(locales: string | string[], options?: (NumberFormatOptions & DateTimeFormatOptions) | undefined): string; ... 38 more ...; 'Content-Type': string; } | { ...; } | { ...; }'.
client/src/lib/frontend-performance.tsx(438,11): error TS7034: Variable 'criticalImages' implicitly has type 'any[]' in some locations where its type cannot be determined.
client/src/lib/frontend-performance.tsx(442,5): error TS7005: Variable 'criticalImages' implicitly has an 'any[]' type.
client/src/lib/mobile-optimization.ts(71,11): error TS2564: Property 'deviceInfo' has no initializer and is not definitely assigned in the constructor.
client/src/lib/queryClient.ts(85,9): error TS2322: Type '{ Authorization: string; 'Content-Type': string; 'Cache-Control': string; Pragma: string; } | { Authorization: string; length: number; toString(): string; toLocaleString(): string; toLocaleString(locales: string | string[], options?: (NumberFormatOptions & DateTimeFormatOptions) | undefined): string; ... 40 more ......' is not assignable to type '{ 'Content-Type': string; 'Cache-Control': string; Pragma: string; } | { length: number; toString(): string; toLocaleString(): string; toLocaleString(locales: string | string[], options?: (NumberFormatOptions & DateTimeFormatOptions) | undefined): string; ... 40 more ...; Pragma: string; } | { ...; } | { ...; }'.
  Object literal may only specify known properties, and ''Authorization'' does not exist in type '{ 'Content-Type': string; 'Cache-Control': string; Pragma: string; } | { length: number; toString(): string; toLocaleString(): string; toLocaleString(locales: string | string[], options?: (NumberFormatOptions & DateTimeFormatOptions) | undefined): string; ... 40 more ...; Pragma: string; } | { ...; } | { ...; }'.
client/src/lib/reconnect.ts(17,33): error TS7006: Parameter 'a' implicitly has an 'any' type.
client/src/lib/ux-enhancement.ts(98,14): error TS2576: Property 'handleGlobalError' does not exist on type 'UXManager'. Did you mean to access the static member 'UXManager.handleGlobalError' instead?
client/src/lib/ux-enhancement.ts(103,14): error TS2576: Property 'handleGlobalError' does not exist on type 'UXManager'. Did you mean to access the static member 'UXManager.handleGlobalError' instead?
client/src/pages/AutomationStepByStep.tsx(1025,28): error TS2304: Cannot find name 'keywords'.
client/src/pages/AutomationStepByStep.tsx(1026,53): error TS2304: Cannot find name 'keywords'.
client/src/pages/AutomationStepByStep.tsx(1027,25): error TS2304: Cannot find name 'setKeywords'.
client/src/pages/AutomationStepByStep.tsx(1031,28): error TS2304: Cannot find name 'dmKeywords'.
client/src/pages/AutomationStepByStep.tsx(1032,53): error TS2304: Cannot find name 'dmKeywords'.
client/src/pages/AutomationStepByStep.tsx(1033,25): error TS2304: Cannot find name 'setDmKeywords'.
client/src/pages/AutomationStepByStep.tsx(1037,28): error TS2304: Cannot find name 'commentKeywords'.
client/src/pages/AutomationStepByStep.tsx(1038,53): error TS2304: Cannot find name 'commentKeywords'.
client/src/pages/AutomationStepByStep.tsx(1039,25): error TS2304: Cannot find name 'setCommentKeywords'.
client/src/pages/AutomationStepByStep.tsx(1127,5): error TS2769: No overload matches this call.
  Overload 1 of 3, '(options: DefinedInitialDataOptions<(previousData: any) => any, Error, (previousData: any) => any, (string | undefined)[]>, queryClient?: QueryClient | undefined): DefinedUseQueryResult<...>', gave the following error.
    Object literal may only specify known properties, and 'keepPreviousData' does not exist in type 'DefinedInitialDataOptions<(previousData: any) => any, Error, (previousData: any) => any, (string | undefined)[]>'.
  Overload 2 of 3, '(options: UndefinedInitialDataOptions<any, Error, any, (string | undefined)[]>, queryClient?: QueryClient | undefined): UseQueryResult<...>', gave the following error.
    Object literal may only specify known properties, and 'keepPreviousData' does not exist in type 'UndefinedInitialDataOptions<any, Error, any, (string | undefined)[]>'.
  Overload 3 of 3, '(options: UseQueryOptions<any, Error, any, (string | undefined)[]>, queryClient?: QueryClient | undefined): UseQueryResult<any, Error>', gave the following error.
    Object literal may only specify known properties, and 'keepPreviousData' does not exist in type 'UseQueryOptions<any, Error, any, (string | undefined)[]>'.
client/src/pages/AutomationStepByStep.tsx(1165,5): error TS2769: No overload matches this call.
  Overload 1 of 3, '(options: DefinedInitialDataOptions<(previousData: any) => any, Error, (previousData: any) => any, any[]>, queryClient?: QueryClient | undefined): DefinedUseQueryResult<...>', gave the following error.
    Object literal may only specify known properties, and 'keepPreviousData' does not exist in type 'DefinedInitialDataOptions<(previousData: any) => any, Error, (previousData: any) => any, any[]>'.
  Overload 2 of 3, '(options: UndefinedInitialDataOptions<any, Error, any, any[]>, queryClient?: QueryClient | undefined): UseQueryResult<any, Error>', gave the following error.
    Object literal may only specify known properties, and 'keepPreviousData' does not exist in type 'UndefinedInitialDataOptions<any, Error, any, any[]>'.
  Overload 3 of 3, '(options: UseQueryOptions<any, Error, any, any[]>, queryClient?: QueryClient | undefined): UseQueryResult<any, Error>', gave the following error.
    Object literal may only specify known properties, and 'keepPreviousData' does not exist in type 'UseQueryOptions<any, Error, any, any[]>'.
client/src/pages/AutomationStepByStep.tsx(1240,5): error TS2769: No overload matches this call.
  Overload 1 of 3, '(options: DefinedInitialDataOptions<(previousData: any) => any, Error, (previousData: any) => any, any[]>, queryClient?: QueryClient | undefined): DefinedUseQueryResult<...>', gave the following error.
    Object literal may only specify known properties, and 'keepPreviousData' does not exist in type 'DefinedInitialDataOptions<(previousData: any) => any, Error, (previousData: any) => any, any[]>'.
  Overload 2 of 3, '(options: UndefinedInitialDataOptions<any, Error, any, any[]>, queryClient?: QueryClient | undefined): UseQueryResult<any, Error>', gave the following error.
    Object literal may only specify known properties, and 'keepPreviousData' does not exist in type 'UndefinedInitialDataOptions<any, Error, any, any[]>'.
  Overload 3 of 3, '(options: UseQueryOptions<any, Error, any, any[]>, queryClient?: QueryClient | undefined): UseQueryResult<any, Error>', gave the following error.
    Object literal may only specify known properties, and 'keepPreviousData' does not exist in type 'UseQueryOptions<any, Error, any, any[]>'.
client/src/pages/AutomationStepByStep.tsx(1676,39): error TS7006: Parameter 'accountId' implicitly has an 'any' type.
client/src/pages/AutomationStepByStep.tsx(1836,26): error TS7006: Parameter 'index' implicitly has an 'any' type.
client/src/pages/AutomationStepByStep.tsx(1859,28): error TS7006: Parameter 'index' implicitly has an 'any' type.
client/src/pages/AutomationStepByStep.tsx(1882,33): error TS7006: Parameter 'index' implicitly has an 'any' type.
client/src/pages/AutomationStepByStep.tsx(3779,13): error TS2322: Type 'unknown' is not assignable to type 'any[]'.
client/src/pages/Features.tsx(20,14): error TS2786: 'Helmet' cannot be used as a JSX component.
  Its type 'typeof Helmet' is not a valid JSX element type.
    Type 'typeof Helmet' is not assignable to type 'new (props: any, deprecatedLegacyContext?: any) => Component<any, any, any>'.
      Property 'refs' is missing in type 'Component<HelmetProps, {}, any>' but required in type 'Component<any, any, any>'.
client/src/pages/Landing3DAdvanced.tsx(15,3): error TS2305: Module '"@react-three/drei"' has no exported member 'useTransform'.
client/src/pages/RobotHeroLanding.tsx(58,14): error TS2322: Type '{ children: string; jsx: true; }' is not assignable to type 'DetailedHTMLProps<StyleHTMLAttributes<HTMLStyleElement>, HTMLStyleElement>'.
  Property 'jsx' does not exist on type 'DetailedHTMLProps<StyleHTMLAttributes<HTMLStyleElement>, HTMLStyleElement>'.
client/src/pages/SplineKeyboardLanding.tsx(75,14): error TS2322: Type '{ children: string; jsx: true; }' is not assignable to type 'DetailedHTMLProps<StyleHTMLAttributes<HTMLStyleElement>, HTMLStyleElement>'.
  Property 'jsx' does not exist on type 'DetailedHTMLProps<StyleHTMLAttributes<HTMLStyleElement>, HTMLStyleElement>'.
client/src/pages/VideoGeneratorAdvanced.tsx(312,33): error TS7006: Parameter 'job' implicitly has an 'any' type.
client/src/pages/VideoGeneratorAdvanced.tsx(395,39): error TS2559: Type 'string[]' has no properties in common with type 'InvalidateQueryFilters<readonly unknown[]>'.
client/src/pages/VideoGeneratorAdvanced.tsx(433,39): error TS2559: Type 'string[]' has no properties in common with type 'InvalidateQueryFilters<readonly unknown[]>'.
client/src/pages/VideoGeneratorAdvanced.tsx(434,39): error TS2559: Type 'string[]' has no properties in common with type 'InvalidateQueryFilters<readonly unknown[]>'.
client/src/pages/VideoGeneratorAdvanced.tsx(664,52): error TS7006: Parameter 'project' implicitly has an 'any' type.
client/src/pages/VideoGeneratorAdvanced.tsx(908,22): error TS2353: Object literal may only specify known properties, and 'WebkitFocusRingColor' does not exist in type 'Properties<string | number, string & {}>'.
client/src/pages/VideoGeneratorAdvanced.tsx(1508,11): error TS2367: This comparison appears to be unintentional because the types 'boolean' and 'string' have no overlap.
client/src/pages/VideoGeneratorAdvanced.tsx(1692,71): error TS2345: Argument of type 'string' is not assignable to parameter of type 'never'.
client/src/pages/VideoGeneratorAdvanced.tsx(1696,75): error TS2322: Type 'string' is not assignable to type 'never'.
client/src/pages/VideoGeneratorAdvanced.tsx(1696,87): error TS2322: Type 'string' is not assignable to type 'never'.
client/src/pages/VideoGeneratorAdvanced.tsx(1724,29): error TS2322: Type 'true | "none"' is not assignable to type 'string | number | readonly string[] | undefined'.
  Type 'true' is not assignable to type 'string | number | readonly string[] | undefined'.
client/src/pages/VideoGeneratorAdvanced.tsx(1725,72): error TS2322: Type 'string' is not assignable to type 'boolean'.
client/src/pages/VideoGeneratorAdvanced.tsx(1805,22): error TS2367: This comparison appears to be unintentional because the types 'boolean' and 'string' have no overlap.
server/ab-testing-ai.ts(78,32): error TS2304: Cannot find name 'openai'.
server/access-control.ts(193,3): error TS1117: An object literal cannot have multiple properties with the same name.
server/access-control.ts(398,26): error TS7053: Element implicitly has an 'any' type because expression of type 'string' can't be used to index type '{ free: { id: string; name: string; description: string; price: number; currency: string; interval: string; credits: number; features: string[]; }; starter: { id: string; name: string; description: string; ... 6 more ...; features: string[]; }; pro: { ...; }; business: { ...; }; }'.
  No index signature with a parameter of type 'string' was found on type '{ free: { id: string; name: string; description: string; price: number; currency: string; interval: string; credits: number; features: string[]; }; starter: { id: string; name: string; description: string; ... 6 more ...; features: string[]; }; pro: { ...; }; business: { ...; }; }'.
server/adaptive-instagram-publisher.ts(80,75): error TS2367: This comparison appears to be unintentional because the types '"story"' and '"video"' have no overlap.
server/adaptive-instagram-publisher.ts(260,41): error TS2551: Property 'publishPost' does not exist on type 'InstagramAPI'. Did you mean 'publishPhoto'?
server/adaptive-instagram-publisher.ts(308,39): error TS2551: Property 'publishPost' does not exist on type 'InstagramAPI'. Did you mean 'publishPhoto'?
server/admin-auth.ts(11,18): error TS2430: Interface 'AdminRequest' incorrectly extends interface 'Request<ParamsDictionary, any, any, ParsedQs, Record<string, any>>'.
  Types of property 'admin' are incompatible.
    Type '{ id: number; role: string; email: string; password: string; username: string; isActive: boolean; createdAt?: Date | undefined; updatedAt?: Date | undefined; lastLogin?: Date | null | undefined; } | undefined' is not assignable to type '{ [key: string]: any; id: string; email: string; role: string; } | undefined'.
      Type '{ id: number; role: string; email: string; password: string; username: string; isActive: boolean; createdAt?: Date | undefined; updatedAt?: Date | undefined; lastLogin?: Date | null | undefined; }' is not assignable to type '{ [key: string]: any; id: string; email: string; role: string; }'.
        Types of property 'id' are incompatible.
          Type 'number' is not assignable to type 'string'.
server/admin-auth.ts(75,5): error TS2322: Type 'Admin' is not assignable to type '{ id: number; role: string; email: string; password: string; username: string; isActive: boolean; createdAt?: Date | undefined; updatedAt?: Date | undefined; lastLogin?: Date | null | undefined; }'.
  Types of property 'id' are incompatible.
    Type 'string' is not assignable to type 'number'.
server/admin-auth.ts(110,34): error TS2345: Argument of type '{ adminId: number; action: string; resource: string; resourceId: string; oldValues: any; newValues: any; ipAddress: string | undefined; userAgent: string | undefined; }' is not assignable to parameter of type 'InsertAuditLog'.
  Type '{ adminId: number; action: string; resource: string; resourceId: string; oldValues: any; newValues: any; ipAddress: string | undefined; userAgent: string | undefined; }' is missing the following properties from type 'InsertAuditLog': actorType, actorId
server/admin-routes.ts(22,62): error TS2345: Argument of type 'string | undefined' is not assignable to parameter of type 'string'.
  Type 'undefined' is not assignable to type 'string'.
server/admin-routes.ts(30,35): error TS2345: Argument of type 'Admin' is not assignable to parameter of type '{ id: number; role: string; email: string; password: string; username: string; isActive: boolean; createdAt?: Date | undefined; updatedAt?: Date | undefined; lastLogin?: Date | null | undefined; }'.
  Types of property 'id' are incompatible.
    Type 'string' is not assignable to type 'number'.
server/admin-routes.ts(41,28): error TS2345: Argument of type 'string' is not assignable to parameter of type 'number'.
server/admin-routes.ts(59,33): error TS2769: No overload matches this call.
  The last overload gave the following error.
    Argument of type '(req: AdminRequest, res: Response<any, Record<string, any>>, next: NextFunction) => Promise<Response<any, Record<string, any>> | undefined>' is not assignable to parameter of type 'RequestHandlerParams<ParamsDictionary, any, any, ParsedQs, Record<string, any>>'.
      Type '(req: AdminRequest, res: Response<any, Record<string, any>>, next: NextFunction) => Promise<Response<any, Record<string, any>> | undefined>' is not assignable to type 'RequestHandler<ParamsDictionary, any, any, ParsedQs, Record<string, any>>'.
        Types of parameters 'req' and 'req' are incompatible.
          Type 'Request<ParamsDictionary, any, any, ParsedQs, Record<string, any>>' is not assignable to type 'AdminRequest'.
            Types of property 'admin' are incompatible.
              Type '{ [key: string]: any; id: string; email: string; role: string; } | undefined' is not assignable to type '{ id: number; role: string; email: string; password: string; username: string; isActive: boolean; createdAt?: Date | undefined; updatedAt?: Date | undefined; lastLogin?: Date | null | undefined; } | undefined'.
                Type '{ [key: string]: any; id: string; email: string; role: string; }' is missing the following properties from type '{ id: number; role: string; email: string; password: string; username: string; isActive: boolean; createdAt?: Date | undefined; updatedAt?: Date | undefined; lastLogin?: Date | null | undefined; }': password, username, isActive
server/admin-routes.ts(77,31): error TS2769: No overload matches this call.
  The last overload gave the following error.
    Argument of type '(req: AdminRequest, res: Response<any, Record<string, any>>, next: NextFunction) => Promise<Response<any, Record<string, any>> | undefined>' is not assignable to parameter of type 'RequestHandlerParams<ParamsDictionary, any, any, ParsedQs, Record<string, any>>'.
      Type '(req: AdminRequest, res: Response<any, Record<string, any>>, next: NextFunction) => Promise<Response<any, Record<string, any>> | undefined>' is not assignable to type 'RequestHandler<ParamsDictionary, any, any, ParsedQs, Record<string, any>>'.
        Types of parameters 'req' and 'req' are incompatible.
          Type 'Request<ParamsDictionary, any, any, ParsedQs, Record<string, any>>' is not assignable to type 'AdminRequest'.
            Types of property 'admin' are incompatible.
              Type '{ [key: string]: any; id: string; email: string; role: string; } | undefined' is not assignable to type '{ id: number; role: string; email: string; password: string; username: string; isActive: boolean; createdAt?: Date | undefined; updatedAt?: Date | undefined; lastLogin?: Date | null | undefined; } | undefined'.
                Type '{ [key: string]: any; id: string; email: string; role: string; }' is missing the following properties from type '{ id: number; role: string; email: string; password: string; username: string; isActive: boolean; createdAt?: Date | undefined; updatedAt?: Date | undefined; lastLogin?: Date | null | undefined; }': password, username, isActive
server/admin-routes.ts(88,31): error TS2769: No overload matches this call.
  The last overload gave the following error.
    Argument of type '(req: AdminRequest, res: Response<any, Record<string, any>>, next: NextFunction) => Promise<Response<any, Record<string, any>> | undefined>' is not assignable to parameter of type 'RequestHandlerParams<ParamsDictionary, any, any, ParsedQs, Record<string, any>>'.
      Type '(req: AdminRequest, res: Response<any, Record<string, any>>, next: NextFunction) => Promise<Response<any, Record<string, any>> | undefined>' is not assignable to type 'RequestHandler<ParamsDictionary, any, any, ParsedQs, Record<string, any>>'.
        Types of parameters 'req' and 'req' are incompatible.
          Type 'Request<ParamsDictionary, any, any, ParsedQs, Record<string, any>>' is not assignable to type 'AdminRequest'.
            Types of property 'admin' are incompatible.
              Type '{ [key: string]: any; id: string; email: string; role: string; } | undefined' is not assignable to type '{ id: number; role: string; email: string; password: string; username: string; isActive: boolean; createdAt?: Date | undefined; updatedAt?: Date | undefined; lastLogin?: Date | null | undefined; } | undefined'.
                Type '{ [key: string]: any; id: string; email: string; role: string; }' is missing the following properties from type '{ id: number; role: string; email: string; password: string; username: string; isActive: boolean; createdAt?: Date | undefined; updatedAt?: Date | undefined; lastLogin?: Date | null | undefined; }': password, username, isActive
server/admin-routes.ts(95,50): error TS2345: Argument of type '{ page: number; limit: number; search: string; filter: string; }' is not assignable to parameter of type 'number'.
server/admin-routes.ts(109,37): error TS2769: No overload matches this call.
  The last overload gave the following error.
    Argument of type '(req: AdminRequest, res: Response<any, Record<string, any>>, next: NextFunction) => Promise<Response<any, Record<string, any>> | undefined>' is not assignable to parameter of type 'RequestHandlerParams<ParamsDictionary, any, any, ParsedQs, Record<string, any>>'.
      Type '(req: AdminRequest, res: Response<any, Record<string, any>>, next: NextFunction) => Promise<Response<any, Record<string, any>> | undefined>' is not assignable to type 'RequestHandler<ParamsDictionary, any, any, ParsedQs, Record<string, any>>'.
        Types of parameters 'req' and 'req' are incompatible.
          Type 'Request<ParamsDictionary, any, any, ParsedQs, Record<string, any>>' is not assignable to type 'AdminRequest'.
            Types of property 'admin' are incompatible.
              Type '{ [key: string]: any; id: string; email: string; role: string; } | undefined' is not assignable to type '{ id: number; role: string; email: string; password: string; username: string; isActive: boolean; createdAt?: Date | undefined; updatedAt?: Date | undefined; lastLogin?: Date | null | undefined; } | undefined'.
                Type '{ [key: string]: any; id: string; email: string; role: string; }' is missing the following properties from type '{ id: number; role: string; email: string; password: string; username: string; isActive: boolean; createdAt?: Date | undefined; updatedAt?: Date | undefined; lastLogin?: Date | null | undefined; }': password, username, isActive
server/admin-routes.ts(114,45): error TS2345: Argument of type 'number' is not assignable to parameter of type 'string'.
server/admin-routes.ts(119,52): error TS2345: Argument of type 'number' is not assignable to parameter of type 'string'.
server/admin-routes.ts(140,33): error TS2769: No overload matches this call.
  The last overload gave the following error.
    Argument of type '(req: AdminRequest, res: Response<any, Record<string, any>>, next: NextFunction) => Promise<Response<any, Record<string, any>> | undefined>' is not assignable to parameter of type 'RequestHandlerParams<ParamsDictionary, any, any, ParsedQs, Record<string, any>>'.
      Type '(req: AdminRequest, res: Response<any, Record<string, any>>, next: NextFunction) => Promise<Response<any, Record<string, any>> | undefined>' is not assignable to type 'RequestHandler<ParamsDictionary, any, any, ParsedQs, Record<string, any>>'.
        Types of parameters 'req' and 'req' are incompatible.
          Type 'Request<ParamsDictionary, any, any, ParsedQs, Record<string, any>>' is not assignable to type 'AdminRequest'.
            Types of property 'admin' are incompatible.
              Type '{ [key: string]: any; id: string; email: string; role: string; } | undefined' is not assignable to type '{ id: number; role: string; email: string; password: string; username: string; isActive: boolean; createdAt?: Date | undefined; updatedAt?: Date | undefined; lastLogin?: Date | null | undefined; } | undefined'.
                Type '{ [key: string]: any; id: string; email: string; role: string; }' is missing the following properties from type '{ id: number; role: string; email: string; password: string; username: string; isActive: boolean; createdAt?: Date | undefined; updatedAt?: Date | undefined; lastLogin?: Date | null | undefined; }': password, username, isActive
server/admin-routes.ts(147,71): error TS2345: Argument of type '{ status: string | ParsedQs | (string | ParsedQs)[] | undefined; } | { status?: undefined; }' is not assignable to parameter of type 'string | undefined'.
  Type '{ status: string | QueryString.ParsedQs | (string | QueryString.ParsedQs)[] | undefined; }' is not assignable to type 'string'.
server/admin-routes.ts(156,39): error TS2769: No overload matches this call.
  The last overload gave the following error.
    Argument of type '(req: AdminRequest, res: Response<any, Record<string, any>>, next: NextFunction) => Promise<Response<any, Record<string, any>> | undefined>' is not assignable to parameter of type 'RequestHandlerParams<ParamsDictionary, any, any, ParsedQs, Record<string, any>>'.
      Type '(req: AdminRequest, res: Response<any, Record<string, any>>, next: NextFunction) => Promise<Response<any, Record<string, any>> | undefined>' is not assignable to type 'RequestHandler<ParamsDictionary, any, any, ParsedQs, Record<string, any>>'.
        Types of parameters 'req' and 'req' are incompatible.
          Type 'Request<ParamsDictionary, any, any, ParsedQs, Record<string, any>>' is not assignable to type 'AdminRequest'.
            Types of property 'admin' are incompatible.
              Type '{ [key: string]: any; id: string; email: string; role: string; } | undefined' is not assignable to type '{ id: number; role: string; email: string; password: string; username: string; isActive: boolean; createdAt?: Date | undefined; updatedAt?: Date | undefined; lastLogin?: Date | null | undefined; } | undefined'.
                Type '{ [key: string]: any; id: string; email: string; role: string; }' is missing the following properties from type '{ id: number; role: string; email: string; password: string; username: string; isActive: boolean; createdAt?: Date | undefined; updatedAt?: Date | undefined; lastLogin?: Date | null | undefined; }': password, username, isActive
server/admin-routes.ts(161,51): error TS2345: Argument of type 'number' is not assignable to parameter of type 'string'.
server/admin-routes.ts(166,58): error TS2345: Argument of type 'number' is not assignable to parameter of type 'string'.
server/admin-routes.ts(186,40): error TS2769: No overload matches this call.
  The last overload gave the following error.
    Argument of type '(req: AdminRequest, res: Response<any, Record<string, any>>, next: NextFunction) => Promise<Response<any, Record<string, any>> | undefined>' is not assignable to parameter of type 'RequestHandlerParams<ParamsDictionary, any, any, ParsedQs, Record<string, any>>'.
      Type '(req: AdminRequest, res: Response<any, Record<string, any>>, next: NextFunction) => Promise<Response<any, Record<string, any>> | undefined>' is not assignable to type 'RequestHandler<ParamsDictionary, any, any, ParsedQs, Record<string, any>>'.
        Types of parameters 'req' and 'req' are incompatible.
          Type 'Request<ParamsDictionary, any, any, ParsedQs, Record<string, any>>' is not assignable to type 'AdminRequest'.
            Types of property 'admin' are incompatible.
              Type '{ [key: string]: any; id: string; email: string; role: string; } | undefined' is not assignable to type '{ id: number; role: string; email: string; password: string; username: string; isActive: boolean; createdAt?: Date | undefined; updatedAt?: Date | undefined; lastLogin?: Date | null | undefined; } | undefined'.
                Type '{ [key: string]: any; id: string; email: string; role: string; }' is missing the following properties from type '{ id: number; role: string; email: string; password: string; username: string; isActive: boolean; createdAt?: Date | undefined; updatedAt?: Date | undefined; lastLogin?: Date | null | undefined; }': password, username, isActive
server/admin-routes.ts(190,48): error TS2345: Argument of type 'number' is not assignable to parameter of type 'string'.
server/admin-routes.ts(195,35): error TS2345: Argument of type 'number' is not assignable to parameter of type 'string'.
server/admin-routes.ts(216,39): error TS2769: No overload matches this call.
  The last overload gave the following error.
    Argument of type '(req: AdminRequest, res: Response<any, Record<string, any>>, next: NextFunction) => Promise<Response<any, Record<string, any>> | undefined>' is not assignable to parameter of type 'RequestHandlerParams<ParamsDictionary, any, any, ParsedQs, Record<string, any>>'.
      Type '(req: AdminRequest, res: Response<any, Record<string, any>>, next: NextFunction) => Promise<Response<any, Record<string, any>> | undefined>' is not assignable to type 'RequestHandler<ParamsDictionary, any, any, ParsedQs, Record<string, any>>'.
        Types of parameters 'req' and 'req' are incompatible.
          Type 'Request<ParamsDictionary, any, any, ParsedQs, Record<string, any>>' is not assignable to type 'AdminRequest'.
            Types of property 'admin' are incompatible.
              Type '{ [key: string]: any; id: string; email: string; role: string; } | undefined' is not assignable to type '{ id: number; role: string; email: string; password: string; username: string; isActive: boolean; createdAt?: Date | undefined; updatedAt?: Date | undefined; lastLogin?: Date | null | undefined; } | undefined'.
                Type '{ [key: string]: any; id: string; email: string; role: string; }' is missing the following properties from type '{ id: number; role: string; email: string; password: string; username: string; isActive: boolean; createdAt?: Date | undefined; updatedAt?: Date | undefined; lastLogin?: Date | null | undefined; }': password, username, isActive
server/admin-routes.ts(222,36): error TS2551: Property 'getAdminNotifications' does not exist on type 'MongoStorage | MemStorage'. Did you mean 'getNotifications'?
  Property 'getAdminNotifications' does not exist on type 'MongoStorage'.
server/admin-routes.ts(231,40): error TS2769: No overload matches this call.
  The last overload gave the following error.
    Argument of type '(req: AdminRequest, res: Response<any, Record<string, any>>, next: NextFunction) => Promise<Response<any, Record<string, any>> | undefined>' is not assignable to parameter of type 'RequestHandlerParams<ParamsDictionary, any, any, ParsedQs, Record<string, any>>'.
      Type '(req: AdminRequest, res: Response<any, Record<string, any>>, next: NextFunction) => Promise<Response<any, Record<string, any>> | undefined>' is not assignable to type 'RequestHandler<ParamsDictionary, any, any, ParsedQs, Record<string, any>>'.
        Types of parameters 'req' and 'req' are incompatible.
          Type 'Request<ParamsDictionary, any, any, ParsedQs, Record<string, any>>' is not assignable to type 'AdminRequest'.
            Types of property 'admin' are incompatible.
              Type '{ [key: string]: any; id: string; email: string; role: string; } | undefined' is not assignable to type '{ id: number; role: string; email: string; password: string; username: string; isActive: boolean; createdAt?: Date | undefined; updatedAt?: Date | undefined; lastLogin?: Date | null | undefined; } | undefined'.
                Type '{ [key: string]: any; id: string; email: string; role: string; }' is missing the following properties from type '{ id: number; role: string; email: string; password: string; username: string; isActive: boolean; createdAt?: Date | undefined; updatedAt?: Date | undefined; lastLogin?: Date | null | undefined; }': password, username, isActive
server/admin-routes.ts(244,61): error TS2345: Argument of type '{ title: string; type: string; message: string; targetUsers: string[]; userId?: number | undefined; scheduledFor?: Date | undefined; }' is not assignable to parameter of type 'InsertNotification'.
  Types of property 'userId' are incompatible.
    Type 'number | undefined' is not assignable to type 'string'.
      Type 'undefined' is not assignable to type 'string'.
server/admin-routes.ts(267,45): error TS2769: No overload matches this call.
  The last overload gave the following error.
    Argument of type '(req: AdminRequest, res: Response<any, Record<string, any>>, next: NextFunction) => Promise<Response<any, Record<string, any>> | undefined>' is not assignable to parameter of type 'RequestHandlerParams<ParamsDictionary, any, any, ParsedQs, Record<string, any>>'.
      Type '(req: AdminRequest, res: Response<any, Record<string, any>>, next: NextFunction) => Promise<Response<any, Record<string, any>> | undefined>' is not assignable to type 'RequestHandler<ParamsDictionary, any, any, ParsedQs, Record<string, any>>'.
        Types of parameters 'req' and 'req' are incompatible.
          Type 'Request<ParamsDictionary, any, any, ParsedQs, Record<string, any>>' is not assignable to type 'AdminRequest'.
            Types of property 'admin' are incompatible.
              Type '{ [key: string]: any; id: string; email: string; role: string; } | undefined' is not assignable to type '{ id: number; role: string; email: string; password: string; username: string; isActive: boolean; createdAt?: Date | undefined; updatedAt?: Date | undefined; lastLogin?: Date | null | undefined; } | undefined'.
                Type '{ [key: string]: any; id: string; email: string; role: string; }' is missing the following properties from type '{ id: number; role: string; email: string; password: string; username: string; isActive: boolean; createdAt?: Date | undefined; updatedAt?: Date | undefined; lastLogin?: Date | null | undefined; }': password, username, isActive
server/admin-routes.ts(273,61): error TS2345: Argument of type 'number' is not assignable to parameter of type 'string'.
server/admin-routes.ts(293,46): error TS2769: No overload matches this call.
  The last overload gave the following error.
    Argument of type '(req: AdminRequest, res: Response<any, Record<string, any>>, next: NextFunction) => Promise<Response<any, Record<string, any>> | undefined>' is not assignable to parameter of type 'RequestHandlerParams<ParamsDictionary, any, any, ParsedQs, Record<string, any>>'.
      Type '(req: AdminRequest, res: Response<any, Record<string, any>>, next: NextFunction) => Promise<Response<any, Record<string, any>> | undefined>' is not assignable to type 'RequestHandler<ParamsDictionary, any, any, ParsedQs, Record<string, any>>'.
        Types of parameters 'req' and 'req' are incompatible.
          Type 'Request<ParamsDictionary, any, any, ParsedQs, Record<string, any>>' is not assignable to type 'AdminRequest'.
            Types of property 'admin' are incompatible.
              Type '{ [key: string]: any; id: string; email: string; role: string; } | undefined' is not assignable to type '{ id: number; role: string; email: string; password: string; username: string; isActive: boolean; createdAt?: Date | undefined; updatedAt?: Date | undefined; lastLogin?: Date | null | undefined; } | undefined'.
                Type '{ [key: string]: any; id: string; email: string; role: string; }' is missing the following properties from type '{ id: number; role: string; email: string; password: string; username: string; isActive: boolean; createdAt?: Date | undefined; updatedAt?: Date | undefined; lastLogin?: Date | null | undefined; }': password, username, isActive
server/admin-routes.ts(296,40): error TS2345: Argument of type 'number' is not assignable to parameter of type 'string'.
server/admin-routes.ts(317,32): error TS2769: No overload matches this call.
  The last overload gave the following error.
    Argument of type '(req: AdminRequest, res: Response<any, Record<string, any>>, next: NextFunction) => Promise<Response<any, Record<string, any>> | undefined>' is not assignable to parameter of type 'RequestHandlerParams<ParamsDictionary, any, any, ParsedQs, Record<string, any>>'.
      Type '(req: AdminRequest, res: Response<any, Record<string, any>>, next: NextFunction) => Promise<Response<any, Record<string, any>> | undefined>' is not assignable to type 'RequestHandler<ParamsDictionary, any, any, ParsedQs, Record<string, any>>'.
        Types of parameters 'req' and 'req' are incompatible.
          Type 'Request<ParamsDictionary, any, any, ParsedQs, Record<string, any>>' is not assignable to type 'AdminRequest'.
            Types of property 'admin' are incompatible.
              Type '{ [key: string]: any; id: string; email: string; role: string; } | undefined' is not assignable to type '{ id: number; role: string; email: string; password: string; username: string; isActive: boolean; createdAt?: Date | undefined; updatedAt?: Date | undefined; lastLogin?: Date | null | undefined; } | undefined'.
                Type '{ [key: string]: any; id: string; email: string; role: string; }' is missing the following properties from type '{ id: number; role: string; email: string; password: string; username: string; isActive: boolean; createdAt?: Date | undefined; updatedAt?: Date | undefined; lastLogin?: Date | null | undefined; }': password, username, isActive
server/admin-routes.ts(327,33): error TS2769: No overload matches this call.
  The last overload gave the following error.
    Argument of type '(req: AdminRequest, res: Response<any, Record<string, any>>, next: NextFunction) => Promise<Response<any, Record<string, any>> | undefined>' is not assignable to parameter of type 'RequestHandlerParams<ParamsDictionary, any, any, ParsedQs, Record<string, any>>'.
      Type '(req: AdminRequest, res: Response<any, Record<string, any>>, next: NextFunction) => Promise<Response<any, Record<string, any>> | undefined>' is not assignable to type 'RequestHandler<ParamsDictionary, any, any, ParsedQs, Record<string, any>>'.
        Types of parameters 'req' and 'req' are incompatible.
          Type 'Request<ParamsDictionary, any, any, ParsedQs, Record<string, any>>' is not assignable to type 'AdminRequest'.
            Types of property 'admin' are incompatible.
              Type '{ [key: string]: any; id: string; email: string; role: string; } | undefined' is not assignable to type '{ id: number; role: string; email: string; password: string; username: string; isActive: boolean; createdAt?: Date | undefined; updatedAt?: Date | undefined; lastLogin?: Date | null | undefined; } | undefined'.
                Type '{ [key: string]: any; id: string; email: string; role: string; }' is missing the following properties from type '{ id: number; role: string; email: string; password: string; username: string; isActive: boolean; createdAt?: Date | undefined; updatedAt?: Date | undefined; lastLogin?: Date | null | undefined; }': password, username, isActive
server/admin-routes.ts(330,47): error TS2345: Argument of type '{ title: string; content: string; type?: string | undefined; isActive?: boolean | undefined; startDate?: Date | undefined; endDate?: Date | undefined; buttonText?: string | undefined; buttonLink?: string | undefined; targetPages?: string[] | undefined; frequency?: string | undefined; }' is not assignable to parameter of type 'InsertPopup'.
  Types of property 'type' are incompatible.
    Type 'string | undefined' is not assignable to type 'string'.
      Type 'undefined' is not assignable to type 'string'.
server/admin-routes.ts(353,38): error TS2769: No overload matches this call.
  The last overload gave the following error.
    Argument of type '(req: AdminRequest, res: Response<any, Record<string, any>>, next: NextFunction) => Promise<Response<any, Record<string, any>> | undefined>' is not assignable to parameter of type 'RequestHandlerParams<ParamsDictionary, any, any, ParsedQs, Record<string, any>>'.
      Type '(req: AdminRequest, res: Response<any, Record<string, any>>, next: NextFunction) => Promise<Response<any, Record<string, any>> | undefined>' is not assignable to type 'RequestHandler<ParamsDictionary, any, any, ParsedQs, Record<string, any>>'.
        Types of parameters 'req' and 'req' are incompatible.
          Type 'Request<ParamsDictionary, any, any, ParsedQs, Record<string, any>>' is not assignable to type 'AdminRequest'.
            Types of property 'admin' are incompatible.
              Type '{ [key: string]: any; id: string; email: string; role: string; } | undefined' is not assignable to type '{ id: number; role: string; email: string; password: string; username: string; isActive: boolean; createdAt?: Date | undefined; updatedAt?: Date | undefined; lastLogin?: Date | null | undefined; } | undefined'.
                Type '{ [key: string]: any; id: string; email: string; role: string; }' is missing the following properties from type '{ id: number; role: string; email: string; password: string; username: string; isActive: boolean; createdAt?: Date | undefined; updatedAt?: Date | undefined; lastLogin?: Date | null | undefined; }': password, username, isActive
server/admin-routes.ts(358,47): error TS2345: Argument of type 'number' is not assignable to parameter of type 'string'.
server/admin-routes.ts(359,47): error TS2345: Argument of type 'number' is not assignable to parameter of type 'string'.
server/admin-routes.ts(379,39): error TS2769: No overload matches this call.
  The last overload gave the following error.
    Argument of type '(req: AdminRequest, res: Response<any, Record<string, any>>, next: NextFunction) => Promise<Response<any, Record<string, any>> | undefined>' is not assignable to parameter of type 'RequestHandlerParams<ParamsDictionary, any, any, ParsedQs, Record<string, any>>'.
      Type '(req: AdminRequest, res: Response<any, Record<string, any>>, next: NextFunction) => Promise<Response<any, Record<string, any>> | undefined>' is not assignable to type 'RequestHandler<ParamsDictionary, any, any, ParsedQs, Record<string, any>>'.
        Types of parameters 'req' and 'req' are incompatible.
          Type 'Request<ParamsDictionary, any, any, ParsedQs, Record<string, any>>' is not assignable to type 'AdminRequest'.
            Types of property 'admin' are incompatible.
              Type '{ [key: string]: any; id: string; email: string; role: string; } | undefined' is not assignable to type '{ id: number; role: string; email: string; password: string; username: string; isActive: boolean; createdAt?: Date | undefined; updatedAt?: Date | undefined; lastLogin?: Date | null | undefined; } | undefined'.
                Type '{ [key: string]: any; id: string; email: string; role: string; }' is missing the following properties from type '{ id: number; role: string; email: string; password: string; username: string; isActive: boolean; createdAt?: Date | undefined; updatedAt?: Date | undefined; lastLogin?: Date | null | undefined; }': password, username, isActive
server/admin-routes.ts(382,33): error TS2345: Argument of type 'number' is not assignable to parameter of type 'string'.
server/admin-routes.ts(403,34): error TS2769: No overload matches this call.
  The last overload gave the following error.
    Argument of type '(req: AdminRequest, res: Response<any, Record<string, any>>, next: NextFunction) => Promise<Response<any, Record<string, any>> | undefined>' is not assignable to parameter of type 'RequestHandlerParams<ParamsDictionary, any, any, ParsedQs, Record<string, any>>'.
      Type '(req: AdminRequest, res: Response<any, Record<string, any>>, next: NextFunction) => Promise<Response<any, Record<string, any>> | undefined>' is not assignable to type 'RequestHandler<ParamsDictionary, any, any, ParsedQs, Record<string, any>>'.
        Types of parameters 'req' and 'req' are incompatible.
          Type 'Request<ParamsDictionary, any, any, ParsedQs, Record<string, any>>' is not assignable to type 'AdminRequest'.
            Types of property 'admin' are incompatible.
              Type '{ [key: string]: any; id: string; email: string; role: string; } | undefined' is not assignable to type '{ id: number; role: string; email: string; password: string; username: string; isActive: boolean; createdAt?: Date | undefined; updatedAt?: Date | undefined; lastLogin?: Date | null | undefined; } | undefined'.
                Type '{ [key: string]: any; id: string; email: string; role: string; }' is missing the following properties from type '{ id: number; role: string; email: string; password: string; username: string; isActive: boolean; createdAt?: Date | undefined; updatedAt?: Date | undefined; lastLogin?: Date | null | undefined; }': password, username, isActive
server/admin-routes.ts(410,38): error TS2339: Property 'getAllWaitlistUsers' does not exist on type 'MongoStorage | MemStorage'.
  Property 'getAllWaitlistUsers' does not exist on type 'MemStorage'.
server/admin-routes.ts(416,41): error TS7006: Parameter 'user' implicitly has an 'any' type.
server/admin-routes.ts(425,46): error TS7006: Parameter 'user' implicitly has an 'any' type.
server/admin-routes.ts(447,58): error TS2769: No overload matches this call.
  The last overload gave the following error.
    Argument of type '(req: AdminRequest, res: Response<any, Record<string, any>>, next: NextFunction) => Promise<Response<any, Record<string, any>> | undefined>' is not assignable to parameter of type 'RequestHandlerParams<ParamsDictionary, any, any, ParsedQs, Record<string, any>>'.
      Type '(req: AdminRequest, res: Response<any, Record<string, any>>, next: NextFunction) => Promise<Response<any, Record<string, any>> | undefined>' is not assignable to type 'RequestHandler<ParamsDictionary, any, any, ParsedQs, Record<string, any>>'.
        Types of parameters 'req' and 'req' are incompatible.
          Type 'Request<ParamsDictionary, any, any, ParsedQs, Record<string, any>>' is not assignable to type 'AdminRequest'.
            Types of property 'admin' are incompatible.
              Type '{ [key: string]: any; id: string; email: string; role: string; } | undefined' is not assignable to type '{ id: number; role: string; email: string; password: string; username: string; isActive: boolean; createdAt?: Date | undefined; updatedAt?: Date | undefined; lastLogin?: Date | null | undefined; } | undefined'.
                Type '{ [key: string]: any; id: string; email: string; role: string; }' is missing the following properties from type '{ id: number; role: string; email: string; password: string; username: string; isActive: boolean; createdAt?: Date | undefined; updatedAt?: Date | undefined; lastLogin?: Date | null | undefined; }': password, username, isActive
server/admin-routes.ts(451,41): error TS2339: Property 'updateWaitlistUser' does not exist on type 'MongoStorage | MemStorage'.
  Property 'updateWaitlistUser' does not exist on type 'MemStorage'.
server/admin-routes.ts(475,38): error TS2769: No overload matches this call.
  The last overload gave the following error.
    Argument of type '(req: AdminRequest, res: Response<any, Record<string, any>>, next: NextFunction) => Promise<Response<any, Record<string, any>> | undefined>' is not assignable to parameter of type 'RequestHandlerParams<ParamsDictionary, any, any, ParsedQs, Record<string, any>>'.
      Type '(req: AdminRequest, res: Response<any, Record<string, any>>, next: NextFunction) => Promise<Response<any, Record<string, any>> | undefined>' is not assignable to type 'RequestHandler<ParamsDictionary, any, any, ParsedQs, Record<string, any>>'.
        Types of parameters 'req' and 'req' are incompatible.
          Type 'Request<ParamsDictionary, any, any, ParsedQs, Record<string, any>>' is not assignable to type 'AdminRequest'.
            Types of property 'admin' are incompatible.
              Type '{ [key: string]: any; id: string; email: string; role: string; } | undefined' is not assignable to type '{ id: number; role: string; email: string; password: string; username: string; isActive: boolean; createdAt?: Date | undefined; updatedAt?: Date | undefined; lastLogin?: Date | null | undefined; } | undefined'.
                Type '{ [key: string]: any; id: string; email: string; role: string; }' is missing the following properties from type '{ id: number; role: string; email: string; password: string; username: string; isActive: boolean; createdAt?: Date | undefined; updatedAt?: Date | undefined; lastLogin?: Date | null | undefined; }': password, username, isActive
server/admin-routes.ts(484,34): error TS2339: Property 'getWaitlistUser' does not exist on type 'MongoStorage | MemStorage'.
  Property 'getWaitlistUser' does not exist on type 'MemStorage'.
server/admin-routes.ts(498,47): error TS2769: No overload matches this call.
  The last overload gave the following error.
    Argument of type '(req: AdminRequest, res: Response<any, Record<string, any>>, next: NextFunction) => Promise<Response<any, Record<string, any>> | undefined>' is not assignable to parameter of type 'RequestHandlerParams<ParamsDictionary, any, any, ParsedQs, Record<string, any>>'.
      Type '(req: AdminRequest, res: Response<any, Record<string, any>>, next: NextFunction) => Promise<Response<any, Record<string, any>> | undefined>' is not assignable to type 'RequestHandler<ParamsDictionary, any, any, ParsedQs, Record<string, any>>'.
        Types of parameters 'req' and 'req' are incompatible.
          Type 'Request<ParamsDictionary, any, any, ParsedQs, Record<string, any>>' is not assignable to type 'AdminRequest'.
            Types of property 'admin' are incompatible.
              Type '{ [key: string]: any; id: string; email: string; role: string; } | undefined' is not assignable to type '{ id: number; role: string; email: string; password: string; username: string; isActive: boolean; createdAt?: Date | undefined; updatedAt?: Date | undefined; lastLogin?: Date | null | undefined; } | undefined'.
                Type '{ [key: string]: any; id: string; email: string; role: string; }' is missing the following properties from type '{ id: number; role: string; email: string; password: string; username: string; isActive: boolean; createdAt?: Date | undefined; updatedAt?: Date | undefined; lastLogin?: Date | null | undefined; }': password, username, isActive
server/admin-routes.ts(502,41): error TS2339: Property 'updateWaitlistUser' does not exist on type 'MongoStorage | MemStorage'.
  Property 'updateWaitlistUser' does not exist on type 'MemStorage'.
server/admin-routes.ts(526,46): error TS2769: No overload matches this call.
  The last overload gave the following error.
    Argument of type '(req: AdminRequest, res: Response<any, Record<string, any>>, next: NextFunction) => Promise<Response<any, Record<string, any>> | undefined>' is not assignable to parameter of type 'RequestHandlerParams<ParamsDictionary, any, any, ParsedQs, Record<string, any>>'.
      Type '(req: AdminRequest, res: Response<any, Record<string, any>>, next: NextFunction) => Promise<Response<any, Record<string, any>> | undefined>' is not assignable to type 'RequestHandler<ParamsDictionary, any, any, ParsedQs, Record<string, any>>'.
        Types of parameters 'req' and 'req' are incompatible.
          Type 'Request<ParamsDictionary, any, any, ParsedQs, Record<string, any>>' is not assignable to type 'AdminRequest'.
            Types of property 'admin' are incompatible.
              Type '{ [key: string]: any; id: string; email: string; role: string; } | undefined' is not assignable to type '{ id: number; role: string; email: string; password: string; username: string; isActive: boolean; createdAt?: Date | undefined; updatedAt?: Date | undefined; lastLogin?: Date | null | undefined; } | undefined'.
                Type '{ [key: string]: any; id: string; email: string; role: string; }' is missing the following properties from type '{ id: number; role: string; email: string; password: string; username: string; isActive: boolean; createdAt?: Date | undefined; updatedAt?: Date | undefined; lastLogin?: Date | null | undefined; }': password, username, isActive
server/admin-routes.ts(531,41): error TS2339: Property 'updateWaitlistUser' does not exist on type 'MongoStorage | MemStorage'.
  Property 'updateWaitlistUser' does not exist on type 'MemStorage'.
server/admin-routes.ts(534,28): error TS2339: Property 'getWaitlistUser' does not exist on type 'MongoStorage | MemStorage'.
  Property 'getWaitlistUser' does not exist on type 'MemStorage'.
server/admin-routes.ts(534,53): error TS7006: Parameter 'u' implicitly has an 'any' type.
server/admin-routes.ts(559,43): error TS2769: No overload matches this call.
  The last overload gave the following error.
    Argument of type '(req: AdminRequest, res: Response<any, Record<string, any>>, next: NextFunction) => Promise<Response<any, Record<string, any>> | undefined>' is not assignable to parameter of type 'RequestHandlerParams<ParamsDictionary, any, any, ParsedQs, Record<string, any>>'.
      Type '(req: AdminRequest, res: Response<any, Record<string, any>>, next: NextFunction) => Promise<Response<any, Record<string, any>> | undefined>' is not assignable to type 'RequestHandler<ParamsDictionary, any, any, ParsedQs, Record<string, any>>'.
        Types of parameters 'req' and 'req' are incompatible.
          Type 'Request<ParamsDictionary, any, any, ParsedQs, Record<string, any>>' is not assignable to type 'AdminRequest'.
            Types of property 'admin' are incompatible.
              Type '{ [key: string]: any; id: string; email: string; role: string; } | undefined' is not assignable to type '{ id: number; role: string; email: string; password: string; username: string; isActive: boolean; createdAt?: Date | undefined; updatedAt?: Date | undefined; lastLogin?: Date | null | undefined; } | undefined'.
                Type '{ [key: string]: any; id: string; email: string; role: string; }' is missing the following properties from type '{ id: number; role: string; email: string; password: string; username: string; isActive: boolean; createdAt?: Date | undefined; updatedAt?: Date | undefined; lastLogin?: Date | null | undefined; }': password, username, isActive
server/admin-routes.ts(564,41): error TS2339: Property 'updateWaitlistUser' does not exist on type 'MongoStorage | MemStorage'.
  Property 'updateWaitlistUser' does not exist on type 'MemStorage'.
server/admin-routes.ts(567,28): error TS2339: Property 'getWaitlistUser' does not exist on type 'MongoStorage | MemStorage'.
  Property 'getWaitlistUser' does not exist on type 'MemStorage'.
server/admin-routes.ts(567,53): error TS7006: Parameter 'u' implicitly has an 'any' type.
server/admin-routes.ts(593,46): error TS2769: No overload matches this call.
  The last overload gave the following error.
    Argument of type '(req: AdminRequest, res: Response<any, Record<string, any>>, next: NextFunction) => Promise<Response<any, Record<string, any>> | undefined>' is not assignable to parameter of type 'RequestHandlerParams<ParamsDictionary, any, any, ParsedQs, Record<string, any>>'.
      Type '(req: AdminRequest, res: Response<any, Record<string, any>>, next: NextFunction) => Promise<Response<any, Record<string, any>> | undefined>' is not assignable to type 'RequestHandler<ParamsDictionary, any, any, ParsedQs, Record<string, any>>'.
        Types of parameters 'req' and 'req' are incompatible.
          Type 'Request<ParamsDictionary, any, any, ParsedQs, Record<string, any>>' is not assignable to type 'AdminRequest'.
            Types of property 'admin' are incompatible.
              Type '{ [key: string]: any; id: string; email: string; role: string; } | undefined' is not assignable to type '{ id: number; role: string; email: string; password: string; username: string; isActive: boolean; createdAt?: Date | undefined; updatedAt?: Date | undefined; lastLogin?: Date | null | undefined; } | undefined'.
                Type '{ [key: string]: any; id: string; email: string; role: string; }' is missing the following properties from type '{ id: number; role: string; email: string; password: string; username: string; isActive: boolean; createdAt?: Date | undefined; updatedAt?: Date | undefined; lastLogin?: Date | null | undefined; }': password, username, isActive
server/admin-routes.ts(598,42): error TS2339: Property 'getWaitlistUser' does not exist on type 'MongoStorage | MemStorage'.
  Property 'getWaitlistUser' does not exist on type 'MemStorage'.
server/admin-routes.ts(604,21): error TS2339: Property 'deleteWaitlistUser' does not exist on type 'MongoStorage | MemStorage'.
  Property 'deleteWaitlistUser' does not exist on type 'MemStorage'.
server/admin-routes.ts(625,40): error TS2769: No overload matches this call.
  The last overload gave the following error.
    Argument of type '(req: AdminRequest, res: Response<any, Record<string, any>>, next: NextFunction) => Promise<Response<any, Record<string, any>> | undefined>' is not assignable to parameter of type 'RequestHandlerParams<ParamsDictionary, any, any, ParsedQs, Record<string, any>>'.
      Type '(req: AdminRequest, res: Response<any, Record<string, any>>, next: NextFunction) => Promise<Response<any, Record<string, any>> | undefined>' is not assignable to type 'RequestHandler<ParamsDictionary, any, any, ParsedQs, Record<string, any>>'.
        Types of parameters 'req' and 'req' are incompatible.
          Type 'Request<ParamsDictionary, any, any, ParsedQs, Record<string, any>>' is not assignable to type 'AdminRequest'.
            Types of property 'admin' are incompatible.
              Type '{ [key: string]: any; id: string; email: string; role: string; } | undefined' is not assignable to type '{ id: number; role: string; email: string; password: string; username: string; isActive: boolean; createdAt?: Date | undefined; updatedAt?: Date | undefined; lastLogin?: Date | null | undefined; } | undefined'.
                Type '{ [key: string]: any; id: string; email: string; role: string; }' is missing the following properties from type '{ id: number; role: string; email: string; password: string; username: string; isActive: boolean; createdAt?: Date | undefined; updatedAt?: Date | undefined; lastLogin?: Date | null | undefined; }': password, username, isActive
server/admin-routes.ts(628,35): error TS2339: Property 'getWaitlistStats' does not exist on type 'MongoStorage | MemStorage'.
  Property 'getWaitlistStats' does not exist on type 'MemStorage'.
server/admin-routes.ts(638,34): error TS2769: No overload matches this call.
  The last overload gave the following error.
    Argument of type '(req: AdminRequest, res: Response<any, Record<string, any>>, next: NextFunction) => Promise<Response<any, Record<string, any>> | undefined>' is not assignable to parameter of type 'RequestHandlerParams<ParamsDictionary, any, any, ParsedQs, Record<string, any>>'.
      Type '(req: AdminRequest, res: Response<any, Record<string, any>>, next: NextFunction) => Promise<Response<any, Record<string, any>> | undefined>' is not assignable to type 'RequestHandler<ParamsDictionary, any, any, ParsedQs, Record<string, any>>'.
        Types of parameters 'req' and 'req' are incompatible.
          Type 'Request<ParamsDictionary, any, any, ParsedQs, Record<string, any>>' is not assignable to type 'AdminRequest'.
            Types of property 'admin' are incompatible.
              Type '{ [key: string]: any; id: string; email: string; role: string; } | undefined' is not assignable to type '{ id: number; role: string; email: string; password: string; username: string; isActive: boolean; createdAt?: Date | undefined; updatedAt?: Date | undefined; lastLogin?: Date | null | undefined; } | undefined'.
                Type '{ [key: string]: any; id: string; email: string; role: string; }' is missing the following properties from type '{ id: number; role: string; email: string; password: string; username: string; isActive: boolean; createdAt?: Date | undefined; updatedAt?: Date | undefined; lastLogin?: Date | null | undefined; }': password, username, isActive
server/admin-routes.ts(648,35): error TS2769: No overload matches this call.
  The last overload gave the following error.
    Argument of type '(req: AdminRequest, res: Response<any, Record<string, any>>, next: NextFunction) => Promise<Response<any, Record<string, any>> | undefined>' is not assignable to parameter of type 'RequestHandlerParams<ParamsDictionary, any, any, ParsedQs, Record<string, any>>'.
      Type '(req: AdminRequest, res: Response<any, Record<string, any>>, next: NextFunction) => Promise<Response<any, Record<string, any>> | undefined>' is not assignable to type 'RequestHandler<ParamsDictionary, any, any, ParsedQs, Record<string, any>>'.
        Types of parameters 'req' and 'req' are incompatible.
          Type 'Request<ParamsDictionary, any, any, ParsedQs, Record<string, any>>' is not assignable to type 'AdminRequest'.
            Types of property 'admin' are incompatible.
              Type '{ [key: string]: any; id: string; email: string; role: string; } | undefined' is not assignable to type '{ id: number; role: string; email: string; password: string; username: string; isActive: boolean; createdAt?: Date | undefined; updatedAt?: Date | undefined; lastLogin?: Date | null | undefined; } | undefined'.
                Type '{ [key: string]: any; id: string; email: string; role: string; }' is missing the following properties from type '{ id: number; role: string; email: string; password: string; username: string; isActive: boolean; createdAt?: Date | undefined; updatedAt?: Date | undefined; lastLogin?: Date | null | undefined; }': password, username, isActive
server/admin-routes.ts(655,54): error TS2345: Argument of type '{ value: string; key: string; type?: string | undefined; description?: string | undefined; category?: string | undefined; isPublic?: boolean | undefined; updatedBy?: number | undefined; }' is not assignable to parameter of type 'InsertAppSetting'.
  Types of property 'category' are incompatible.
    Type 'string | undefined' is not assignable to type 'string'.
      Type 'undefined' is not assignable to type 'string'.
server/admin-routes.ts(678,41): error TS2769: No overload matches this call.
  The last overload gave the following error.
    Argument of type '(req: AdminRequest, res: Response<any, Record<string, any>>, next: NextFunction) => Promise<Response<any, Record<string, any>> | undefined>' is not assignable to parameter of type 'RequestHandlerParams<ParamsDictionary, any, any, ParsedQs, Record<string, any>>'.
      Type '(req: AdminRequest, res: Response<any, Record<string, any>>, next: NextFunction) => Promise<Response<any, Record<string, any>> | undefined>' is not assignable to type 'RequestHandler<ParamsDictionary, any, any, ParsedQs, Record<string, any>>'.
        Types of parameters 'req' and 'req' are incompatible.
          Type 'Request<ParamsDictionary, any, any, ParsedQs, Record<string, any>>' is not assignable to type 'AdminRequest'.
            Types of property 'admin' are incompatible.
              Type '{ [key: string]: any; id: string; email: string; role: string; } | undefined' is not assignable to type '{ id: number; role: string; email: string; password: string; username: string; isActive: boolean; createdAt?: Date | undefined; updatedAt?: Date | undefined; lastLogin?: Date | null | undefined; } | undefined'.
                Type '{ [key: string]: any; id: string; email: string; role: string; }' is missing the following properties from type '{ id: number; role: string; email: string; password: string; username: string; isActive: boolean; createdAt?: Date | undefined; updatedAt?: Date | undefined; lastLogin?: Date | null | undefined; }': password, username, isActive
server/admin-routes.ts(684,66): error TS2345: Argument of type 'number' is not assignable to parameter of type 'string'.
server/admin-routes.ts(704,42): error TS2769: No overload matches this call.
  The last overload gave the following error.
    Argument of type '(req: AdminRequest, res: Response<any, Record<string, any>>, next: NextFunction) => Promise<Response<any, Record<string, any>> | undefined>' is not assignable to parameter of type 'RequestHandlerParams<ParamsDictionary, any, any, ParsedQs, Record<string, any>>'.
      Type '(req: AdminRequest, res: Response<any, Record<string, any>>, next: NextFunction) => Promise<Response<any, Record<string, any>> | undefined>' is not assignable to type 'RequestHandler<ParamsDictionary, any, any, ParsedQs, Record<string, any>>'.
        Types of parameters 'req' and 'req' are incompatible.
          Type 'Request<ParamsDictionary, any, any, ParsedQs, Record<string, any>>' is not assignable to type 'AdminRequest'.
            Types of property 'admin' are incompatible.
              Type '{ [key: string]: any; id: string; email: string; role: string; } | undefined' is not assignable to type '{ id: number; role: string; email: string; password: string; username: string; isActive: boolean; createdAt?: Date | undefined; updatedAt?: Date | undefined; lastLogin?: Date | null | undefined; } | undefined'.
                Type '{ [key: string]: any; id: string; email: string; role: string; }' is missing the following properties from type '{ id: number; role: string; email: string; password: string; username: string; isActive: boolean; createdAt?: Date | undefined; updatedAt?: Date | undefined; lastLogin?: Date | null | undefined; }': password, username, isActive
server/admin-routes.ts(728,34): error TS2769: No overload matches this call.
  The last overload gave the following error.
    Argument of type '(req: AdminRequest, res: Response<any, Record<string, any>>, next: NextFunction) => Promise<Response<any, Record<string, any>> | undefined>' is not assignable to parameter of type 'RequestHandlerParams<ParamsDictionary, any, any, ParsedQs, Record<string, any>>'.
      Type '(req: AdminRequest, res: Response<any, Record<string, any>>, next: NextFunction) => Promise<Response<any, Record<string, any>> | undefined>' is not assignable to type 'RequestHandler<ParamsDictionary, any, any, ParsedQs, Record<string, any>>'.
        Types of parameters 'req' and 'req' are incompatible.
          Type 'Request<ParamsDictionary, any, any, ParsedQs, Record<string, any>>' is not assignable to type 'AdminRequest'.
            Types of property 'admin' are incompatible.
              Type '{ [key: string]: any; id: string; email: string; role: string; } | undefined' is not assignable to type '{ id: number; role: string; email: string; password: string; username: string; isActive: boolean; createdAt?: Date | undefined; updatedAt?: Date | undefined; lastLogin?: Date | null | undefined; } | undefined'.
                Type '{ [key: string]: any; id: string; email: string; role: string; }' is missing the following properties from type '{ id: number; role: string; email: string; password: string; username: string; isActive: boolean; createdAt?: Date | undefined; updatedAt?: Date | undefined; lastLogin?: Date | null | undefined; }': password, username, isActive
server/admin-routes.ts(739,40): error TS2769: No overload matches this call.
  The last overload gave the following error.
    Argument of type '(req: AdminRequest, res: Response<any, Record<string, any>>, next: NextFunction) => Promise<Response<any, Record<string, any>> | undefined>' is not assignable to parameter of type 'RequestHandlerParams<ParamsDictionary, any, any, ParsedQs, Record<string, any>>'.
      Type '(req: AdminRequest, res: Response<any, Record<string, any>>, next: NextFunction) => Promise<Response<any, Record<string, any>> | undefined>' is not assignable to type 'RequestHandler<ParamsDictionary, any, any, ParsedQs, Record<string, any>>'.
        Types of parameters 'req' and 'req' are incompatible.
          Type 'Request<ParamsDictionary, any, any, ParsedQs, Record<string, any>>' is not assignable to type 'AdminRequest'.
            Types of property 'admin' are incompatible.
              Type '{ [key: string]: any; id: string; email: string; role: string; } | undefined' is not assignable to type '{ id: number; role: string; email: string; password: string; username: string; isActive: boolean; createdAt?: Date | undefined; updatedAt?: Date | undefined; lastLogin?: Date | null | undefined; } | undefined'.
                Type '{ [key: string]: any; id: string; email: string; role: string; }' is missing the following properties from type '{ id: number; role: string; email: string; password: string; username: string; isActive: boolean; createdAt?: Date | undefined; updatedAt?: Date | undefined; lastLogin?: Date | null | undefined; }': password, username, isActive
server/admin-routes.ts(744,60): error TS2345: Argument of type 'number' is not assignable to parameter of type 'string'.
server/admin-routes.ts(768,36): error TS2769: No overload matches this call.
  The last overload gave the following error.
    Argument of type '(req: AdminRequest, res: Response<any, Record<string, any>>, next: NextFunction) => Promise<Response<any, Record<string, any>> | undefined>' is not assignable to parameter of type 'RequestHandlerParams<ParamsDictionary, any, any, ParsedQs, Record<string, any>>'.
      Type '(req: AdminRequest, res: Response<any, Record<string, any>>, next: NextFunction) => Promise<Response<any, Record<string, any>> | undefined>' is not assignable to type 'RequestHandler<ParamsDictionary, any, any, ParsedQs, Record<string, any>>'.
        Types of parameters 'req' and 'req' are incompatible.
          Type 'Request<ParamsDictionary, any, any, ParsedQs, Record<string, any>>' is not assignable to type 'AdminRequest'.
            Types of property 'admin' are incompatible.
              Type '{ [key: string]: any; id: string; email: string; role: string; } | undefined' is not assignable to type '{ id: number; role: string; email: string; password: string; username: string; isActive: boolean; createdAt?: Date | undefined; updatedAt?: Date | undefined; lastLogin?: Date | null | undefined; } | undefined'.
                Type '{ [key: string]: any; id: string; email: string; role: string; }' is missing the following properties from type '{ id: number; role: string; email: string; password: string; username: string; isActive: boolean; createdAt?: Date | undefined; updatedAt?: Date | undefined; lastLogin?: Date | null | undefined; }': password, username, isActive
server/admin-routes.ts(773,9): error TS2345: Argument of type 'number | undefined' is not assignable to parameter of type 'string | undefined'.
  Type 'number' is not assignable to type 'string'.
server/admin-routes.ts(783,32): error TS2769: No overload matches this call.
  The last overload gave the following error.
    Argument of type '(req: AdminRequest, res: Response<any, Record<string, any>>, next: NextFunction) => Promise<Response<any, Record<string, any>> | undefined>' is not assignable to parameter of type 'RequestHandlerParams<ParamsDictionary, any, any, ParsedQs, Record<string, any>>'.
      Type '(req: AdminRequest, res: Response<any, Record<string, any>>, next: NextFunction) => Promise<Response<any, Record<string, any>> | undefined>' is not assignable to type 'RequestHandler<ParamsDictionary, any, any, ParsedQs, Record<string, any>>'.
        Types of parameters 'req' and 'req' are incompatible.
          Type 'Request<ParamsDictionary, any, any, ParsedQs, Record<string, any>>' is not assignable to type 'AdminRequest'.
            Types of property 'admin' are incompatible.
              Type '{ [key: string]: any; id: string; email: string; role: string; } | undefined' is not assignable to type '{ id: number; role: string; email: string; password: string; username: string; isActive: boolean; createdAt?: Date | undefined; updatedAt?: Date | undefined; lastLogin?: Date | null | undefined; } | undefined'.
                Type '{ [key: string]: any; id: string; email: string; role: string; }' is missing the following properties from type '{ id: number; role: string; email: string; password: string; username: string; isActive: boolean; createdAt?: Date | undefined; updatedAt?: Date | undefined; lastLogin?: Date | null | undefined; }': password, username, isActive
server/admin-routes.ts(795,33): error TS2769: No overload matches this call.
  The last overload gave the following error.
    Argument of type '(req: AdminRequest, res: Response<any, Record<string, any>>, next: NextFunction) => Promise<Response<any, Record<string, any>> | undefined>' is not assignable to parameter of type 'RequestHandlerParams<ParamsDictionary, any, any, ParsedQs, Record<string, any>>'.
      Type '(req: AdminRequest, res: Response<any, Record<string, any>>, next: NextFunction) => Promise<Response<any, Record<string, any>> | undefined>' is not assignable to type 'RequestHandler<ParamsDictionary, any, any, ParsedQs, Record<string, any>>'.
        Types of parameters 'req' and 'req' are incompatible.
          Type 'Request<ParamsDictionary, any, any, ParsedQs, Record<string, any>>' is not assignable to type 'AdminRequest'.
            Types of property 'admin' are incompatible.
              Type '{ [key: string]: any; id: string; email: string; role: string; } | undefined' is not assignable to type '{ id: number; role: string; email: string; password: string; username: string; isActive: boolean; createdAt?: Date | undefined; updatedAt?: Date | undefined; lastLogin?: Date | null | undefined; } | undefined'.
                Type '{ [key: string]: any; id: string; email: string; role: string; }' is missing the following properties from type '{ id: number; role: string; email: string; password: string; username: string; isActive: boolean; createdAt?: Date | undefined; updatedAt?: Date | undefined; lastLogin?: Date | null | undefined; }': password, username, isActive
server/admin-routes.ts(828,38): error TS2769: No overload matches this call.
  The last overload gave the following error.
    Argument of type '(req: AdminRequest, res: Response<any, Record<string, any>>, next: NextFunction) => Promise<Response<any, Record<string, any>> | undefined>' is not assignable to parameter of type 'RequestHandlerParams<ParamsDictionary, any, any, ParsedQs, Record<string, any>>'.
      Type '(req: AdminRequest, res: Response<any, Record<string, any>>, next: NextFunction) => Promise<Response<any, Record<string, any>> | undefined>' is not assignable to type 'RequestHandler<ParamsDictionary, any, any, ParsedQs, Record<string, any>>'.
        Types of parameters 'req' and 'req' are incompatible.
          Type 'Request<ParamsDictionary, any, any, ParsedQs, Record<string, any>>' is not assignable to type 'AdminRequest'.
            Types of property 'admin' are incompatible.
              Type '{ [key: string]: any; id: string; email: string; role: string; } | undefined' is not assignable to type '{ id: number; role: string; email: string; password: string; username: string; isActive: boolean; createdAt?: Date | undefined; updatedAt?: Date | undefined; lastLogin?: Date | null | undefined; } | undefined'.
                Type '{ [key: string]: any; id: string; email: string; role: string; }' is missing the following properties from type '{ id: number; role: string; email: string; password: string; username: string; isActive: boolean; createdAt?: Date | undefined; updatedAt?: Date | undefined; lastLogin?: Date | null | undefined; }': password, username, isActive
server/admin-routes.ts(838,47): error TS2345: Argument of type 'number' is not assignable to parameter of type 'string'.
server/admin-routes.ts(839,47): error TS2345: Argument of type 'number' is not assignable to parameter of type 'string'.
server/admin-routes.ts(861,39): error TS2769: No overload matches this call.
  The last overload gave the following error.
    Argument of type '(req: AdminRequest, res: Response<any, Record<string, any>>, next: NextFunction) => Promise<Response<any, Record<string, any>> | undefined>' is not assignable to parameter of type 'RequestHandlerParams<ParamsDictionary, any, any, ParsedQs, Record<string, any>>'.
      Type '(req: AdminRequest, res: Response<any, Record<string, any>>, next: NextFunction) => Promise<Response<any, Record<string, any>> | undefined>' is not assignable to type 'RequestHandler<ParamsDictionary, any, any, ParsedQs, Record<string, any>>'.
        Types of parameters 'req' and 'req' are incompatible.
          Type 'Request<ParamsDictionary, any, any, ParsedQs, Record<string, any>>' is not assignable to type 'AdminRequest'.
            Types of property 'admin' are incompatible.
              Type '{ [key: string]: any; id: string; email: string; role: string; } | undefined' is not assignable to type '{ id: number; role: string; email: string; password: string; username: string; isActive: boolean; createdAt?: Date | undefined; updatedAt?: Date | undefined; lastLogin?: Date | null | undefined; } | undefined'.
                Type '{ [key: string]: any; id: string; email: string; role: string; }' is missing the following properties from type '{ id: number; role: string; email: string; password: string; username: string; isActive: boolean; createdAt?: Date | undefined; updatedAt?: Date | undefined; lastLogin?: Date | null | undefined; }': password, username, isActive
server/admin-routes.ts(870,33): error TS2345: Argument of type 'number' is not assignable to parameter of type 'string'.
server/advanced-thumbnail-generator.ts(72,35): error TS2551: Property 'createThumbnailProject' does not exist on type 'MongoStorage | MemStorage'. Did you mean 'createThumbnailExport'?
  Property 'createThumbnailProject' does not exist on type 'MongoStorage'.
server/advanced-thumbnail-generator.ts(95,35): error TS2339: Property 'getThumbnailProject' does not exist on type 'MongoStorage | MemStorage'.
  Property 'getThumbnailProject' does not exist on type 'MongoStorage'.
server/advanced-thumbnail-generator.ts(116,30): error TS2304: Cannot find name 'openai'.
server/advanced-thumbnail-generator.ts(126,21): error TS2551: Property 'createThumbnailStrategy' does not exist on type 'MongoStorage | MemStorage'. Did you mean 'createThumbnailVariant'?
  Property 'createThumbnailStrategy' does not exist on type 'MongoStorage'.
server/advanced-thumbnail-generator.ts(139,21): error TS2339: Property 'updateThumbnailProject' does not exist on type 'MongoStorage | MemStorage'.
  Property 'updateThumbnailProject' does not exist on type 'MongoStorage'.
server/advanced-thumbnail-generator.ts(149,21): error TS2339: Property 'updateThumbnailProject' does not exist on type 'MongoStorage | MemStorage'.
  Property 'updateThumbnailProject' does not exist on type 'MongoStorage'.
server/advanced-thumbnail-generator.ts(159,35): error TS2339: Property 'getThumbnailProject' does not exist on type 'MongoStorage | MemStorage'.
  Property 'getThumbnailProject' does not exist on type 'MongoStorage'.
server/advanced-thumbnail-generator.ts(160,36): error TS2339: Property 'getThumbnailStrategy' does not exist on type 'MongoStorage | MemStorage'.
  Property 'getThumbnailStrategy' does not exist on type 'MongoStorage'.
server/advanced-thumbnail-generator.ts(177,21): error TS2339: Property 'updateThumbnailProject' does not exist on type 'MongoStorage | MemStorage'.
  Property 'updateThumbnailProject' does not exist on type 'MongoStorage'.
server/advanced-thumbnail-generator.ts(203,35): error TS2339: Property 'getThumbnailProject' does not exist on type 'MongoStorage | MemStorage'.
  Property 'getThumbnailProject' does not exist on type 'MongoStorage'.
server/advanced-thumbnail-generator.ts(204,36): error TS2339: Property 'getThumbnailStrategy' does not exist on type 'MongoStorage | MemStorage'.
  Property 'getThumbnailStrategy' does not exist on type 'MongoStorage'.
server/advanced-thumbnail-generator.ts(218,21): error TS2339: Property 'updateThumbnailProject' does not exist on type 'MongoStorage | MemStorage'.
  Property 'updateThumbnailProject' does not exist on type 'MongoStorage'.
server/advanced-thumbnail-generator.ts(225,21): error TS2339: Property 'updateThumbnailProject' does not exist on type 'MongoStorage | MemStorage'.
  Property 'updateThumbnailProject' does not exist on type 'MongoStorage'.
server/advanced-thumbnail-generator.ts(236,19): error TS2339: Property 'updateThumbnailProject' does not exist on type 'MongoStorage | MemStorage'.
  Property 'updateThumbnailProject' does not exist on type 'MongoStorage'.
server/advanced-thumbnail-generator.ts(256,38): error TS2576: Property 'CANVAS_WIDTH' does not exist on type 'AdvancedThumbnailGenerator'. Did you mean to access the static member 'AdvancedThumbnailGenerator.CANVAS_WIDTH' instead?
server/advanced-thumbnail-generator.ts(256,57): error TS2576: Property 'CANVAS_HEIGHT' does not exist on type 'AdvancedThumbnailGenerator'. Did you mean to access the static member 'AdvancedThumbnailGenerator.CANVAS_HEIGHT' instead?
server/advanced-thumbnail-generator.ts(262,29): error TS2576: Property 'CANVAS_WIDTH' does not exist on type 'AdvancedThumbnailGenerator'. Did you mean to access the static member 'AdvancedThumbnailGenerator.CANVAS_WIDTH' instead?
server/advanced-thumbnail-generator.ts(262,48): error TS2576: Property 'CANVAS_HEIGHT' does not exist on type 'AdvancedThumbnailGenerator'. Did you mean to access the static member 'AdvancedThumbnailGenerator.CANVAS_HEIGHT' instead?
server/advanced-thumbnail-generator.ts(296,7): error TS2322: Type 'number' is not assignable to type 'string'.
server/advanced-thumbnail-generator.ts(304,31): error TS2576: Property 'CANVAS_WIDTH' does not exist on type 'AdvancedThumbnailGenerator'. Did you mean to access the static member 'AdvancedThumbnailGenerator.CANVAS_WIDTH' instead?
server/advanced-thumbnail-generator.ts(304,58): error TS2576: Property 'CANVAS_HEIGHT' does not exist on type 'AdvancedThumbnailGenerator'. Did you mean to access the static member 'AdvancedThumbnailGenerator.CANVAS_HEIGHT' instead?
server/advanced-thumbnail-generator.ts(326,58): error TS2576: Property 'CANVAS_WIDTH' does not exist on type 'AdvancedThumbnailGenerator'. Did you mean to access the static member 'AdvancedThumbnailGenerator.CANVAS_WIDTH' instead?
server/advanced-thumbnail-generator.ts(326,77): error TS2576: Property 'CANVAS_HEIGHT' does not exist on type 'AdvancedThumbnailGenerator'. Did you mean to access the static member 'AdvancedThumbnailGenerator.CANVAS_HEIGHT' instead?
server/advanced-thumbnail-generator.ts(330,29): error TS2576: Property 'CANVAS_WIDTH' does not exist on type 'AdvancedThumbnailGenerator'. Did you mean to access the static member 'AdvancedThumbnailGenerator.CANVAS_WIDTH' instead?
server/advanced-thumbnail-generator.ts(330,48): error TS2576: Property 'CANVAS_HEIGHT' does not exist on type 'AdvancedThumbnailGenerator'. Did you mean to access the static member 'AdvancedThumbnailGenerator.CANVAS_HEIGHT' instead?
server/advanced-thumbnail-generator.ts(378,29): error TS2576: Property 'CANVAS_WIDTH' does not exist on type 'AdvancedThumbnailGenerator'. Did you mean to access the static member 'AdvancedThumbnailGenerator.CANVAS_WIDTH' instead?
server/advanced-thumbnail-generator.ts(378,48): error TS2576: Property 'CANVAS_HEIGHT' does not exist on type 'AdvancedThumbnailGenerator'. Did you mean to access the static member 'AdvancedThumbnailGenerator.CANVAS_HEIGHT' instead?
server/advanced-thumbnail-generator.ts(420,29): error TS2576: Property 'CANVAS_WIDTH' does not exist on type 'AdvancedThumbnailGenerator'. Did you mean to access the static member 'AdvancedThumbnailGenerator.CANVAS_WIDTH' instead?
server/advanced-thumbnail-generator.ts(420,48): error TS2576: Property 'CANVAS_HEIGHT' does not exist on type 'AdvancedThumbnailGenerator'. Did you mean to access the static member 'AdvancedThumbnailGenerator.CANVAS_HEIGHT' instead?
server/advanced-thumbnail-generator.ts(467,34): error TS2576: Property 'CANVAS_HEIGHT' does not exist on type 'AdvancedThumbnailGenerator'. Did you mean to access the static member 'AdvancedThumbnailGenerator.CANVAS_HEIGHT' instead?
server/advanced-thumbnail-generator.ts(469,36): error TS2576: Property 'CANVAS_HEIGHT' does not exist on type 'AdvancedThumbnailGenerator'. Did you mean to access the static member 'AdvancedThumbnailGenerator.CANVAS_HEIGHT' instead?
server/advanced-thumbnail-generator.ts(489,26): error TS2576: Property 'CANVAS_HEIGHT' does not exist on type 'AdvancedThumbnailGenerator'. Did you mean to access the static member 'AdvancedThumbnailGenerator.CANVAS_HEIGHT' instead?
server/advanced-thumbnail-generator.ts(738,35): error TS2339: Property 'getThumbnailProject' does not exist on type 'MongoStorage | MemStorage'.
  Property 'getThumbnailProject' does not exist on type 'MongoStorage'.
server/advanced-thumbnail-generator.ts(741,36): error TS2339: Property 'getThumbnailStrategy' does not exist on type 'MongoStorage | MemStorage'.
  Property 'getThumbnailStrategy' does not exist on type 'MongoStorage'.
server/advanced-thumbnail-generator.ts(742,57): error TS2345: Argument of type 'number' is not assignable to parameter of type 'string'.
server/advanced-thumbnail-generator.ts(755,35): error TS2551: Property 'getThumbnailVariant' does not exist on type 'MongoStorage | MemStorage'. Did you mean 'getThumbnailVariants'?
  Property 'getThumbnailVariant' does not exist on type 'MemStorage'.
server/advanced-thumbnail-generator.ts(763,19): error TS2576: Property 'CANVAS_WIDTH' does not exist on type 'AdvancedThumbnailGenerator'. Did you mean to access the static member 'AdvancedThumbnailGenerator.CANVAS_WIDTH' instead?
server/advanced-thumbnail-generator.ts(764,20): error TS2576: Property 'CANVAS_HEIGHT' does not exist on type 'AdvancedThumbnailGenerator'. Did you mean to access the static member 'AdvancedThumbnailGenerator.CANVAS_HEIGHT' instead?
server/advanced-thumbnail-generator.ts(767,35): error TS2339: Property 'createCanvasEditorSession' does not exist on type 'MongoStorage | MemStorage'.
  Property 'createCanvasEditorSession' does not exist on type 'MemStorage'.
server/advanced-thumbnail-generator.ts(818,35): error TS2339: Property 'getCanvasEditorSession' does not exist on type 'MongoStorage | MemStorage'.
  Property 'getCanvasEditorSession' does not exist on type 'MemStorage'.
server/advanced-thumbnail-generator.ts(849,7): error TS2322: Type 'number' is not assignable to type 'string'.
server/affiliate-engine-ai.ts(148,28): error TS2304: Cannot find name 'openai'.
server/ai-growth-insights.ts(131,43): error TS2339: Property 'text' does not exist on type 'ContentBlock'.
  Property 'text' does not exist on type 'ToolUseBlock'.
server/ai-growth-insights.ts(423,46): error TS2339: Property 'text' does not exist on type 'ContentBlock'.
  Property 'text' does not exist on type 'ToolUseBlock'.
server/ai-growth-insights.ts(461,75): error TS2339: Property 'message' does not exist on type '{}'.
server/ai-growth-insights.ts(481,73): error TS2339: Property 'text' does not exist on type 'ContentBlock'.
  Property 'text' does not exist on type 'ToolUseBlock'.
server/ai-growth-insights.ts(681,43): error TS2339: Property 'text' does not exist on type 'ContentBlock'.
  Property 'text' does not exist on type 'ToolUseBlock'.
server/ai-response-generator.ts(64,41): error TS2345: Argument of type 'string | undefined' is not assignable to parameter of type 'string'.
  Type 'undefined' is not assignable to type 'string'.
server/ai-story-generator.ts(349,50): error TS2339: Property 'text' does not exist on type 'ContentBlock'.
  Property 'text' does not exist on type 'ToolUseBlock'.
server/analytics-service.ts(233,9): error TS7053: Element implicitly has an 'any' type because expression of type 'number' can't be used to index type '{ 0: { title: string; type: "seasonal"; description: string; hashtags: string[]; platforms: string[]; }; 1: { title: string; type: "trending"; description: string; hashtags: string[]; platforms: string[]; }; 2: { ...; }; 3: { ...; }; 4: { ...; }; 5: { ...; }; 6: { ...; }; }'.
  No index signature with a parameter of type 'number' was found on type '{ 0: { title: string; type: "seasonal"; description: string; hashtags: string[]; platforms: string[]; }; 1: { title: string; type: "trending"; description: string; hashtags: string[]; platforms: string[]; }; 2: { ...; }; 3: { ...; }; 4: { ...; }; 5: { ...; }; 6: { ...; }; }'.
server/analytics-service.ts(235,16): error TS7053: Element implicitly has an 'any' type because expression of type 'number' can't be used to index type '{ 0: { title: string; type: "seasonal"; description: string; hashtags: string[]; platforms: string[]; }; 1: { title: string; type: "trending"; description: string; hashtags: string[]; platforms: string[]; }; 2: { ...; }; 3: { ...; }; 4: { ...; }; 5: { ...; }; 6: { ...; }; }'.
  No index signature with a parameter of type 'number' was found on type '{ 0: { title: string; type: "seasonal"; description: string; hashtags: string[]; platforms: string[]; }; 1: { title: string; type: "trending"; description: string; hashtags: string[]; platforms: string[]; }; 2: { ...; }; 3: { ...; }; 4: { ...; }; 5: { ...; }; 6: { ...; }; }'.
server/analytics-service.ts(236,16): error TS7053: Element implicitly has an 'any' type because expression of type 'number' can't be used to index type '{ 0: { title: string; type: "seasonal"; description: string; hashtags: string[]; platforms: string[]; }; 1: { title: string; type: "trending"; description: string; hashtags: string[]; platforms: string[]; }; 2: { ...; }; 3: { ...; }; 4: { ...; }; 5: { ...; }; 6: { ...; }; }'.
  No index signature with a parameter of type 'number' was found on type '{ 0: { title: string; type: "seasonal"; description: string; hashtags: string[]; platforms: string[]; }; 1: { title: string; type: "trending"; description: string; hashtags: string[]; platforms: string[]; }; 2: { ...; }; 3: { ...; }; 4: { ...; }; 5: { ...; }; 6: { ...; }; }'.
server/analytics-service.ts(238,15): error TS7053: Element implicitly has an 'any' type because expression of type 'number' can't be used to index type '{ 0: { title: string; type: "seasonal"; description: string; hashtags: string[]; platforms: string[]; }; 1: { title: string; type: "trending"; description: string; hashtags: string[]; platforms: string[]; }; 2: { ...; }; 3: { ...; }; 4: { ...; }; 5: { ...; }; 6: { ...; }; }'.
  No index signature with a parameter of type 'number' was found on type '{ 0: { title: string; type: "seasonal"; description: string; hashtags: string[]; platforms: string[]; }; 1: { title: string; type: "trending"; description: string; hashtags: string[]; platforms: string[]; }; 2: { ...; }; 3: { ...; }; 4: { ...; }; 5: { ...; }; 6: { ...; }; }'.
server/analytics-service.ts(239,22): error TS7053: Element implicitly has an 'any' type because expression of type 'number' can't be used to index type '{ 0: { title: string; type: "seasonal"; description: string; hashtags: string[]; platforms: string[]; }; 1: { title: string; type: "trending"; description: string; hashtags: string[]; platforms: string[]; }; 2: { ...; }; 3: { ...; }; 4: { ...; }; 5: { ...; }; 6: { ...; }; }'.
  No index signature with a parameter of type 'number' was found on type '{ 0: { title: string; type: "seasonal"; description: string; hashtags: string[]; platforms: string[]; }; 1: { title: string; type: "trending"; description: string; hashtags: string[]; platforms: string[]; }; 2: { ...; }; 3: { ...; }; 4: { ...; }; 5: { ...; }; 6: { ...; }; }'.
server/analytics-service.ts(240,19): error TS7053: Element implicitly has an 'any' type because expression of type 'number' can't be used to index type '{ 0: { title: string; type: "seasonal"; description: string; hashtags: string[]; platforms: string[]; }; 1: { title: string; type: "trending"; description: string; hashtags: string[]; platforms: string[]; }; 2: { ...; }; 3: { ...; }; 4: { ...; }; 5: { ...; }; 6: { ...; }; }'.
  No index signature with a parameter of type 'number' was found on type '{ 0: { title: string; type: "seasonal"; description: string; hashtags: string[]; platforms: string[]; }; 1: { title: string; type: "trending"; description: string; hashtags: string[]; platforms: string[]; }; 2: { ...; }; 3: { ...; }; 4: { ...; }; 5: { ...; }; 6: { ...; }; }'.
server/analytics-service.ts(241,20): error TS7053: Element implicitly has an 'any' type because expression of type 'number' can't be used to index type '{ 0: { title: string; type: "seasonal"; description: string; hashtags: string[]; platforms: string[]; }; 1: { title: string; type: "trending"; description: string; hashtags: string[]; platforms: string[]; }; 2: { ...; }; 3: { ...; }; 4: { ...; }; 5: { ...; }; 6: { ...; }; }'.
  No index signature with a parameter of type 'number' was found on type '{ 0: { title: string; type: "seasonal"; description: string; hashtags: string[]; platforms: string[]; }; 1: { title: string; type: "trending"; description: string; hashtags: string[]; platforms: string[]; }; 2: { ...; }; 3: { ...; }; 4: { ...; }; 5: { ...; }; 6: { ...; }; }'.
server/auth-routes.ts(110,7): error TS2322: Type 'null' is not assignable to type 'string | undefined'.
server/auth-routes.ts(111,7): error TS2322: Type 'null' is not assignable to type 'Date | undefined'.
server/auth-routes.ts(173,25): error TS2339: Property '_id' does not exist on type 'User'.
server/auth-routes.ts(283,18): error TS2339: Property '_id' does not exist on type 'User'.
server/auth-routes.ts(286,33): error TS2339: Property 'profilePictureUrl' does not exist on type 'User'.
server/auth-routes.ts(315,7): error TS2353: Object literal may only specify known properties, and 'profilePictureUrl' does not exist in type 'Partial<User>'.
server/auth-routes.ts(325,25): error TS2339: Property '_id' does not exist on type 'User'.
server/auth-routes.ts(328,40): error TS2339: Property 'profilePictureUrl' does not exist on type 'User'.
server/authentic-hashtags.ts(117,11): error TS2322: Type '{ tag: string; platforms: unknown[]; engagement: any; source: any; realData: boolean; category: string; popularity: number; growthPotential: number; }[]' is not assignable to type 'AuthenticHashtag[]'.
  Type '{ tag: string; platforms: unknown[]; engagement: any; source: any; realData: boolean; category: string; popularity: number; growthPotential: number; }' is not assignable to type 'AuthenticHashtag'.
    Types of property 'platforms' are incompatible.
      Type 'unknown[]' is not assignable to type 'string[]'.
        Type 'unknown' is not assignable to type 'string'.
server/auto-sync-service.ts(77,77): error TS2345: Argument of type 'number' is not assignable to parameter of type 'string'.
server/automation-system.ts(68,5): error TS2322: Type 'import("/Users/arpitchoudhary/Downloads/Veefore_v3/Veefore-E/server/domain/types").AutomationRule' is not assignable to type 'import("/Users/arpitchoudhary/Downloads/Veefore_v3/Veefore-E/server/automation-system").AutomationRule'.
  Types of property 'type' are incompatible.
    Type 'string | undefined' is not assignable to type '"comment_dm" | "dm_only" | "comment_only"'.
      Type 'undefined' is not assignable to type '"comment_dm" | "dm_only" | "comment_only"'.
server/automation-system.ts(78,5): error TS2322: Type 'import("/Users/arpitchoudhary/Downloads/Veefore_v3/Veefore-E/server/domain/types").AutomationRule[]' is not assignable to type 'import("/Users/arpitchoudhary/Downloads/Veefore_v3/Veefore-E/server/automation-system").AutomationRule[]'.
  Type 'import("/Users/arpitchoudhary/Downloads/Veefore_v3/Veefore-E/server/domain/types").AutomationRule' is not assignable to type 'import("/Users/arpitchoudhary/Downloads/Veefore_v3/Veefore-E/server/automation-system").AutomationRule'.
    Types of property 'type' are incompatible.
      Type 'string | undefined' is not assignable to type '"comment_dm" | "dm_only" | "comment_only"'.
        Type 'undefined' is not assignable to type '"comment_dm" | "dm_only" | "comment_only"'.
server/automation-system.ts(92,5): error TS2322: Type 'import("/Users/arpitchoudhary/Downloads/Veefore_v3/Veefore-E/server/domain/types").AutomationRule' is not assignable to type 'import("/Users/arpitchoudhary/Downloads/Veefore_v3/Veefore-E/server/automation-system").AutomationRule'.
  Types of property 'type' are incompatible.
    Type 'string | undefined' is not assignable to type '"comment_dm" | "dm_only" | "comment_only"'.
      Type 'undefined' is not assignable to type '"comment_dm" | "dm_only" | "comment_only"'.
server/automation-system.ts(565,22): error TS2339: Property 'name' does not exist on type '{}'.
server/automation-system.ts(566,25): error TS2339: Property 'message' does not exist on type '{}'.
server/automation-system.ts(567,23): error TS2339: Property 'stack' does not exist on type '{}'.
server/automation-system.ts(659,52): error TS7006: Parameter 'acc' implicitly has an 'any' type.
server/competitor-analysis-ai.ts(104,28): error TS2304: Cannot find name 'openai'.
server/comprehensive-instagram-webhook.ts(663,53): error TS2307: Cannot find module './instagram-sync' or its corresponding type declarations.
server/content-repurpose-ai.ts(193,12): error TS7053: Element implicitly has an 'any' type because expression of type 'string | number | symbol' can't be used to index type '{ caption: string; hashtags: string; script: string; } | { title: string; description: string; script: string; } | { caption: string; hashtags: string; script: string; } | { caption: string; hashtags: string; } | { ...; }'.
  No index signature with a parameter of type 'string' was found on type '{ caption: string; hashtags: string; script: string; } | { title: string; description: string; script: string; } | { caption: string; hashtags: string; script: string; } | { caption: string; hashtags: string; } | { ...; }'.
server/controllers/AIController.ts(96,7): error TS2353: Object literal may only specify known properties, and 'type' does not exist in type 'Partial<ICreativeBrief>'.
server/controllers/AIController.ts(164,7): error TS2353: Object literal may only specify known properties, and 'type' does not exist in type 'Partial<ICreativeBrief>'.
server/controllers/AIController.ts(226,7): error TS2353: Object literal may only specify known properties, and 'timeframe' does not exist in type 'Partial<ICompetitorAnalysis>'.
server/controllers/AIController.ts(259,7): error TS2353: Object literal may only specify known properties, and 'sourcePlatform' does not exist in type 'Partial<IContentRepurpose>'.
server/controllers/AuthController.ts(443,7): error TS2322: Type 'null' is not assignable to type 'string | undefined'.
server/controllers/AuthController.ts(444,7): error TS2322: Type 'null' is not assignable to type 'Date | undefined'.
server/controllers/AutomationController.ts(95,7): error TS2353: Object literal may only specify known properties, and 'userId' does not exist in type 'Partial<IAutomationRule>'.
server/controllers/AutomationController.ts(311,7): error TS2353: Object literal may only specify known properties, and 'attachments' does not exist in type 'Partial<IDmMessage>'.
server/controllers/BillingController.ts(145,7): error TS2353: Object literal may only specify known properties, and 'paymentMethod' does not exist in type 'Partial<IPayment>'.
server/controllers/BillingController.ts(282,7): error TS2353: Object literal may only specify known properties, and 'paymentMethod' does not exist in type 'Partial<IPayment>'.
server/controllers/ContentController.ts(94,25): error TS2571: Object is of type 'unknown'.
server/controllers/MediaController.ts(203,30): error TS2345: Argument of type '(req: TypedRequest<{ workspaceId: string; }, {}, z.infer<typeof MediaFilterQuery>>, res: Response) => Promise<void>' is not assignable to parameter of type '(req: TypedRequest<{ workspaceId: string; }, {}, ParsedQs>, res: Response<any, Record<string, any>>, next: NextFunction) => Promise<...>'.
  Types of parameters 'req' and 'req' are incompatible.
    Type 'TypedRequest<{ workspaceId: string; }, {}, ParsedQs>' is not assignable to type 'TypedRequest<{ workspaceId: string; }, {}, { type: "all" | "audio" | "video" | "image" | "document"; page: number; limit: number; sortBy: "size" | "name" | "createdAt"; sortOrder: "desc" | "asc"; }>'.
      Type 'ParsedQs' is missing the following properties from type '{ type: "all" | "audio" | "video" | "image" | "document"; page: number; limit: number; sortBy: "size" | "name" | "createdAt"; sortOrder: "desc" | "asc"; }': type, page, limit, sortBy, sortOrder
server/controllers/MediaController.ts(204,52): error TS2344: Type '{ type: "all" | "audio" | "video" | "image" | "document"; page: number; limit: number; sortBy: "size" | "name" | "createdAt"; sortOrder: "desc" | "asc"; }' does not satisfy the constraint 'ParsedQs'.
  Property 'page' is incompatible with index signature.
    Type 'number' is not assignable to type 'string | ParsedQs | (string | ParsedQs)[] | undefined'.
server/controllers/UserController.ts(86,9): error TS2353: Object literal may only specify known properties, and 'plan' does not exist in type 'InsertWorkspace'.
server/controllers/UserController.ts(137,23): error TS18048: 'user' is possibly 'undefined'.
server/controllers/UserController.ts(138,20): error TS18048: 'user' is possibly 'undefined'.
server/controllers/UserController.ts(139,24): error TS18048: 'user' is possibly 'undefined'.
server/controllers/UserController.ts(140,23): error TS18048: 'user' is possibly 'undefined'.
server/controllers/UserController.ts(141,13): error TS18048: 'user' is possibly 'undefined'.
server/controllers/UserController.ts(231,11): error TS2322: Type 'null' is not assignable to type 'string | undefined'.
server/controllers/WorkspaceController.ts(338,7): error TS2322: Type 'string' is not assignable to type '"admin" | "editor" | "viewer"'.
server/conversation-memory-service.ts(27,9): error TS2740: Type 'DmConversation' is missing the following properties from type '{ id: number; workspaceId: number; platform: string; participantId: string; isFollower: boolean; isFollowing: boolean; relationshipStatus: string; totalMessages: number; unreadCount: number; ... 13 more ...; firstContactAt?: Date | undefined; }': isFollower, isFollowing, relationshipStatus, totalMessages, and 5 more.
server/conversation-memory-service.ts(38,71): error TS2345: Argument of type '{ workspaceId: number; platform: string; participantId: string; participantUsername?: string | undefined; }' is not assignable to parameter of type 'InsertDmConversation'.
  Types of property 'workspaceId' are incompatible.
    Type 'number' is not assignable to type 'string'.
server/conversation-memory-service.ts(40,7): error TS2740: Type 'DmConversation' is missing the following properties from type '{ id: number; workspaceId: number; platform: string; participantId: string; isFollower: boolean; isFollowing: boolean; relationshipStatus: string; totalMessages: number; unreadCount: number; ... 13 more ...; firstContactAt?: Date | undefined; }': isFollower, isFollowing, relationshipStatus, totalMessages, and 5 more.
server/conversation-memory-service.ts(63,9): error TS2322: Type 'string | null' is not assignable to type 'string'.
  Type 'null' is not assignable to type 'string'.
server/conversation-memory-service.ts(69,9): error TS2322: Type 'boolean' is not assignable to type 'string'.
server/conversation-memory-service.ts(73,58): error TS2345: Argument of type '{ content: string; conversationId: number; messageId: string; sender: string; sentiment?: string | undefined; messageType?: string | undefined; topics?: any; aiResponse?: string | undefined; automationRuleId?: number | undefined; }' is not assignable to parameter of type 'InsertDmMessage'.
  Types of property 'conversationId' are incompatible.
    Type 'number' is not assignable to type 'string'.
server/conversation-memory-service.ts(81,56): error TS2345: Argument of type 'string | number' is not assignable to parameter of type 'string'.
  Type 'number' is not assignable to type 'string'.
server/conversation-memory-service.ts(84,7): error TS2739: Type 'DmMessage' is missing the following properties from type '{ id: number; content: string; conversationId: number; isRead: boolean; messageId: string; sender: string; messageType: string; isFromUser: boolean; urgency: string; responseStatus: string; createdAt?: Date | undefined; ... 9 more ...; platformTimestamp?: Date | ... 1 more ... | undefined; }': isRead, isFromUser, urgency, responseStatus
server/conversation-memory-service.ts(99,57): error TS2345: Argument of type 'number' is not assignable to parameter of type 'string'.
server/conversation-memory-service.ts(101,7): error TS2322: Type 'DmMessage[]' is not assignable to type '{ id: number; content: string; conversationId: number; isRead: boolean; messageId: string; sender: string; messageType: string; isFromUser: boolean; urgency: string; responseStatus: string; createdAt?: Date | undefined; ... 9 more ...; platformTimestamp?: Date | ... 1 more ... | undefined; }[]'.
  Type 'DmMessage' is missing the following properties from type '{ id: number; content: string; conversationId: number; isRead: boolean; messageId: string; sender: string; messageType: string; isFromUser: boolean; urgency: string; responseStatus: string; createdAt?: Date | undefined; ... 9 more ...; platformTimestamp?: Date | ... 1 more ... | undefined; }': isRead, isFromUser, urgency, responseStatus
server/conversation-memory-service.ts(113,65): error TS2345: Argument of type 'number' is not assignable to parameter of type 'string'.
server/conversation-memory-service.ts(115,7): error TS2322: Type 'ConversationContext[]' is not assignable to type '{ id: number; source: string; contextType: string; conversationId: number; confidence: number; contextValue: string; createdAt?: Date | undefined; updatedAt?: Date | undefined; expiresAt?: Date | ... 1 more ... | undefined; }[]'.
  Type 'ConversationContext' is not assignable to type '{ id: number; source: string; contextType: string; conversationId: number; confidence: number; contextValue: string; createdAt?: Date | undefined; updatedAt?: Date | undefined; expiresAt?: Date | ... 1 more ... | undefined; }'.
    Types of property 'id' are incompatible.
      Type 'string' is not assignable to type 'number'.
server/conversation-memory-service.ts(209,30): error TS2304: Cannot find name 'openai'.
server/conversation-memory-service.ts(249,31): error TS18046: 'count' is of type 'unknown'.
server/conversation-memory-service.ts(305,30): error TS2304: Cannot find name 'openai'.
server/conversation-memory-service.ts(339,30): error TS2304: Cannot find name 'openai'.
server/conversation-memory-service.ts(373,30): error TS2304: Cannot find name 'openai'.
server/credit-service.ts(8,40): error TS2345: Argument of type 'string | number' is not assignable to parameter of type 'string'.
  Type 'number' is not assignable to type 'string'.
server/credit-service.ts(14,40): error TS2345: Argument of type 'string | number' is not assignable to parameter of type 'string'.
  Type 'number' is not assignable to type 'string'.
server/credit-service.ts(20,56): error TS2345: Argument of type 'string | number' is not assignable to parameter of type 'string'.
  Type 'number' is not assignable to type 'string'.
server/credit-service.ts(23,68): error TS2345: Argument of type 'string | number' is not assignable to parameter of type 'string'.
  Type 'number' is not assignable to type 'string'.
server/credit-service.ts(61,40): error TS2345: Argument of type 'string | number' is not assignable to parameter of type 'string'.
  Type 'number' is not assignable to type 'string'.
server/credit-service.ts(65,37): error TS2345: Argument of type 'string | number' is not assignable to parameter of type 'string'.
  Type 'number' is not assignable to type 'string'.
server/credit-service.ts(69,7): error TS2322: Type 'string | number' is not assignable to type 'string'.
  Type 'number' is not assignable to type 'string'.
server/credit-service.ts(81,40): error TS2345: Argument of type 'string | number' is not assignable to parameter of type 'string'.
  Type 'number' is not assignable to type 'string'.
server/credit-service.ts(85,37): error TS2345: Argument of type 'string | number' is not assignable to parameter of type 'string'.
  Type 'number' is not assignable to type 'string'.
server/credit-service.ts(89,7): error TS2322: Type 'string | number' is not assignable to type 'string'.
  Type 'number' is not assignable to type 'string'.
server/credit-service.ts(121,40): error TS2345: Argument of type 'string | number' is not assignable to parameter of type 'string'.
  Type 'number' is not assignable to type 'string'.
server/credit-service.ts(133,37): error TS2345: Argument of type 'string | number' is not assignable to parameter of type 'string'.
  Type 'number' is not assignable to type 'string'.
server/credit-service.ts(137,7): error TS2322: Type 'string | number' is not assignable to type 'string'.
  Type 'number' is not assignable to type 'string'.
server/credit-service.ts(148,48): error TS2345: Argument of type 'number' is not assignable to parameter of type 'string'.
server/credit-service.ts(154,62): error TS2345: Argument of type 'string | number' is not assignable to parameter of type 'string'.
  Type 'number' is not assignable to type 'string'.
server/emotion-analysis-ai.ts(301,21): error TS7053: Element implicitly has an 'any' type because expression of type 'string' can't be used to index type '{ joy: string[]; sadness: string[]; anger: string[]; fear: string[]; surprise: string[]; disgust: string[]; trust: string[]; anticipation: string[]; }'.
  No index signature with a parameter of type 'string' was found on type '{ joy: string[]; sadness: string[]; anger: string[]; fear: string[]; surprise: string[]; disgust: string[]; trust: string[]; anticipation: string[]; }'.
server/emotion-analysis-ai.ts(302,35): error TS7006: Parameter 'total' implicitly has an 'any' type.
server/emotion-analysis-ai.ts(302,42): error TS7006: Parameter 'marker' implicitly has an 'any' type.
server/emotion-analysis-ai.ts(305,5): error TS7053: Element implicitly has an 'any' type because expression of type 'string' can't be used to index type '{}'.
  No index signature with a parameter of type 'string' was found on type '{}'.
server/emotion-analysis-ai.ts(350,10): error TS7053: Element implicitly has an 'any' type because expression of type 'string' can't be used to index type '{ instagram: { visualFocus: boolean; hashtagCulture: boolean; storytelling: boolean; aspirational: boolean; avgEngagementRate: number; }; tiktok: { entertainment: boolean; trending: boolean; youth: boolean; viral: boolean; avgEngagementRate: number; }; youtube: { ...; }; twitter: { ...; }; linkedin: { ...; }; }'.
  No index signature with a parameter of type 'string' was found on type '{ instagram: { visualFocus: boolean; hashtagCulture: boolean; storytelling: boolean; aspirational: boolean; avgEngagementRate: number; }; tiktok: { entertainment: boolean; trending: boolean; youth: boolean; viral: boolean; avgEngagementRate: number; }; youtube: { ...; }; twitter: { ...; }; linkedin: { ...; }; }'.
server/gemini-script-generator.ts(184,59): error TS18046: 'error' is of type 'unknown'.
server/gemini-script-generator.ts(263,60): error TS18046: 'error' is of type 'unknown'.
server/hybrid-image-generator.ts(6,11): error TS2564: Property 'geminiAI' has no initializer and is not definitely assigned in the constructor.
server/hybrid-image-generator.ts(7,11): error TS2564: Property 'openai' has no initializer and is not definitely assigned in the constructor.
server/hybrid-image-generator.ts(77,79): error TS18046: 'error' is of type 'unknown'.
server/hybrid-image-generator.ts(100,79): error TS18046: 'error' is of type 'unknown'.
server/hybrid-image-generator.ts(129,69): error TS18046: 'error' is of type 'unknown'.
server/hybrid-image-generator.ts(132,13): error TS18046: 'error' is of type 'unknown'.
server/hybrid-image-generator.ts(132,48): error TS18046: 'error' is of type 'unknown'.
server/hybrid-image-generator.ts(132,84): error TS18046: 'error' is of type 'unknown'.
server/hybrid-image-generator.ts(214,85): error TS18046: 'vertexError' is of type 'unknown'.
server/hybrid-image-generator.ts(423,9): error TS7053: Element implicitly has an 'any' type because expression of type 'any' can't be used to index type '{}'.
server/hybrid-image-generator.ts(430,60): error TS18046: 'error' is of type 'unknown'.
server/instagram-token-refresh.ts(98,33): error TS2345: Argument of type 'Date | undefined' is not assignable to parameter of type 'Date | null'.
  Type 'undefined' is not assignable to type 'Date | null'.
server/instagram-token-refresh.ts(108,66): error TS2345: Argument of type 'string | undefined' is not assignable to parameter of type 'string'.
  Type 'undefined' is not assignable to type 'string'.
server/instagram-token-refresh.ts(115,86): error TS2339: Property 'toString' does not exist on type 'never'.
server/instagram-token-refresh.ts(129,86): error TS2339: Property 'toString' does not exist on type 'never'.
server/instagram-token-refresh.ts(151,54): error TS2345: Argument of type 'string | number' is not assignable to parameter of type 'string'.
  Type 'number' is not assignable to type 'string'.
server/instagram-token-refresh.ts(157,62): error TS2345: Argument of type 'string | undefined' is not assignable to parameter of type 'string'.
  Type 'undefined' is not assignable to type 'string'.
server/instagram-token-refresh.ts(164,41): error TS2345: Argument of type 'string | number' is not assignable to parameter of type 'string'.
  Type 'number' is not assignable to type 'string'.
server/meta-compliant-webhook.ts(112,11): error TS2367: This comparison appears to be unintentional because the types '"instagram"' and '"permissions"' have no overlap.
server/meta-compliant-webhook.ts(163,15): error TS2345: Argument of type 'string | Buffer<ArrayBufferLike>' is not assignable to parameter of type 'string'.
  Type 'Buffer<ArrayBufferLike>' is not assignable to type 'string'.
server/middleware/database-optimization.ts(77,9): error TS2353: Object literal may only specify known properties, and 'bufferMaxEntries' does not exist in type 'ConnectOptions'.
server/middleware/feature-access.ts(34,62): error TS2554: Expected 1 arguments, but got 2.
server/middleware/feature-access.ts(35,28): error TS2339: Property 'usageCount' does not exist on type 'any[]'.
server/middleware/feature-access.ts(39,33): error TS2339: Property 'usageCount' does not exist on type 'any[]'.
server/middleware/feature-access.ts(97,29): error TS2554: Expected 3 arguments, but got 2.
server/middleware/feature-access.ts(102,49): error TS2345: Argument of type 'string | undefined' is not assignable to parameter of type 'string'.
  Type 'undefined' is not assignable to type 'string'.
server/middleware/feature-access.ts(106,19): error TS2322: Type 'string | undefined' is not assignable to type 'string'.
  Type 'undefined' is not assignable to type 'string'.
server/middleware/graceful-shutdown.ts(125,51): error TS18046: 'error' is of type 'unknown'.
server/middleware/rate-limiting.ts(38,14): error TS2304: Cannot find name 'RedisStore'.
server/middleware/rate-limiting.ts(39,65): error TS2345: Argument of type 'string[]' is not assignable to parameter of type 'Command'.
  Type 'string[]' is missing the following properties from type 'Command': name, args, inTransaction, isResolved, and 17 more.
server/middleware/rate-limiting.ts(78,14): error TS2304: Cannot find name 'RedisStore'.
server/middleware/rate-limiting.ts(79,65): error TS2345: Argument of type 'string[]' is not assignable to parameter of type 'Command'.
  Type 'string[]' is missing the following properties from type 'Command': name, args, inTransaction, isResolved, and 17 more.
server/middleware/rate-limiting.ts(113,34): error TS2304: Cannot find name 'RateLimiterRedis'.
server/middleware/rate-limiting.ts(114,10): error TS2454: Variable 'redisClient' is used before being assigned.
server/middleware/rate-limiting.ts(169,14): error TS2304: Cannot find name 'RedisStore'.
server/middleware/rate-limiting.ts(170,65): error TS2345: Argument of type 'string[]' is not assignable to parameter of type 'Command'.
  Type 'string[]' is missing the following properties from type 'Command': name, args, inTransaction, isResolved, and 17 more.
server/middleware/rate-limiting.ts(192,14): error TS2304: Cannot find name 'RedisStore'.
server/middleware/rate-limiting.ts(193,65): error TS2345: Argument of type 'string[]' is not assignable to parameter of type 'Command'.
  Type 'string[]' is missing the following properties from type 'Command': name, args, inTransaction, isResolved, and 17 more.
server/middleware/rate-limiting.ts(225,14): error TS2304: Cannot find name 'RedisStore'.
server/middleware/rate-limiting.ts(226,65): error TS2345: Argument of type 'string[]' is not assignable to parameter of type 'Command'.
  Type 'string[]' is missing the following properties from type 'Command': name, args, inTransaction, isResolved, and 17 more.
server/middleware/rate-limiting.ts(260,14): error TS2304: Cannot find name 'RedisStore'.
server/middleware/rate-limiting.ts(261,65): error TS2345: Argument of type 'string[]' is not assignable to parameter of type 'Command'.
  Type 'string[]' is missing the following properties from type 'Command': name, args, inTransaction, isResolved, and 17 more.
server/middleware/validation.ts(10,10): error TS2440: Import declaration conflicts with local declaration of 'sanitizeHtml'.
server/models/Analytics/Analytics.ts(40,3): error TS2353: Object literal may only specify known properties, and 'engagement' does not exist in type 'IAnalytics | { id?: SchemaDefinitionProperty<any, IAnalytics, Document<unknown, {}, FlatRecord<IAnalytics>, {}, ResolveSchemaOptions<DefaultSchemaOptions>> & FlatRecord<...> & Required<...> & { ...; }> | undefined; ... 15 more ...; audienceGenderAge?: SchemaDefinitionProperty<...> | undefined; }'.
server/mongodb-storage.ts(113,14): error TS2420: Class 'MongoStorage' incorrectly implements interface 'IStorage'.
  Type 'MongoStorage' is missing the following properties from type 'IStorage': getAdminNotifications, createThumbnailProject, getThumbnailProject, updateThumbnailProject, and 3 more.
server/mongodb-storage.ts(995,19): error TS2339: Property 'map' does not exist on type 'PaginatedResult<IAdmin>'.
server/mongodb-storage.ts(995,23): error TS7006: Parameter 'admin' implicitly has an 'any' type.
server/mongodb-storage.ts(1035,44): error TS2339: Property 'findWithPagination' does not exist on type 'ContentRepository'.
server/mongodb-storage.ts(1076,47): error TS18046: 'session._id' is of type 'unknown'.
server/mongodb-storage.ts(1121,58): error TS2345: Argument of type 'string' is not assignable to parameter of type 'number'.
server/mongodb-storage.ts(1172,9): error TS2393: Duplicate function implementation.
server/mongodb-storage.ts(1213,76): error TS2322: Type 'string | undefined' is not assignable to type 'number | undefined'.
  Type 'string' is not assignable to type 'number'.
server/mongodb-storage.ts(1232,9): error TS2393: Duplicate function implementation.
server/mongodb-storage.ts(1238,24): error TS2339: Property 'delay' does not exist on type 'Partial<Popup>'.
server/mongodb-storage.ts(1238,47): error TS2339: Property 'delay' does not exist on type 'Partial<Popup>'.
server/mongodb-storage.ts(1721,20): error TS18048: 'conversation.workspaceId' is possibly 'undefined'.
server/mongodb-storage.ts(1768,64): error TS2345: Argument of type 'string' is not assignable to parameter of type 'number'.
server/monitoring/error-tracking.ts(410,25): error TS2339: Property 'startTime' does not exist on type 'Request<ParamsDictionary, any, any, ParsedQs, Record<string, any>>'.
server/monitoring/error-tracking.ts(410,54): error TS2339: Property 'startTime' does not exist on type 'Request<ParamsDictionary, any, any, ParsedQs, Record<string, any>>'.
server/monitoring/feature-flags.ts(386,9): error TS2339: Property 'isFeatureEnabled' does not exist on type 'Request<ParamsDictionary, any, any, ParsedQs, Record<string, any>>'.
server/monitoring/health-endpoints.ts(62,13): error TS18048: 'mongoose.connection.db' is possibly 'undefined'.
server/monitoring/health-endpoints.ts(103,37): error TS2307: Cannot find module 'redis' or its corresponding type declarations.
server/monitoring/metrics-collector.ts(466,3): error TS2322: Type 'Timeout' is not assignable to type 'void'.
server/monitoring/sentry-init.ts(11,46): error TS2307: Cannot find module '@sentry/profiling-node' or its corresponding type declarations.
server/monitoring/structured-logger.ts(408,45): error TS2339: Property 'startTime' does not exist on type 'Request<ParamsDictionary, any, any, ParsedQs, Record<string, any>>'.
server/monitoring/structured-logger.ts(427,9): error TS2339: Property 'startTime' does not exist on type 'Request<ParamsDictionary, any, any, ParsedQs, Record<string, any>>'.
server/openai-client.ts(170,18): error TS18046: 'error' is of type 'unknown'.
server/openai-client.ts(171,15): error TS18046: 'error' is of type 'unknown'.
server/openai-client.ts(172,16): error TS18046: 'error' is of type 'unknown'.
server/openai-client.ts(173,19): error TS18046: 'error' is of type 'unknown'.
server/performance-snapshot-service.ts(267,26): error TS7053: Element implicitly has an 'any' type because expression of type 'string' can't be used to index type '(FlattenMaps<any> & Required<{ _id: unknown; }> & { __v: number; })[] | (FlattenMaps<any> & Required<{ _id: unknown; }> & { __v: number; })'.
  No index signature with a parameter of type 'string' was found on type '(FlattenMaps<any> & Required<{ _id: unknown; }> & { __v: number; })[] | (FlattenMaps<any> & Required<{ _id: unknown; }> & { __v: number; })'.
server/performance/background-optimization.ts(548,5): error TS2322: Type '{ type: string; priority: string; description: string; impact: string; implementation: string; }[]' is not assignable to type '{ type: "retry" | "timeout" | "concurrency" | "batching"; priority: "high" | "medium" | "low"; description: string; impact: string; implementation: string; }[]'.
  Type '{ type: string; priority: string; description: string; impact: string; implementation: string; }' is not assignable to type '{ type: "retry" | "timeout" | "concurrency" | "batching"; priority: "high" | "medium" | "low"; description: string; impact: string; implementation: string; }'.
    Types of property 'type' are incompatible.
      Type 'string' is not assignable to type '"retry" | "timeout" | "concurrency" | "batching"'.
server/performance/caching-system.ts(553,9): error TS2339: Property 'cache' does not exist on type 'Request<ParamsDictionary, any, any, ParsedQs, Record<string, any>>'.
server/performance/database-optimization.ts(273,5): error TS2322: Type '{ type: string; priority: string; description: string; impact: string; }[]' is not assignable to type '{ type: "index" | "performance" | "schema"; priority: "high" | "medium" | "low"; description: string; impact: string; }[]'.
  Type '{ type: string; priority: string; description: string; impact: string; }' is not assignable to type '{ type: "index" | "performance" | "schema"; priority: "high" | "medium" | "low"; description: string; impact: string; }'.
    Types of property 'type' are incompatible.
      Type 'string' is not assignable to type '"index" | "performance" | "schema"'.
server/performance/database-optimization.ts(435,9): error TS2339: Property 'dbMonitor' does not exist on type 'Request<ParamsDictionary, any, any, ParsedQs, Record<string, any>>'.
server/performance/index.ts(303,14): error TS2339: Property 'cache' does not exist on type 'Request<ParamsDictionary, any, any, ParsedQs, Record<string, any>>'.
server/performance/index.ts(308,9): error TS2339: Property 'cache' does not exist on type 'Request<ParamsDictionary, any, any, ParsedQs, Record<string, any>>'.
server/performance/index.ts(320,14): error TS2339: Property 'cache' does not exist on type 'Request<ParamsDictionary, any, any, ParsedQs, Record<string, any>>'.
server/performance/index.ts(325,9): error TS2339: Property 'cache' does not exist on type 'Request<ParamsDictionary, any, any, ParsedQs, Record<string, any>>'.
server/performance/index.ts(337,14): error TS2339: Property 'cache' does not exist on type 'Request<ParamsDictionary, any, any, ParsedQs, Record<string, any>>'.
server/performance/index.ts(342,9): error TS2339: Property 'cache' does not exist on type 'Request<ParamsDictionary, any, any, ParsedQs, Record<string, any>>'.
server/performance/response-optimization.ts(409,5): error TS2322: Type '{ type: string; priority: string; description: string; impact: string; implementation: string; }[]' is not assignable to type '{ type: "compression" | "caching" | "optimization" | "streaming"; priority: "high" | "medium" | "low"; description: string; impact: string; implementation: string; }[]'.
  Type '{ type: string; priority: string; description: string; impact: string; implementation: string; }' is not assignable to type '{ type: "compression" | "caching" | "optimization" | "streaming"; priority: "high" | "medium" | "low"; description: string; impact: string; implementation: string; }'.
    Types of property 'type' are incompatible.
      Type 'string' is not assignable to type '"compression" | "caching" | "optimization" | "streaming"'.
server/performance/static-optimization.ts(317,5): error TS2322: Type '{ type: string; priority: string; description: string; impact: string; implementation: string; }[]' is not assignable to type '{ type: "compression" | "caching" | "cdn" | "optimization"; priority: "high" | "medium" | "low"; description: string; impact: string; implementation: string; }[]'.
  Type '{ type: string; priority: string; description: string; impact: string; implementation: string; }' is not assignable to type '{ type: "compression" | "caching" | "cdn" | "optimization"; priority: "high" | "medium" | "low"; description: string; impact: string; implementation: string; }'.
    Types of property 'type' are incompatible.
      Type 'string' is not assignable to type '"compression" | "caching" | "cdn" | "optimization"'.
server/performance/static-optimization.ts(392,11): error TS2345: Argument of type 'boolean | "" | undefined' is not assignable to parameter of type 'boolean | undefined'.
  Type '""' is not assignable to type 'boolean | undefined'.
server/persona-suggestions-ai.ts(93,30): error TS2304: Cannot find name 'openai'.
server/queues/metricsQueue.ts(515,16): error TS18046: 'error' is of type 'unknown'.
server/razorpay-service.ts(19,18): error TS2367: This comparison appears to be unintentional because the types 'number' and 'string' have no overlap.
server/razorpay-service.ts(94,21): error TS2339: Property 'price' does not exist on type 'never'.
server/razorpay-service.ts(99,24): error TS2339: Property 'id' does not exist on type 'never'.
server/razorpay-service.ts(101,26): error TS2339: Property 'type' does not exist on type 'never'.
server/real-content-service.ts(262,11): error TS7034: Variable 'recommendations' implicitly has type 'any[]' in some locations where its type cannot be determined.
server/real-content-service.ts(323,14): error TS7005: Variable 'recommendations' implicitly has an 'any[]' type.
server/real-video-processor.ts(358,63): error TS18046: 'error' is of type 'unknown'.
server/repositories/AnalyticsRepository.ts(135,11): error TS2353: Object literal may only specify known properties, and 'engagement' does not exist in type 'Partial<IAnalytics>'.
server/repositories/AutomationRepository.ts(177,11): error TS18046: 'rule._id' is of type 'unknown'.
server/repositories/AutomationRepository.ts(202,11): error TS18046: 'rule._id' is of type 'unknown'.
server/repositories/AutomationRepository.ts(221,11): error TS18046: 'rule._id' is of type 'unknown'.
server/repositories/AutomationRepository.ts(280,13): error TS18046: 'rule._id' is of type 'unknown'.
server/repositories/AutomationRepository.ts(316,41): error TS2345: Argument of type '{ name: string; workspaceId: string; description: string | null; isActive: boolean; type: string; trigger: Record<string, any>; action: Record<string, any>; keywords: string[]; ... 5 more ...; updatedAt: Date; }' is not assignable to parameter of type 'Partial<IAutomationRule>'.
  Types of property 'description' are incompatible.
    Type 'string | null' is not assignable to type 'string | undefined'.
      Type 'null' is not assignable to type 'string | undefined'.
server/repositories/AutomationRepository.ts(319,11): error TS18046: 'savedRule._id' is of type 'unknown'.
server/repositories/AutomationRepository.ts(353,11): error TS18046: 'result._id' is of type 'unknown'.
server/repositories/AutomationRepository.ts(532,54): error TS18046: 'c._id' is of type 'unknown'.
server/repositories/ChatRepository.ts(168,30): error TS2339: Property 'length' does not exist on type 'PaginatedResult<IChatConversation>'.
server/repositories/ChatRepository.ts(171,28): error TS2339: Property 'map' does not exist on type 'PaginatedResult<IChatConversation>'.
server/repositories/ChatRepository.ts(171,32): error TS7006: Parameter 'doc' implicitly has an 'any' type.
server/repositories/ContentRecommendationRepository.ts(48,24): error TS2345: Argument of type '{ workspaceId: string; createdAt: Date; updatedAt: Date; type: string; title: string; description?: string; thumbnailUrl?: string; mediaUrl?: string; duration?: number; category: string; ... 4 more ...; isActive?: boolean; }' is not assignable to parameter of type 'Partial<IContentRecommendation>'.
  Types of property 'engagement' are incompatible.
    Type '{ expectedViews?: number | undefined; expectedLikes?: number | undefined; expectedShares?: number | undefined; } | undefined' is not assignable to type '{ expectedViews: number; expectedLikes: number; expectedShares: number; } | undefined'.
      Type '{ expectedViews?: number | undefined; expectedLikes?: number | undefined; expectedShares?: number | undefined; }' is not assignable to type '{ expectedViews: number; expectedLikes: number; expectedShares: number; }'.
        Types of property 'expectedViews' are incompatible.
          Type 'number | undefined' is not assignable to type 'number'.
            Type 'undefined' is not assignable to type 'number'.
server/repositories/ContentRepository.ts(288,24): error TS2345: Argument of type '{ workspaceId: string; type: string; title: string | undefined; description: string | undefined; contentData: Record<string, any>; platform: string | undefined; status: string; ... 4 more ...; updatedAt: Date; }' is not assignable to parameter of type 'Partial<IContent>'.
  Types of property 'scheduledAt' are incompatible.
    Type 'Date | null | undefined' is not assignable to type 'Date | undefined'.
      Type 'null' is not assignable to type 'Date | undefined'.
server/repositories/ContentRepository.ts(316,24): error TS2345: Argument of type '{ workspaceId: string; content: string | undefined; media: any[]; hashtags: string; firstComment: string; location: string; accounts: any[]; status: string; publishedAt: Date | null; createdAt: Date; updatedAt: Date; }' is not assignable to parameter of type 'Partial<IContent>'.
  Types of property 'publishedAt' are incompatible.
    Type 'Date | null' is not assignable to type 'Date | undefined'.
      Type 'null' is not assignable to type 'Date | undefined'.
server/repositories/SocialAccountRepository.ts(324,13): error TS18046: 'account._id' is of type 'unknown'.
server/repositories/TeamInvitationRepository.ts(18,24): error TS2345: Argument of type '{ id: number; status: string; createdAt: Date; updatedAt: Date; token: string; workspaceId: number; role: string; email: string; invitedBy: number; expiresAt: Date; permissions?: any; }' is not assignable to parameter of type 'Partial<ITeamInvitation>'.
  Types of property 'role' are incompatible.
    Type 'string' is not assignable to type '"admin" | "editor" | "viewer" | undefined'.
server/repositories/UserRepository.ts(446,22): error TS18046: 'savedUser._id' is of type 'unknown'.
server/repositories/WaitlistUserRepository.ts(142,19): error TS18048: 'waitlistUser.name' is possibly 'undefined'.
server/repositories/WaitlistUserRepository.ts(187,9): error TS2322: Type 'User' is not assignable to type '{ id: number; email: string; username: string; status: string; isOnboarded: boolean; plan: string; tokenStatus: string; credits: number; firebaseUid: string; planStatus: string; totalReferrals: number; ... 41 more ...; updatedAt?: Date | undefined; }'.
  Types of property 'id' are incompatible.
    Type 'string' is not assignable to type 'number'.
server/repositories/WaitlistUserRepository.ts(188,9): error TS2322: Type 'Workspace' is not assignable to type '{ id: number; name: string; theme: string; userId: number; credits: number; isDefault: boolean; maxTeamMembers: number; description?: string | null | undefined; aiPersonality?: string | null | undefined; avatar?: string | ... 1 more ... | undefined; createdAt?: Date | undefined; updatedAt?: Date | undefined; inviteC...'.
  Types of property 'id' are incompatible.
    Type 'string' is not assignable to type 'number'.
server/repositories/WorkspaceMemberRepository.ts(89,17): error TS18046: 'user._id' is of type 'unknown'.
server/repositories/WorkspaceMemberRepository.ts(131,13): error TS18046: 'owner._id' is of type 'unknown'.
server/repositories/WorkspaceMemberRepository.ts(156,24): error TS2345: Argument of type '{ id: number; status: string; joinedAt: Date; createdAt: Date; updatedAt: Date; workspaceId: number; role: string; userId: number; permissions?: any; invitedBy?: number | undefined; }' is not assignable to parameter of type 'Partial<IWorkspaceMember>'.
  Types of property 'role' are incompatible.
    Type 'string' is not assignable to type '"admin" | "owner" | "editor" | "viewer" | undefined'.
server/repositories/WorkspaceMemberRepository.ts(170,28): error TS18046: 'member._id' is of type 'unknown'.
server/roi-calculator-ai.ts(287,25): error TS7053: Element implicitly has an 'any' type because expression of type 'string' can't be used to index type '{ 'e-commerce': { avgConversionRate: number; avgCostPerClick: number; avgROI: number; avgCustomerLifetimeValue: number; }; saas: { avgConversionRate: number; avgCostPerClick: number; avgROI: number; avgCustomerLifetimeValue: number; }; healthcare: { ...; }; education: { ...; }; finance: { ...; }; 'real-estate': { .....'.
  No index signature with a parameter of type 'string' was found on type '{ 'e-commerce': { avgConversionRate: number; avgCostPerClick: number; avgROI: number; avgCustomerLifetimeValue: number; }; saas: { avgConversionRate: number; avgCostPerClick: number; avgROI: number; avgCustomerLifetimeValue: number; }; healthcare: { ...; }; education: { ...; }; finance: { ...; }; 'real-estate': { .....'.
server/roi-calculator-ai.ts(288,30): error TS7053: Element implicitly has an 'any' type because expression of type 'string' can't be used to index type '{ google: number; facebook: number; instagram: number; linkedin: number; twitter: number; tiktok: number; youtube: number; }'.
  No index signature with a parameter of type 'string' was found on type '{ google: number; facebook: number; instagram: number; linkedin: number; twitter: number; tiktok: number; youtube: number; }'.
server/routes/auth-cookies.ts(20,3): error TS2769: No overload matches this call.
  The last overload gave the following error.
    Argument of type '(req: CookieAuthRequest, res: Response) => Promise<Response<any, Record<string, any>> | undefined>' is not assignable to parameter of type 'RequestHandlerParams<ParamsDictionary, any, any, ParsedQs, Record<string, any>>'.
      Type '(req: CookieAuthRequest, res: Response) => Promise<Response<any, Record<string, any>> | undefined>' is not assignable to type 'RequestHandler<ParamsDictionary, any, any, ParsedQs, Record<string, any>>'.
        Types of parameters 'req' and 'req' are incompatible.
          Type 'Request<ParamsDictionary, any, any, ParsedQs, Record<string, any>>' is not assignable to type 'CookieAuthRequest'.
            Types of property 'user' are incompatible.
              Type '{ [key: string]: any; id?: string | undefined; uid?: string | undefined; email?: string | undefined; name?: string | undefined; displayName?: string | undefined; plan?: string | undefined; ... 4 more ...; isEmailVerified?: boolean | undefined; } | undefined' is not assignable to type '{ uid: string; email?: string | undefined; displayName?: string | undefined; } | undefined'.
                Type '{ [key: string]: any; id?: string | undefined; uid?: string | undefined; email?: string | undefined; name?: string | undefined; displayName?: string | undefined; plan?: string | undefined; ... 4 more ...; isEmailVerified?: boolean | undefined; }' is not assignable to type '{ uid: string; email?: string | undefined; displayName?: string | undefined; }'.
                  Types of property 'uid' are incompatible.
                    Type 'string | undefined' is not assignable to type 'string'.
                      Type 'undefined' is not assignable to type 'string'.
server/routes/auth-cookies.ts(26,27): error TS2769: No overload matches this call.
  The last overload gave the following error.
    Argument of type '(req: CookieAuthRequest, res: Response, next: NextFunction) => Promise<Response<any, Record<string, any>> | undefined>' is not assignable to parameter of type 'RequestHandlerParams<ParamsDictionary, any, any, ParsedQs, Record<string, any>>'.
      Type '(req: CookieAuthRequest, res: Response, next: NextFunction) => Promise<Response<any, Record<string, any>> | undefined>' is not assignable to type 'RequestHandler<ParamsDictionary, any, any, ParsedQs, Record<string, any>>'.
        Types of parameters 'req' and 'req' are incompatible.
          Type 'Request<ParamsDictionary, any, any, ParsedQs, Record<string, any>>' is not assignable to type 'CookieAuthRequest'.
            Types of property 'user' are incompatible.
              Type '{ [key: string]: any; id?: string | undefined; uid?: string | undefined; email?: string | undefined; name?: string | undefined; displayName?: string | undefined; plan?: string | undefined; ... 4 more ...; isEmailVerified?: boolean | undefined; } | undefined' is not assignable to type '{ uid: string; email?: string | undefined; displayName?: string | undefined; } | undefined'.
                Type '{ [key: string]: any; id?: string | undefined; uid?: string | undefined; email?: string | undefined; name?: string | undefined; displayName?: string | undefined; plan?: string | undefined; ... 4 more ...; isEmailVerified?: boolean | undefined; }' is not assignable to type '{ uid: string; email?: string | undefined; displayName?: string | undefined; }'.
                  Types of property 'uid' are incompatible.
                    Type 'string | undefined' is not assignable to type 'string'.
                      Type 'undefined' is not assignable to type 'string'.
server/routes/auth-cookies.ts(58,24): error TS2769: No overload matches this call.
  The last overload gave the following error.
    Argument of type '(req: CookieAuthRequest, res: Response, next: NextFunction) => Promise<Response<any, Record<string, any>> | undefined>' is not assignable to parameter of type 'RequestHandlerParams<ParamsDictionary, any, any, ParsedQs, Record<string, any>>'.
      Type '(req: CookieAuthRequest, res: Response, next: NextFunction) => Promise<Response<any, Record<string, any>> | undefined>' is not assignable to type 'RequestHandler<ParamsDictionary, any, any, ParsedQs, Record<string, any>>'.
        Types of parameters 'req' and 'req' are incompatible.
          Type 'Request<ParamsDictionary, any, any, ParsedQs, Record<string, any>>' is not assignable to type 'CookieAuthRequest'.
            Types of property 'user' are incompatible.
              Type '{ [key: string]: any; id?: string | undefined; uid?: string | undefined; email?: string | undefined; name?: string | undefined; displayName?: string | undefined; plan?: string | undefined; ... 4 more ...; isEmailVerified?: boolean | undefined; } | undefined' is not assignable to type '{ uid: string; email?: string | undefined; displayName?: string | undefined; } | undefined'.
                Type '{ [key: string]: any; id?: string | undefined; uid?: string | undefined; email?: string | undefined; name?: string | undefined; displayName?: string | undefined; plan?: string | undefined; ... 4 more ...; isEmailVerified?: boolean | undefined; }' is not assignable to type '{ uid: string; email?: string | undefined; displayName?: string | undefined; }'.
                  Types of property 'uid' are incompatible.
                    Type 'string | undefined' is not assignable to type 'string'.
                      Type 'undefined' is not assignable to type 'string'.
server/routes/auth-cookies.ts(66,25): error TS2769: No overload matches this call.
  The last overload gave the following error.
    Argument of type '(req: CookieAuthRequest, res: Response, next: NextFunction) => Promise<Response<any, Record<string, any>> | undefined>' is not assignable to parameter of type 'RequestHandlerParams<ParamsDictionary, any, any, ParsedQs, Record<string, any>>'.
      Type '(req: CookieAuthRequest, res: Response, next: NextFunction) => Promise<Response<any, Record<string, any>> | undefined>' is not assignable to type 'RequestHandler<ParamsDictionary, any, any, ParsedQs, Record<string, any>>'.
        Types of parameters 'req' and 'req' are incompatible.
          Type 'Request<ParamsDictionary, any, any, ParsedQs, Record<string, any>>' is not assignable to type 'CookieAuthRequest'.
            Types of property 'user' are incompatible.
              Type '{ [key: string]: any; id?: string | undefined; uid?: string | undefined; email?: string | undefined; name?: string | undefined; displayName?: string | undefined; plan?: string | undefined; ... 4 more ...; isEmailVerified?: boolean | undefined; } | undefined' is not assignable to type '{ uid: string; email?: string | undefined; displayName?: string | undefined; } | undefined'.
                Type '{ [key: string]: any; id?: string | undefined; uid?: string | undefined; email?: string | undefined; name?: string | undefined; displayName?: string | undefined; plan?: string | undefined; ... 4 more ...; isEmailVerified?: boolean | undefined; }' is not assignable to type '{ uid: string; email?: string | undefined; displayName?: string | undefined; }'.
                  Types of property 'uid' are incompatible.
                    Type 'string | undefined' is not assignable to type 'string'.
                      Type 'undefined' is not assignable to type 'string'.
server/routes/cicd.ts(148,35): error TS2339: Property 'metrics' does not exist on type '{ duration: number; success: boolean; details: string; metrics: { tests: number; coverage: number; vulnerabilities?: undefined; lighthouse?: undefined; }; } | { duration: number; success: boolean; details: string; metrics: { ...; }; } | { ...; } | { ...; }'.
  Property 'metrics' does not exist on type '{ duration: number; success: boolean; details: string; }'.
server/routes/health.ts(168,14): error TS18046: 'error' is of type 'unknown'.
server/routes/health.ts(295,42): error TS18046: 'error' is of type 'unknown'.
server/routes/health.ts(314,51): error TS18046: 'error' is of type 'unknown'.
server/routes/instagram-diagnostics.ts(72,57): error TS2339: Property 'isInstagramGraphCompatible' does not exist on type 'typeof InstagramApiService'.
server/routes/instagram-diagnostics.ts(73,84): error TS2339: Property 'isFacebookGraphCompatible' does not exist on type 'typeof InstagramApiService'.
server/routes/instagram-diagnostics.ts(80,51): error TS2339: Property 'getUserStories' does not exist on type 'typeof InstagramApiService'.
server/routes/instagram-diagnostics.ts(113,85): error TS2554: Expected 2-3 arguments, but got 4.
server/routes/instagram-diagnostics.ts(226,25): error TS2339: Property '_id' does not exist on type 'SocialAccount'.
server/routes/metrics.ts(203,34): error TS2551: Property 'hasAccessToken' does not exist on type 'SocialAccount'. Did you mean 'accessToken'?
server/routes/metrics.ts(264,41): error TS2769: No overload matches this call.
  Overload 1 of 2, '(predicate: (value: SocialAccount, index: number, obj: SocialAccount[]) => value is SocialAccount, thisArg?: any): SocialAccount | undefined', gave the following error.
    Argument of type '(acc: SocialAccount) => boolean' is not assignable to parameter of type '(value: SocialAccount, index: number, obj: SocialAccount[]) => value is SocialAccount'.
      Types of parameters 'acc' and 'value' are incompatible.
        Type 'SocialAccount' is not assignable to type '{ id: number; workspaceId: string; username: string; isActive: boolean; tokenStatus: string; totalLikes: number; totalComments: number; totalShares: number; totalSaves: number; platform: string; ... 37 more ...; lastSyncAt?: Date | ... 1 more ... | undefined; }'.
          Types of property 'id' are incompatible.
            Type 'string' is not assignable to type 'number'.
  Overload 2 of 2, '(predicate: (value: SocialAccount, index: number, obj: SocialAccount[]) => unknown, thisArg?: any): SocialAccount | undefined', gave the following error.
    Argument of type '(acc: SocialAccount) => boolean' is not assignable to parameter of type '(value: SocialAccount, index: number, obj: SocialAccount[]) => unknown'.
      Types of parameters 'acc' and 'value' are incompatible.
        Type 'SocialAccount' is not assignable to type '{ id: number; workspaceId: string; username: string; isActive: boolean; tokenStatus: string; totalLikes: number; totalComments: number; totalShares: number; totalSaves: number; platform: string; ... 37 more ...; lastSyncAt?: Date | ... 1 more ... | undefined; }'.
          Types of property 'id' are incompatible.
            Type 'string' is not assignable to type 'number'.
server/routes/metrics.ts(291,19): error TS2551: Property 'hasAccessToken' does not exist on type 'SocialAccount'. Did you mean 'accessToken'?
server/routes/metrics.ts(357,51): error TS2769: No overload matches this call.
  Overload 1 of 2, '(predicate: (value: SocialAccount, index: number, array: SocialAccount[]) => value is SocialAccount, thisArg?: any): SocialAccount[]', gave the following error.
    Argument of type '(acc: SocialAccount) => boolean' is not assignable to parameter of type '(value: SocialAccount, index: number, array: SocialAccount[]) => value is SocialAccount'.
      Types of parameters 'acc' and 'value' are incompatible.
        Type 'SocialAccount' is not assignable to type '{ id: number; workspaceId: string; username: string; isActive: boolean; tokenStatus: string; totalLikes: number; totalComments: number; totalShares: number; totalSaves: number; platform: string; ... 37 more ...; lastSyncAt?: Date | ... 1 more ... | undefined; }'.
          Types of property 'id' are incompatible.
            Type 'string' is not assignable to type 'number'.
  Overload 2 of 2, '(predicate: (value: SocialAccount, index: number, array: SocialAccount[]) => unknown, thisArg?: any): SocialAccount[]', gave the following error.
    Argument of type '(acc: SocialAccount) => boolean' is not assignable to parameter of type '(value: SocialAccount, index: number, array: SocialAccount[]) => unknown'.
      Types of parameters 'acc' and 'value' are incompatible.
        Type 'SocialAccount' is not assignable to type '{ id: number; workspaceId: string; username: string; isActive: boolean; tokenStatus: string; totalLikes: number; totalComments: number; totalShares: number; totalSaves: number; platform: string; ... 37 more ...; lastSyncAt?: Date | ... 1 more ... | undefined; }'.
          Types of property 'id' are incompatible.
            Type 'string' is not assignable to type 'number'.
server/routes/metrics.ts(362,52): error TS2769: No overload matches this call.
  Overload 1 of 2, '(predicate: (value: SocialAccount, index: number, array: SocialAccount[]) => value is SocialAccount, thisArg?: any): SocialAccount[]', gave the following error.
    Argument of type '(acc: SocialAccount) => boolean' is not assignable to parameter of type '(value: SocialAccount, index: number, array: SocialAccount[]) => value is SocialAccount'.
      Types of parameters 'acc' and 'value' are incompatible.
        Type 'SocialAccount' is not assignable to type '{ id: number; workspaceId: string; username: string; isActive: boolean; tokenStatus: string; totalLikes: number; totalComments: number; totalShares: number; totalSaves: number; platform: string; ... 37 more ...; lastSyncAt?: Date | ... 1 more ... | undefined; }'.
          Types of property 'id' are incompatible.
            Type 'string' is not assignable to type 'number'.
  Overload 2 of 2, '(predicate: (value: SocialAccount, index: number, array: SocialAccount[]) => unknown, thisArg?: any): SocialAccount[]', gave the following error.
    Argument of type '(acc: SocialAccount) => boolean' is not assignable to parameter of type '(value: SocialAccount, index: number, array: SocialAccount[]) => unknown'.
      Types of parameters 'acc' and 'value' are incompatible.
        Type 'SocialAccount' is not assignable to type '{ id: number; workspaceId: string; username: string; isActive: boolean; tokenStatus: string; totalLikes: number; totalComments: number; totalShares: number; totalSaves: number; platform: string; ... 37 more ...; lastSyncAt?: Date | ... 1 more ... | undefined; }'.
          Types of property 'id' are incompatible.
            Type 'string' is not assignable to type 'number'.
server/routes/metrics.ts(374,32): error TS2551: Property 'hasAccessToken' does not exist on type 'SocialAccount'. Did you mean 'accessToken'?
server/routes/metrics.ts(413,53): error TS2769: No overload matches this call.
  Overload 1 of 2, '(predicate: (value: SocialAccount, index: number, array: SocialAccount[]) => value is SocialAccount, thisArg?: any): SocialAccount[]', gave the following error.
    Argument of type '(acc: SocialAccount) => boolean' is not assignable to parameter of type '(value: SocialAccount, index: number, array: SocialAccount[]) => value is SocialAccount'.
      Types of parameters 'acc' and 'value' are incompatible.
        Type 'SocialAccount' is not assignable to type '{ id: number; workspaceId: string; username: string; isActive: boolean; tokenStatus: string; totalLikes: number; totalComments: number; totalShares: number; totalSaves: number; platform: string; ... 37 more ...; lastSyncAt?: Date | ... 1 more ... | undefined; }'.
          Types of property 'id' are incompatible.
            Type 'string' is not assignable to type 'number'.
  Overload 2 of 2, '(predicate: (value: SocialAccount, index: number, array: SocialAccount[]) => unknown, thisArg?: any): SocialAccount[]', gave the following error.
    Argument of type '(acc: SocialAccount) => boolean' is not assignable to parameter of type '(value: SocialAccount, index: number, array: SocialAccount[]) => unknown'.
      Types of parameters 'acc' and 'value' are incompatible.
        Type 'SocialAccount' is not assignable to type '{ id: number; workspaceId: string; username: string; isActive: boolean; tokenStatus: string; totalLikes: number; totalComments: number; totalShares: number; totalSaves: number; platform: string; ... 37 more ...; lastSyncAt?: Date | ... 1 more ... | undefined; }'.
          Types of property 'id' are incompatible.
            Type 'string' is not assignable to type 'number'.
server/routes/metrics.ts(420,46): error TS2769: No overload matches this call.
  Overload 1 of 2, '(predicate: (value: SocialAccount, index: number, array: SocialAccount[]) => value is SocialAccount, thisArg?: any): SocialAccount[]', gave the following error.
    Argument of type '(acc: SocialAccount) => boolean' is not assignable to parameter of type '(value: SocialAccount, index: number, array: SocialAccount[]) => value is SocialAccount'.
      Types of parameters 'acc' and 'value' are incompatible.
        Type 'SocialAccount' is not assignable to type '{ id: number; workspaceId: string; username: string; isActive: boolean; tokenStatus: string; totalLikes: number; totalComments: number; totalShares: number; totalSaves: number; platform: string; ... 37 more ...; lastSyncAt?: Date | ... 1 more ... | undefined; }'.
          Types of property 'id' are incompatible.
            Type 'string' is not assignable to type 'number'.
  Overload 2 of 2, '(predicate: (value: SocialAccount, index: number, array: SocialAccount[]) => unknown, thisArg?: any): SocialAccount[]', gave the following error.
    Argument of type '(acc: SocialAccount) => boolean' is not assignable to parameter of type '(value: SocialAccount, index: number, array: SocialAccount[]) => unknown'.
      Types of parameters 'acc' and 'value' are incompatible.
        Type 'SocialAccount' is not assignable to type '{ id: number; workspaceId: string; username: string; isActive: boolean; tokenStatus: string; totalLikes: number; totalComments: number; totalShares: number; totalSaves: number; platform: string; ... 37 more ...; lastSyncAt?: Date | ... 1 more ... | undefined; }'.
          Types of property 'id' are incompatible.
            Type 'string' is not assignable to type 'number'.
server/routes/metrics.ts(421,51): error TS2769: No overload matches this call.
  Overload 1 of 2, '(predicate: (value: SocialAccount, index: number, array: SocialAccount[]) => value is SocialAccount, thisArg?: any): SocialAccount[]', gave the following error.
    Argument of type '(acc: SocialAccount) => boolean' is not assignable to parameter of type '(value: SocialAccount, index: number, array: SocialAccount[]) => value is SocialAccount'.
      Types of parameters 'acc' and 'value' are incompatible.
        Type 'SocialAccount' is not assignable to type '{ id: number; workspaceId: string; username: string; isActive: boolean; tokenStatus: string; totalLikes: number; totalComments: number; totalShares: number; totalSaves: number; platform: string; ... 37 more ...; lastSyncAt?: Date | ... 1 more ... | undefined; }'.
          Types of property 'id' are incompatible.
            Type 'string' is not assignable to type 'number'.
  Overload 2 of 2, '(predicate: (value: SocialAccount, index: number, array: SocialAccount[]) => unknown, thisArg?: any): SocialAccount[]', gave the following error.
    Argument of type '(acc: SocialAccount) => boolean' is not assignable to parameter of type '(value: SocialAccount, index: number, array: SocialAccount[]) => unknown'.
      Types of parameters 'acc' and 'value' are incompatible.
        Type 'SocialAccount' is not assignable to type '{ id: number; workspaceId: string; username: string; isActive: boolean; tokenStatus: string; totalLikes: number; totalComments: number; totalShares: number; totalSaves: number; platform: string; ... 37 more ...; lastSyncAt?: Date | ... 1 more ... | undefined; }'.
          Types of property 'id' are incompatible.
            Type 'string' is not assignable to type 'number'.
server/routes/subscription.ts(121,7): error TS7053: Element implicitly has an 'any' type because expression of type 'string' can't be used to index type '{}'.
  No index signature with a parameter of type 'string' was found on type '{}'.
server/routes/subscription.ts(229,27): error TS7053: Element implicitly has an 'any' type because expression of type 'any' can't be used to index type '{ dashboard: { allowed: boolean; }; 'content-scheduler': { allowed: boolean; limit: number; }; analytics: { allowed: boolean; limit: string; }; workspace: { allowed: boolean; limit: number; }; 'social-accounts': { ...; }; ... 14 more ...; 'advanced-analytics': { ...; }; } | { ...; } | { ...; } | { ...; }'.
server/routes/subscription.ts(241,41): error TS2345: Argument of type 'string | undefined' is not assignable to parameter of type 'string'.
  Type 'undefined' is not assignable to type 'string'.
server/routes/subscription.ts(298,19): error TS2551: Property 'updateUserPlan' does not exist on type 'MongoStorage | MemStorage'. Did you mean 'updateUser'?
  Property 'updateUserPlan' does not exist on type 'MongoStorage'.
server/routes/subscription.ts(344,19): error TS2551: Property 'createUserAddon' does not exist on type 'MongoStorage | MemStorage'. Did you mean 'createAddon'?
  Property 'createUserAddon' does not exist on type 'MongoStorage'.
server/routes/subscription.ts(378,56): error TS2345: Argument of type 'string | undefined' is not assignable to parameter of type 'string'.
  Type 'undefined' is not assignable to type 'string'.
server/routes/subscription.ts(381,68): error TS2345: Argument of type 'string | undefined' is not assignable to parameter of type 'string'.
  Type 'undefined' is not assignable to type 'string'.
server/routes/subscription.ts(414,18): error TS7053: Element implicitly has an 'any' type because expression of type 'any' can't be used to index type '{ free: { id: string; name: string; description: string; price: number; currency: string; interval: string; credits: number; features: string[]; }; starter: { id: string; name: string; description: string; ... 6 more ...; features: string[]; }; pro: { ...; }; business: { ...; }; }'.
server/routes/subscription.ts(457,25): error TS18047: 'razorpay' is possibly 'null'.
server/routes/subscription.ts(457,48): error TS2345: Argument of type '{ amount: number; currency: string; receipt: string; notes: { userId: string | undefined; planId: any; interval: any; planName: any; currentPlan: string; }; }' is not assignable to parameter of type 'RazorpayOrderCreateRequestBody | RazorpayTransferCreateRequestBody | RazorpayAuthorizationCreateRequestBody'.
  Type '{ amount: number; currency: string; receipt: string; notes: { userId: string | undefined; planId: any; interval: any; planName: any; currentPlan: string; }; }' is missing the following properties from type 'RazorpayAuthorizationCreateRequestBody': customer_id, token
server/routes/subscription.ts(460,22): error TS2339: Property 'id' does not exist on type 'Promise<RazorpayOrder> & void'.
server/routes/subscription.ts(467,22): error TS2339: Property 'id' does not exist on type 'Promise<RazorpayOrder> & void'.
server/routes/subscription.ts(541,18): error TS7053: Element implicitly has an 'any' type because expression of type 'any' can't be used to index type '{ free: { id: string; name: string; description: string; price: number; currency: string; interval: string; credits: number; features: string[]; }; starter: { id: string; name: string; description: string; ... 6 more ...; features: string[]; }; pro: { ...; }; business: { ...; }; }'.
server/routes/subscription.ts(548,29): error TS18047: 'razorpay' is possibly 'null'.
server/routes/subscription.ts(565,44): error TS2345: Argument of type 'string | undefined' is not assignable to parameter of type 'string'.
  Type 'undefined' is not assignable to type 'string'.
server/routes/subscription.ts(570,39): error TS2345: Argument of type 'string | undefined' is not assignable to parameter of type 'string'.
  Type 'undefined' is not assignable to type 'string'.
server/routes/subscription.ts(576,9): error TS2322: Type 'string | undefined' is not assignable to type 'string'.
  Type 'undefined' is not assignable to type 'string'.
server/routes/subscription.ts(611,50): error TS18046: 'error' is of type 'unknown'.
server/routes/subscription.ts(612,52): error TS18046: 'error' is of type 'unknown'.
server/routes/subscription.ts(616,9): error TS18046: 'error' is of type 'unknown'.
server/routes/subscription.ts(616,26): error TS18046: 'error' is of type 'unknown'.
server/routes/subscription.ts(620,9): error TS18046: 'error' is of type 'unknown'.
server/routes/subscription.ts(620,26): error TS18046: 'error' is of type 'unknown'.
server/routes/v1/activity.routes.ts(27,3): error TS2769: No overload matches this call.
  The last overload gave the following error.
    Argument of type '(req: AuthenticatedRequest, res: Response) => Promise<void>' is not assignable to parameter of type 'RequestHandlerParams<ParamsDictionary, any, { [key: string]: any; interests?: string[] | undefined; contentType?: string | undefined; industry?: string | undefined; }, ParsedQs, Record<...>>'.
      Type '(req: AuthenticatedRequest, res: Response) => Promise<void>' is not assignable to type 'RequestHandler<ParamsDictionary, any, { [key: string]: any; interests?: string[] | undefined; contentType?: string | undefined; industry?: string | undefined; }, ParsedQs, Record<...>>'.
        Types of parameters 'req' and 'req' are incompatible.
          Type 'Request<ParamsDictionary, any, { [key: string]: any; interests?: string[] | undefined; contentType?: string | undefined; industry?: string | undefined; }, ParsedQs, Record<...>>' is not assignable to type 'AuthenticatedRequest'.
            Types of property 'user' are incompatible.
              Type '{ [key: string]: any; id?: string | undefined; uid?: string | undefined; email?: string | undefined; name?: string | undefined; displayName?: string | undefined; plan?: string | undefined; ... 4 more ...; isEmailVerified?: boolean | undefined; } | undefined' is not assignable to type '{ [key: string]: any; uid: string; email?: string | undefined; displayName?: string | undefined; id: string; isOnboarded?: boolean | undefined; firebaseUid?: string | undefined; plan?: string | undefined; credits?: number | undefined; workspaceId?: string | undefined; }'.
                Type 'undefined' is not assignable to type '{ [key: string]: any; uid: string; email?: string | undefined; displayName?: string | undefined; id: string; isOnboarded?: boolean | undefined; firebaseUid?: string | undefined; plan?: string | undefined; credits?: number | undefined; workspaceId?: string | undefined; }'.
server/routes/v1/activity.routes.ts(73,3): error TS2769: No overload matches this call.
  The last overload gave the following error.
    Argument of type '(req: AuthenticatedRequest, res: Response) => Promise<Response<any, Record<string, any>> | undefined>' is not assignable to parameter of type 'RequestHandlerParams<ParamsDictionary, any, { [key: string]: any; interests?: string[] | undefined; contentType?: string | undefined; industry?: string | undefined; }, ParsedQs, Record<...>>'.
      Type '(req: AuthenticatedRequest, res: Response) => Promise<Response<any, Record<string, any>> | undefined>' is not assignable to type 'RequestHandler<ParamsDictionary, any, { [key: string]: any; interests?: string[] | undefined; contentType?: string | undefined; industry?: string | undefined; }, ParsedQs, Record<...>>'.
        Types of parameters 'req' and 'req' are incompatible.
          Type 'Request<ParamsDictionary, any, { [key: string]: any; interests?: string[] | undefined; contentType?: string | undefined; industry?: string | undefined; }, ParsedQs, Record<...>>' is not assignable to type 'AuthenticatedRequest'.
            Types of property 'user' are incompatible.
              Type '{ [key: string]: any; id?: string | undefined; uid?: string | undefined; email?: string | undefined; name?: string | undefined; displayName?: string | undefined; plan?: string | undefined; ... 4 more ...; isEmailVerified?: boolean | undefined; } | undefined' is not assignable to type '{ [key: string]: any; uid: string; email?: string | undefined; displayName?: string | undefined; id: string; isOnboarded?: boolean | undefined; firebaseUid?: string | undefined; plan?: string | undefined; credits?: number | undefined; workspaceId?: string | undefined; }'.
                Type 'undefined' is not assignable to type '{ [key: string]: any; uid: string; email?: string | undefined; displayName?: string | undefined; id: string; isOnboarded?: boolean | undefined; firebaseUid?: string | undefined; plan?: string | undefined; credits?: number | undefined; workspaceId?: string | undefined; }'.
server/routes/v1/ai.routes.ts(105,3): error TS2769: No overload matches this call.
  The last overload gave the following error.
    Argument of type '(req: AuthenticatedRequest, res: Response) => Promise<Response<any, Record<string, any>> | undefined>' is not assignable to parameter of type 'RequestHandlerParams<ParamsDictionary, any, { [key: string]: any; interests?: string[] | undefined; contentType?: string | undefined; industry?: string | undefined; }, ParsedQs, Record<...>>'.
      Type '(req: AuthenticatedRequest, res: Response) => Promise<Response<any, Record<string, any>> | undefined>' is not assignable to type 'RequestHandler<ParamsDictionary, any, { [key: string]: any; interests?: string[] | undefined; contentType?: string | undefined; industry?: string | undefined; }, ParsedQs, Record<...>>'.
        Types of parameters 'req' and 'req' are incompatible.
          Type 'Request<ParamsDictionary, any, { [key: string]: any; interests?: string[] | undefined; contentType?: string | undefined; industry?: string | undefined; }, ParsedQs, Record<...>>' is not assignable to type 'AuthenticatedRequest'.
            Types of property 'user' are incompatible.
              Type '{ [key: string]: any; id?: string | undefined; uid?: string | undefined; email?: string | undefined; name?: string | undefined; displayName?: string | undefined; plan?: string | undefined; ... 4 more ...; isEmailVerified?: boolean | undefined; } | undefined' is not assignable to type '{ [key: string]: any; uid: string; email?: string | undefined; displayName?: string | undefined; id: string; isOnboarded?: boolean | undefined; firebaseUid?: string | undefined; plan?: string | undefined; credits?: number | undefined; workspaceId?: string | undefined; }'.
                Type 'undefined' is not assignable to type '{ [key: string]: any; uid: string; email?: string | undefined; displayName?: string | undefined; id: string; isOnboarded?: boolean | undefined; firebaseUid?: string | undefined; plan?: string | undefined; credits?: number | undefined; workspaceId?: string | undefined; }'.
server/routes/v1/ai.routes.ts(128,43): error TS2339: Property '_id' does not exist on type 'Workspace'.
server/routes/v1/ai.routes.ts(145,63): error TS2345: Argument of type '{ [key: string]: any; interests?: string[] | undefined; contentType?: string | undefined; industry?: string | undefined; }' is not assignable to parameter of type 'CreativeBriefInput'.
  Type '{ [key: string]: any; interests?: string[] | undefined; contentType?: string | undefined; industry?: string | undefined; }' is missing the following properties from type 'CreativeBriefInput': title, targetAudience, platforms, campaignGoals, and 2 more.
server/routes/v1/ai.routes.ts(178,3): error TS2769: No overload matches this call.
  The last overload gave the following error.
    Argument of type '(req: AuthenticatedRequest, res: Response) => Promise<Response<any, Record<string, any>> | undefined>' is not assignable to parameter of type 'RequestHandlerParams<ParamsDictionary, any, { [key: string]: any; interests?: string[] | undefined; contentType?: string | undefined; industry?: string | undefined; }, ParsedQs, Record<...>>'.
      Type '(req: AuthenticatedRequest, res: Response) => Promise<Response<any, Record<string, any>> | undefined>' is not assignable to type 'RequestHandler<ParamsDictionary, any, { [key: string]: any; interests?: string[] | undefined; contentType?: string | undefined; industry?: string | undefined; }, ParsedQs, Record<...>>'.
        Types of parameters 'req' and 'req' are incompatible.
          Type 'Request<ParamsDictionary, any, { [key: string]: any; interests?: string[] | undefined; contentType?: string | undefined; industry?: string | undefined; }, ParsedQs, Record<...>>' is not assignable to type 'AuthenticatedRequest'.
            Types of property 'user' are incompatible.
              Type '{ [key: string]: any; id?: string | undefined; uid?: string | undefined; email?: string | undefined; name?: string | undefined; displayName?: string | undefined; plan?: string | undefined; ... 4 more ...; isEmailVerified?: boolean | undefined; } | undefined' is not assignable to type '{ [key: string]: any; uid: string; email?: string | undefined; displayName?: string | undefined; id: string; isOnboarded?: boolean | undefined; firebaseUid?: string | undefined; plan?: string | undefined; credits?: number | undefined; workspaceId?: string | undefined; }'.
                Type 'undefined' is not assignable to type '{ [key: string]: any; uid: string; email?: string | undefined; displayName?: string | undefined; id: string; isOnboarded?: boolean | undefined; firebaseUid?: string | undefined; plan?: string | undefined; credits?: number | undefined; workspaceId?: string | undefined; }'.
server/routes/v1/ai.routes.ts(217,73): error TS2345: Argument of type '{ [key: string]: any; interests?: string[] | undefined; contentType?: string | undefined; industry?: string | undefined; }' is not assignable to parameter of type 'RepurposeInput'.
  Type '{ [key: string]: any; interests?: string[] | undefined; contentType?: string | undefined; industry?: string | undefined; }' is missing the following properties from type 'RepurposeInput': sourceContent, sourceLanguage, targetLanguage, platform
server/routes/v1/ai.routes.ts(250,3): error TS2769: No overload matches this call.
  The last overload gave the following error.
    Argument of type '(req: AuthenticatedRequest, res: Response) => Promise<Response<any, Record<string, any>> | undefined>' is not assignable to parameter of type 'RequestHandlerParams<ParamsDictionary, any, { [key: string]: any; interests?: string[] | undefined; contentType?: string | undefined; industry?: string | undefined; }, ParsedQs, Record<...>>'.
      Type '(req: AuthenticatedRequest, res: Response) => Promise<Response<any, Record<string, any>> | undefined>' is not assignable to type 'RequestHandler<ParamsDictionary, any, { [key: string]: any; interests?: string[] | undefined; contentType?: string | undefined; industry?: string | undefined; }, ParsedQs, Record<...>>'.
        Types of parameters 'req' and 'req' are incompatible.
          Type 'Request<ParamsDictionary, any, { [key: string]: any; interests?: string[] | undefined; contentType?: string | undefined; industry?: string | undefined; }, ParsedQs, Record<...>>' is not assignable to type 'AuthenticatedRequest'.
            Types of property 'user' are incompatible.
              Type '{ [key: string]: any; id?: string | undefined; uid?: string | undefined; email?: string | undefined; name?: string | undefined; displayName?: string | undefined; plan?: string | undefined; ... 4 more ...; isEmailVerified?: boolean | undefined; } | undefined' is not assignable to type '{ [key: string]: any; uid: string; email?: string | undefined; displayName?: string | undefined; id: string; isOnboarded?: boolean | undefined; firebaseUid?: string | undefined; plan?: string | undefined; credits?: number | undefined; workspaceId?: string | undefined; }'.
                Type 'undefined' is not assignable to type '{ [key: string]: any; uid: string; email?: string | undefined; displayName?: string | undefined; id: string; isOnboarded?: boolean | undefined; firebaseUid?: string | undefined; plan?: string | undefined; credits?: number | undefined; workspaceId?: string | undefined; }'.
server/routes/v1/ai.routes.ts(271,9): error TS2345: Argument of type 'string | undefined' is not assignable to parameter of type '"title" | "caption" | "script" | "description" | "hashtags"'.
  Type 'undefined' is not assignable to type '"title" | "caption" | "script" | "description" | "hashtags"'.
server/routes/v1/ai.routes.ts(300,3): error TS2769: No overload matches this call.
  The last overload gave the following error.
    Argument of type '(req: AuthenticatedRequest, res: Response) => Promise<Response<any, Record<string, any>> | undefined>' is not assignable to parameter of type 'RequestHandlerParams<ParamsDictionary, any, { [key: string]: any; interests?: string[] | undefined; contentType?: string | undefined; industry?: string | undefined; }, ParsedQs, Record<...>>'.
      Type '(req: AuthenticatedRequest, res: Response) => Promise<Response<any, Record<string, any>> | undefined>' is not assignable to type 'RequestHandler<ParamsDictionary, any, { [key: string]: any; interests?: string[] | undefined; contentType?: string | undefined; industry?: string | undefined; }, ParsedQs, Record<...>>'.
        Types of parameters 'req' and 'req' are incompatible.
          Type 'Request<ParamsDictionary, any, { [key: string]: any; interests?: string[] | undefined; contentType?: string | undefined; industry?: string | undefined; }, ParsedQs, Record<...>>' is not assignable to type 'AuthenticatedRequest'.
            Types of property 'user' are incompatible.
              Type '{ [key: string]: any; id?: string | undefined; uid?: string | undefined; email?: string | undefined; name?: string | undefined; displayName?: string | undefined; plan?: string | undefined; ... 4 more ...; isEmailVerified?: boolean | undefined; } | undefined' is not assignable to type '{ [key: string]: any; uid: string; email?: string | undefined; displayName?: string | undefined; id: string; isOnboarded?: boolean | undefined; firebaseUid?: string | undefined; plan?: string | undefined; credits?: number | undefined; workspaceId?: string | undefined; }'.
                Type 'undefined' is not assignable to type '{ [key: string]: any; uid: string; email?: string | undefined; displayName?: string | undefined; id: string; isOnboarded?: boolean | undefined; firebaseUid?: string | undefined; plan?: string | undefined; credits?: number | undefined; workspaceId?: string | undefined; }'.
server/routes/v1/ai.routes.ts(330,9): error TS2353: Object literal may only specify known properties, and 'scrapedData' does not exist in type 'InsertCompetitorAnalysis'.
server/routes/v1/ai.routes.ts(387,3): error TS2769: No overload matches this call.
  The last overload gave the following error.
    Argument of type '(req: AuthenticatedRequest, res: Response) => Promise<Response<any, Record<string, any>> | undefined>' is not assignable to parameter of type 'RequestHandlerParams<ParamsDictionary, any, { [key: string]: any; interests?: string[] | undefined; contentType?: string | undefined; industry?: string | undefined; }, ParsedQs, Record<...>>'.
      Type '(req: AuthenticatedRequest, res: Response) => Promise<Response<any, Record<string, any>> | undefined>' is not assignable to type 'RequestHandler<ParamsDictionary, any, { [key: string]: any; interests?: string[] | undefined; contentType?: string | undefined; industry?: string | undefined; }, ParsedQs, Record<...>>'.
        Types of parameters 'req' and 'req' are incompatible.
          Type 'Request<ParamsDictionary, any, { [key: string]: any; interests?: string[] | undefined; contentType?: string | undefined; industry?: string | undefined; }, ParsedQs, Record<...>>' is not assignable to type 'AuthenticatedRequest'.
            Types of property 'user' are incompatible.
              Type '{ [key: string]: any; id?: string | undefined; uid?: string | undefined; email?: string | undefined; name?: string | undefined; displayName?: string | undefined; plan?: string | undefined; ... 4 more ...; isEmailVerified?: boolean | undefined; } | undefined' is not assignable to type '{ [key: string]: any; uid: string; email?: string | undefined; displayName?: string | undefined; id: string; isOnboarded?: boolean | undefined; firebaseUid?: string | undefined; plan?: string | undefined; credits?: number | undefined; workspaceId?: string | undefined; }'.
                Type 'undefined' is not assignable to type '{ [key: string]: any; uid: string; email?: string | undefined; displayName?: string | undefined; id: string; isOnboarded?: boolean | undefined; firebaseUid?: string | undefined; plan?: string | undefined; credits?: number | undefined; workspaceId?: string | undefined; }'.
server/routes/v1/ai.routes.ts(463,3): error TS2769: No overload matches this call.
  The last overload gave the following error.
    Argument of type '(req: AuthenticatedRequest, res: Response) => Promise<Response<any, Record<string, any>> | undefined>' is not assignable to parameter of type 'RequestHandlerParams<ParamsDictionary, any, { [key: string]: any; interests?: string[] | undefined; contentType?: string | undefined; industry?: string | undefined; }, ParsedQs, Record<...>>'.
      Type '(req: AuthenticatedRequest, res: Response) => Promise<Response<any, Record<string, any>> | undefined>' is not assignable to type 'RequestHandler<ParamsDictionary, any, { [key: string]: any; interests?: string[] | undefined; contentType?: string | undefined; industry?: string | undefined; }, ParsedQs, Record<...>>'.
        Types of parameters 'req' and 'req' are incompatible.
          Type 'Request<ParamsDictionary, any, { [key: string]: any; interests?: string[] | undefined; contentType?: string | undefined; industry?: string | undefined; }, ParsedQs, Record<...>>' is not assignable to type 'AuthenticatedRequest'.
            Types of property 'user' are incompatible.
              Type '{ [key: string]: any; id?: string | undefined; uid?: string | undefined; email?: string | undefined; name?: string | undefined; displayName?: string | undefined; plan?: string | undefined; ... 4 more ...; isEmailVerified?: boolean | undefined; } | undefined' is not assignable to type '{ [key: string]: any; uid: string; email?: string | undefined; displayName?: string | undefined; id: string; isOnboarded?: boolean | undefined; firebaseUid?: string | undefined; plan?: string | undefined; credits?: number | undefined; workspaceId?: string | undefined; }'.
                Type 'undefined' is not assignable to type '{ [key: string]: any; uid: string; email?: string | undefined; displayName?: string | undefined; id: string; isOnboarded?: boolean | undefined; firebaseUid?: string | undefined; plan?: string | undefined; credits?: number | undefined; workspaceId?: string | undefined; }'.
server/routes/v1/ai.routes.ts(544,3): error TS2769: No overload matches this call.
  The last overload gave the following error.
    Argument of type '(req: AuthenticatedRequest, res: Response) => Promise<Response<any, Record<string, any>> | undefined>' is not assignable to parameter of type 'RequestHandlerParams<ParamsDictionary, any, { [key: string]: any; interests?: string[] | undefined; contentType?: string | undefined; industry?: string | undefined; }, ParsedQs, Record<...>>'.
      Type '(req: AuthenticatedRequest, res: Response) => Promise<Response<any, Record<string, any>> | undefined>' is not assignable to type 'RequestHandler<ParamsDictionary, any, { [key: string]: any; interests?: string[] | undefined; contentType?: string | undefined; industry?: string | undefined; }, ParsedQs, Record<...>>'.
        Types of parameters 'req' and 'req' are incompatible.
          Type 'Request<ParamsDictionary, any, { [key: string]: any; interests?: string[] | undefined; contentType?: string | undefined; industry?: string | undefined; }, ParsedQs, Record<...>>' is not assignable to type 'AuthenticatedRequest'.
            Types of property 'user' are incompatible.
              Type '{ [key: string]: any; id?: string | undefined; uid?: string | undefined; email?: string | undefined; name?: string | undefined; displayName?: string | undefined; plan?: string | undefined; ... 4 more ...; isEmailVerified?: boolean | undefined; } | undefined' is not assignable to type '{ [key: string]: any; uid: string; email?: string | undefined; displayName?: string | undefined; id: string; isOnboarded?: boolean | undefined; firebaseUid?: string | undefined; plan?: string | undefined; credits?: number | undefined; workspaceId?: string | undefined; }'.
                Type 'undefined' is not assignable to type '{ [key: string]: any; uid: string; email?: string | undefined; displayName?: string | undefined; id: string; isOnboarded?: boolean | undefined; firebaseUid?: string | undefined; plan?: string | undefined; credits?: number | undefined; workspaceId?: string | undefined; }'.
server/routes/v1/ai.routes.ts(705,3): error TS2769: No overload matches this call.
  The last overload gave the following error.
    Argument of type '(req: AuthenticatedRequest, res: Response) => Promise<Response<any, Record<string, any>> | undefined>' is not assignable to parameter of type 'RequestHandlerParams<ParamsDictionary, any, { [key: string]: any; interests?: string[] | undefined; contentType?: string | undefined; industry?: string | undefined; }, ParsedQs, Record<...>>'.
      Type '(req: AuthenticatedRequest, res: Response) => Promise<Response<any, Record<string, any>> | undefined>' is not assignable to type 'RequestHandler<ParamsDictionary, any, { [key: string]: any; interests?: string[] | undefined; contentType?: string | undefined; industry?: string | undefined; }, ParsedQs, Record<...>>'.
        Types of parameters 'req' and 'req' are incompatible.
          Type 'Request<ParamsDictionary, any, { [key: string]: any; interests?: string[] | undefined; contentType?: string | undefined; industry?: string | undefined; }, ParsedQs, Record<...>>' is not assignable to type 'AuthenticatedRequest'.
            Types of property 'user' are incompatible.
              Type '{ [key: string]: any; id?: string | undefined; uid?: string | undefined; email?: string | undefined; name?: string | undefined; displayName?: string | undefined; plan?: string | undefined; ... 4 more ...; isEmailVerified?: boolean | undefined; } | undefined' is not assignable to type '{ [key: string]: any; uid: string; email?: string | undefined; displayName?: string | undefined; id: string; isOnboarded?: boolean | undefined; firebaseUid?: string | undefined; plan?: string | undefined; credits?: number | undefined; workspaceId?: string | undefined; }'.
                Type 'undefined' is not assignable to type '{ [key: string]: any; uid: string; email?: string | undefined; displayName?: string | undefined; id: string; isOnboarded?: boolean | undefined; firebaseUid?: string | undefined; plan?: string | undefined; credits?: number | undefined; workspaceId?: string | undefined; }'.
server/routes/v1/ai.routes.ts(808,3): error TS2769: No overload matches this call.
  The last overload gave the following error.
    Argument of type '(req: AuthenticatedRequest, res: Response) => Promise<Response<any, Record<string, any>> | undefined>' is not assignable to parameter of type 'RequestHandlerParams<ParamsDictionary, any, { [key: string]: any; interests?: string[] | undefined; contentType?: string | undefined; industry?: string | undefined; }, ParsedQs, Record<...>>'.
      Type '(req: AuthenticatedRequest, res: Response) => Promise<Response<any, Record<string, any>> | undefined>' is not assignable to type 'RequestHandler<ParamsDictionary, any, { [key: string]: any; interests?: string[] | undefined; contentType?: string | undefined; industry?: string | undefined; }, ParsedQs, Record<...>>'.
        Types of parameters 'req' and 'req' are incompatible.
          Type 'Request<ParamsDictionary, any, { [key: string]: any; interests?: string[] | undefined; contentType?: string | undefined; industry?: string | undefined; }, ParsedQs, Record<...>>' is not assignable to type 'AuthenticatedRequest'.
            Types of property 'user' are incompatible.
              Type '{ [key: string]: any; id?: string | undefined; uid?: string | undefined; email?: string | undefined; name?: string | undefined; displayName?: string | undefined; plan?: string | undefined; ... 4 more ...; isEmailVerified?: boolean | undefined; } | undefined' is not assignable to type '{ [key: string]: any; uid: string; email?: string | undefined; displayName?: string | undefined; id: string; isOnboarded?: boolean | undefined; firebaseUid?: string | undefined; plan?: string | undefined; credits?: number | undefined; workspaceId?: string | undefined; }'.
                Type 'undefined' is not assignable to type '{ [key: string]: any; uid: string; email?: string | undefined; displayName?: string | undefined; id: string; isOnboarded?: boolean | undefined; firebaseUid?: string | undefined; plan?: string | undefined; credits?: number | undefined; workspaceId?: string | undefined; }'.
server/routes/v1/automation.routes.ts(10,47): error TS2345: Argument of type 'MongoStorage | MemStorage' is not assignable to parameter of type 'IStorage'.
  Type 'MongoStorage' is missing the following properties from type 'IStorage': getAdminNotifications, createThumbnailProject, getThumbnailProject, updateThumbnailProject, and 3 more.
server/routes/v1/automation.routes.ts(57,53): error TS2345: Argument of type 'string | ParsedQs | (string | ParsedQs)[] | undefined' is not assignable to parameter of type 'string'.
  Type 'undefined' is not assignable to type 'string'.
server/routes/v1/billing.routes.ts(33,42): error TS2769: No overload matches this call.
  The last overload gave the following error.
    Argument of type '(req: AuthenticatedRequest, res: Response) => Promise<Response<any, Record<string, any>> | undefined>' is not assignable to parameter of type 'RequestHandlerParams<ParamsDictionary, any, { [key: string]: any; interests?: string[] | undefined; contentType?: string | undefined; industry?: string | undefined; }, ParsedQs, Record<...>>'.
      Type '(req: AuthenticatedRequest, res: Response) => Promise<Response<any, Record<string, any>> | undefined>' is not assignable to type 'RequestHandler<ParamsDictionary, any, { [key: string]: any; interests?: string[] | undefined; contentType?: string | undefined; industry?: string | undefined; }, ParsedQs, Record<...>>'.
        Types of parameters 'req' and 'req' are incompatible.
          Type 'Request<ParamsDictionary, any, { [key: string]: any; interests?: string[] | undefined; contentType?: string | undefined; industry?: string | undefined; }, ParsedQs, Record<...>>' is not assignable to type 'AuthenticatedRequest'.
            Types of property 'user' are incompatible.
              Type '{ [key: string]: any; id?: string | undefined; uid?: string | undefined; email?: string | undefined; name?: string | undefined; displayName?: string | undefined; plan?: string | undefined; ... 4 more ...; isEmailVerified?: boolean | undefined; } | undefined' is not assignable to type '{ [key: string]: any; uid: string; email?: string | undefined; displayName?: string | undefined; id: string; isOnboarded?: boolean | undefined; firebaseUid?: string | undefined; plan?: string | undefined; credits?: number | undefined; workspaceId?: string | undefined; }'.
                Type 'undefined' is not assignable to type '{ [key: string]: any; uid: string; email?: string | undefined; displayName?: string | undefined; id: string; isOnboarded?: boolean | undefined; firebaseUid?: string | undefined; plan?: string | undefined; credits?: number | undefined; workspaceId?: string | undefined; }'.
server/routes/v1/billing.routes.ts(92,49): error TS2769: No overload matches this call.
  The last overload gave the following error.
    Argument of type '(req: AuthenticatedRequest, res: Response) => Promise<void>' is not assignable to parameter of type 'RequestHandlerParams<ParamsDictionary, any, { [key: string]: any; interests?: string[] | undefined; contentType?: string | undefined; industry?: string | undefined; }, ParsedQs, Record<...>>'.
      Type '(req: AuthenticatedRequest, res: Response) => Promise<void>' is not assignable to type 'RequestHandler<ParamsDictionary, any, { [key: string]: any; interests?: string[] | undefined; contentType?: string | undefined; industry?: string | undefined; }, ParsedQs, Record<...>>'.
        Types of parameters 'req' and 'req' are incompatible.
          Type 'Request<ParamsDictionary, any, { [key: string]: any; interests?: string[] | undefined; contentType?: string | undefined; industry?: string | undefined; }, ParsedQs, Record<...>>' is not assignable to type 'AuthenticatedRequest'.
            Types of property 'user' are incompatible.
              Type '{ [key: string]: any; id?: string | undefined; uid?: string | undefined; email?: string | undefined; name?: string | undefined; displayName?: string | undefined; plan?: string | undefined; ... 4 more ...; isEmailVerified?: boolean | undefined; } | undefined' is not assignable to type '{ [key: string]: any; uid: string; email?: string | undefined; displayName?: string | undefined; id: string; isOnboarded?: boolean | undefined; firebaseUid?: string | undefined; plan?: string | undefined; credits?: number | undefined; workspaceId?: string | undefined; }'.
                Type 'undefined' is not assignable to type '{ [key: string]: any; uid: string; email?: string | undefined; displayName?: string | undefined; id: string; isOnboarded?: boolean | undefined; firebaseUid?: string | undefined; plan?: string | undefined; credits?: number | undefined; workspaceId?: string | undefined; }'.
server/routes/v1/billing.routes.ts(107,3): error TS2769: No overload matches this call.
  The last overload gave the following error.
    Argument of type '(req: AuthenticatedRequest, res: Response) => Promise<Response<any, Record<string, any>> | undefined>' is not assignable to parameter of type 'RequestHandlerParams<ParamsDictionary, any, { [key: string]: any; interests?: string[] | undefined; contentType?: string | undefined; industry?: string | undefined; }, ParsedQs, Record<...>>'.
      Type '(req: AuthenticatedRequest, res: Response) => Promise<Response<any, Record<string, any>> | undefined>' is not assignable to type 'RequestHandler<ParamsDictionary, any, { [key: string]: any; interests?: string[] | undefined; contentType?: string | undefined; industry?: string | undefined; }, ParsedQs, Record<...>>'.
        Types of parameters 'req' and 'req' are incompatible.
          Type 'Request<ParamsDictionary, any, { [key: string]: any; interests?: string[] | undefined; contentType?: string | undefined; industry?: string | undefined; }, ParsedQs, Record<...>>' is not assignable to type 'AuthenticatedRequest'.
            Types of property 'user' are incompatible.
              Type '{ [key: string]: any; id?: string | undefined; uid?: string | undefined; email?: string | undefined; name?: string | undefined; displayName?: string | undefined; plan?: string | undefined; ... 4 more ...; isEmailVerified?: boolean | undefined; } | undefined' is not assignable to type '{ [key: string]: any; uid: string; email?: string | undefined; displayName?: string | undefined; id: string; isOnboarded?: boolean | undefined; firebaseUid?: string | undefined; plan?: string | undefined; credits?: number | undefined; workspaceId?: string | undefined; }'.
                Type 'undefined' is not assignable to type '{ [key: string]: any; uid: string; email?: string | undefined; displayName?: string | undefined; id: string; isOnboarded?: boolean | undefined; firebaseUid?: string | undefined; plan?: string | undefined; credits?: number | undefined; workspaceId?: string | undefined; }'.
server/routes/v1/billing.routes.ts(166,3): error TS2769: No overload matches this call.
  The last overload gave the following error.
    Argument of type '(req: AuthenticatedRequest, res: Response) => Promise<Response<any, Record<string, any>> | undefined>' is not assignable to parameter of type 'RequestHandlerParams<ParamsDictionary, any, { [key: string]: any; interests?: string[] | undefined; contentType?: string | undefined; industry?: string | undefined; }, ParsedQs, Record<...>>'.
      Type '(req: AuthenticatedRequest, res: Response) => Promise<Response<any, Record<string, any>> | undefined>' is not assignable to type 'RequestHandler<ParamsDictionary, any, { [key: string]: any; interests?: string[] | undefined; contentType?: string | undefined; industry?: string | undefined; }, ParsedQs, Record<...>>'.
        Types of parameters 'req' and 'req' are incompatible.
          Type 'Request<ParamsDictionary, any, { [key: string]: any; interests?: string[] | undefined; contentType?: string | undefined; industry?: string | undefined; }, ParsedQs, Record<...>>' is not assignable to type 'AuthenticatedRequest'.
            Types of property 'user' are incompatible.
              Type '{ [key: string]: any; id?: string | undefined; uid?: string | undefined; email?: string | undefined; name?: string | undefined; displayName?: string | undefined; plan?: string | undefined; ... 4 more ...; isEmailVerified?: boolean | undefined; } | undefined' is not assignable to type '{ [key: string]: any; uid: string; email?: string | undefined; displayName?: string | undefined; id: string; isOnboarded?: boolean | undefined; firebaseUid?: string | undefined; plan?: string | undefined; credits?: number | undefined; workspaceId?: string | undefined; }'.
                Type 'undefined' is not assignable to type '{ [key: string]: any; uid: string; email?: string | undefined; displayName?: string | undefined; id: string; isOnboarded?: boolean | undefined; firebaseUid?: string | undefined; plan?: string | undefined; credits?: number | undefined; workspaceId?: string | undefined; }'.
server/routes/v1/billing.routes.ts(221,3): error TS2769: No overload matches this call.
  The last overload gave the following error.
    Argument of type '(req: AuthenticatedRequest, res: Response) => Promise<Response<any, Record<string, any>> | undefined>' is not assignable to parameter of type 'RequestHandlerParams<ParamsDictionary, any, { [key: string]: any; interests?: string[] | undefined; contentType?: string | undefined; industry?: string | undefined; }, ParsedQs, Record<...>>'.
      Type '(req: AuthenticatedRequest, res: Response) => Promise<Response<any, Record<string, any>> | undefined>' is not assignable to type 'RequestHandler<ParamsDictionary, any, { [key: string]: any; interests?: string[] | undefined; contentType?: string | undefined; industry?: string | undefined; }, ParsedQs, Record<...>>'.
        Types of parameters 'req' and 'req' are incompatible.
          Type 'Request<ParamsDictionary, any, { [key: string]: any; interests?: string[] | undefined; contentType?: string | undefined; industry?: string | undefined; }, ParsedQs, Record<...>>' is not assignable to type 'AuthenticatedRequest'.
            Types of property 'user' are incompatible.
              Type '{ [key: string]: any; id?: string | undefined; uid?: string | undefined; email?: string | undefined; name?: string | undefined; displayName?: string | undefined; plan?: string | undefined; ... 4 more ...; isEmailVerified?: boolean | undefined; } | undefined' is not assignable to type '{ [key: string]: any; uid: string; email?: string | undefined; displayName?: string | undefined; id: string; isOnboarded?: boolean | undefined; firebaseUid?: string | undefined; plan?: string | undefined; credits?: number | undefined; workspaceId?: string | undefined; }'.
                Type 'undefined' is not assignable to type '{ [key: string]: any; uid: string; email?: string | undefined; displayName?: string | undefined; id: string; isOnboarded?: boolean | undefined; firebaseUid?: string | undefined; plan?: string | undefined; credits?: number | undefined; workspaceId?: string | undefined; }'.
server/routes/v1/billing.routes.ts(270,13): error TS2322: Type 'null' is not assignable to type 'string | undefined'.
server/routes/v1/billing.routes.ts(296,15): error TS2353: Object literal may only specify known properties, and 'isActive' does not exist in type 'InsertAddon'.
server/routes/v1/billing.routes.ts(326,15): error TS2322: Type 'null' is not assignable to type 'string | undefined'.
server/routes/v1/billing.routes.ts(362,3): error TS2769: No overload matches this call.
  The last overload gave the following error.
    Argument of type '(req: AuthenticatedRequest, res: Response) => Promise<Response<any, Record<string, any>> | undefined>' is not assignable to parameter of type 'RequestHandlerParams<ParamsDictionary, any, { [key: string]: any; interests?: string[] | undefined; contentType?: string | undefined; industry?: string | undefined; }, ParsedQs, Record<...>>'.
      Type '(req: AuthenticatedRequest, res: Response) => Promise<Response<any, Record<string, any>> | undefined>' is not assignable to type 'RequestHandler<ParamsDictionary, any, { [key: string]: any; interests?: string[] | undefined; contentType?: string | undefined; industry?: string | undefined; }, ParsedQs, Record<...>>'.
        Types of parameters 'req' and 'req' are incompatible.
          Type 'Request<ParamsDictionary, any, { [key: string]: any; interests?: string[] | undefined; contentType?: string | undefined; industry?: string | undefined; }, ParsedQs, Record<...>>' is not assignable to type 'AuthenticatedRequest'.
            Types of property 'user' are incompatible.
              Type '{ [key: string]: any; id?: string | undefined; uid?: string | undefined; email?: string | undefined; name?: string | undefined; displayName?: string | undefined; plan?: string | undefined; ... 4 more ...; isEmailVerified?: boolean | undefined; } | undefined' is not assignable to type '{ [key: string]: any; uid: string; email?: string | undefined; displayName?: string | undefined; id: string; isOnboarded?: boolean | undefined; firebaseUid?: string | undefined; plan?: string | undefined; credits?: number | undefined; workspaceId?: string | undefined; }'.
                Type 'undefined' is not assignable to type '{ [key: string]: any; uid: string; email?: string | undefined; displayName?: string | undefined; id: string; isOnboarded?: boolean | undefined; firebaseUid?: string | undefined; plan?: string | undefined; credits?: number | undefined; workspaceId?: string | undefined; }'.
server/routes/v1/thumbnails.routes.ts(12,51): error TS2345: Argument of type 'MongoStorage' is not assignable to parameter of type 'IStorage'.
  Type 'MongoStorage' is missing the following properties from type 'IStorage': getAdminNotifications, createThumbnailProject, getThumbnailProject, updateThumbnailProject, and 3 more.
server/routes/v1/thumbnails.routes.ts(399,3): error TS2769: No overload matches this call.
  The last overload gave the following error.
    Argument of type '(req: AuthenticatedRequest, res: Response) => Promise<void>' is not assignable to parameter of type 'RequestHandlerParams<ParamsDictionary, any, { [key: string]: any; interests?: string[] | undefined; contentType?: string | undefined; industry?: string | undefined; }, ParsedQs, Record<...>>'.
      Type '(req: AuthenticatedRequest, res: Response) => Promise<void>' is not assignable to type 'RequestHandler<ParamsDictionary, any, { [key: string]: any; interests?: string[] | undefined; contentType?: string | undefined; industry?: string | undefined; }, ParsedQs, Record<...>>'.
        Types of parameters 'req' and 'req' are incompatible.
          Type 'Request<ParamsDictionary, any, { [key: string]: any; interests?: string[] | undefined; contentType?: string | undefined; industry?: string | undefined; }, ParsedQs, Record<...>>' is not assignable to type 'AuthenticatedRequest'.
            Types of property 'user' are incompatible.
              Type '{ [key: string]: any; id?: string | undefined; uid?: string | undefined; email?: string | undefined; name?: string | undefined; displayName?: string | undefined; plan?: string | undefined; ... 4 more ...; isEmailVerified?: boolean | undefined; } | undefined' is not assignable to type '{ [key: string]: any; uid: string; email?: string | undefined; displayName?: string | undefined; id: string; isOnboarded?: boolean | undefined; firebaseUid?: string | undefined; plan?: string | undefined; credits?: number | undefined; workspaceId?: string | undefined; }'.
                Type 'undefined' is not assignable to type '{ [key: string]: any; uid: string; email?: string | undefined; displayName?: string | undefined; id: string; isOnboarded?: boolean | undefined; firebaseUid?: string | undefined; plan?: string | undefined; credits?: number | undefined; workspaceId?: string | undefined; }'.
server/routes/v1/thumbnails.routes.ts(413,3): error TS2769: No overload matches this call.
  The last overload gave the following error.
    Argument of type '(req: AuthenticatedRequest, res: Response) => Promise<Response<any, Record<string, any>> | undefined>' is not assignable to parameter of type 'RequestHandlerParams<ParamsDictionary, any, { [key: string]: any; interests?: string[] | undefined; contentType?: string | undefined; industry?: string | undefined; }, ParsedQs, Record<...>>'.
      Type '(req: AuthenticatedRequest, res: Response) => Promise<Response<any, Record<string, any>> | undefined>' is not assignable to type 'RequestHandler<ParamsDictionary, any, { [key: string]: any; interests?: string[] | undefined; contentType?: string | undefined; industry?: string | undefined; }, ParsedQs, Record<...>>'.
        Types of parameters 'req' and 'req' are incompatible.
          Type 'Request<ParamsDictionary, any, { [key: string]: any; interests?: string[] | undefined; contentType?: string | undefined; industry?: string | undefined; }, ParsedQs, Record<...>>' is not assignable to type 'AuthenticatedRequest'.
            Types of property 'user' are incompatible.
              Type '{ [key: string]: any; id?: string | undefined; uid?: string | undefined; email?: string | undefined; name?: string | undefined; displayName?: string | undefined; plan?: string | undefined; ... 4 more ...; isEmailVerified?: boolean | undefined; } | undefined' is not assignable to type '{ [key: string]: any; uid: string; email?: string | undefined; displayName?: string | undefined; id: string; isOnboarded?: boolean | undefined; firebaseUid?: string | undefined; plan?: string | undefined; credits?: number | undefined; workspaceId?: string | undefined; }'.
                Type 'undefined' is not assignable to type '{ [key: string]: any; uid: string; email?: string | undefined; displayName?: string | undefined; id: string; isOnboarded?: boolean | undefined; firebaseUid?: string | undefined; plan?: string | undefined; credits?: number | undefined; workspaceId?: string | undefined; }'.
server/routes/v1/thumbnails.routes.ts(491,3): error TS2769: No overload matches this call.
  The last overload gave the following error.
    Argument of type '(req: AuthenticatedRequest, res: Response) => Promise<Response<any, Record<string, any>> | undefined>' is not assignable to parameter of type 'RequestHandlerParams<ParamsDictionary, any, { [key: string]: any; interests?: string[] | undefined; contentType?: string | undefined; industry?: string | undefined; }, ParsedQs, Record<...>>'.
      Type '(req: AuthenticatedRequest, res: Response) => Promise<Response<any, Record<string, any>> | undefined>' is not assignable to type 'RequestHandler<ParamsDictionary, any, { [key: string]: any; interests?: string[] | undefined; contentType?: string | undefined; industry?: string | undefined; }, ParsedQs, Record<...>>'.
        Types of parameters 'req' and 'req' are incompatible.
          Type 'Request<ParamsDictionary, any, { [key: string]: any; interests?: string[] | undefined; contentType?: string | undefined; industry?: string | undefined; }, ParsedQs, Record<...>>' is not assignable to type 'AuthenticatedRequest'.
            Types of property 'user' are incompatible.
              Type '{ [key: string]: any; id?: string | undefined; uid?: string | undefined; email?: string | undefined; name?: string | undefined; displayName?: string | undefined; plan?: string | undefined; ... 4 more ...; isEmailVerified?: boolean | undefined; } | undefined' is not assignable to type '{ [key: string]: any; uid: string; email?: string | undefined; displayName?: string | undefined; id: string; isOnboarded?: boolean | undefined; firebaseUid?: string | undefined; plan?: string | undefined; credits?: number | undefined; workspaceId?: string | undefined; }'.
                Type 'undefined' is not assignable to type '{ [key: string]: any; uid: string; email?: string | undefined; displayName?: string | undefined; id: string; isOnboarded?: boolean | undefined; firebaseUid?: string | undefined; plan?: string | undefined; credits?: number | undefined; workspaceId?: string | undefined; }'.
server/routes/v1/thumbnails.routes.ts(557,3): error TS2769: No overload matches this call.
  The last overload gave the following error.
    Argument of type '(req: AuthenticatedRequest, res: Response) => Promise<Response<any, Record<string, any>> | undefined>' is not assignable to parameter of type 'RequestHandlerParams<ParamsDictionary, any, { [key: string]: any; interests?: string[] | undefined; contentType?: string | undefined; industry?: string | undefined; }, ParsedQs, Record<...>>'.
      Type '(req: AuthenticatedRequest, res: Response) => Promise<Response<any, Record<string, any>> | undefined>' is not assignable to type 'RequestHandler<ParamsDictionary, any, { [key: string]: any; interests?: string[] | undefined; contentType?: string | undefined; industry?: string | undefined; }, ParsedQs, Record<...>>'.
        Types of parameters 'req' and 'req' are incompatible.
          Type 'Request<ParamsDictionary, any, { [key: string]: any; interests?: string[] | undefined; contentType?: string | undefined; industry?: string | undefined; }, ParsedQs, Record<...>>' is not assignable to type 'AuthenticatedRequest'.
            Types of property 'user' are incompatible.
              Type '{ [key: string]: any; id?: string | undefined; uid?: string | undefined; email?: string | undefined; name?: string | undefined; displayName?: string | undefined; plan?: string | undefined; ... 4 more ...; isEmailVerified?: boolean | undefined; } | undefined' is not assignable to type '{ [key: string]: any; uid: string; email?: string | undefined; displayName?: string | undefined; id: string; isOnboarded?: boolean | undefined; firebaseUid?: string | undefined; plan?: string | undefined; credits?: number | undefined; workspaceId?: string | undefined; }'.
                Type 'undefined' is not assignable to type '{ [key: string]: any; uid: string; email?: string | undefined; displayName?: string | undefined; id: string; isOnboarded?: boolean | undefined; firebaseUid?: string | undefined; plan?: string | undefined; credits?: number | undefined; workspaceId?: string | undefined; }'.
server/routes/v1/thumbnails.routes.ts(602,3): error TS2769: No overload matches this call.
  The last overload gave the following error.
    Argument of type '(req: AuthenticatedRequest, res: Response) => Promise<Response<any, Record<string, any>> | undefined>' is not assignable to parameter of type 'RequestHandlerParams<ParamsDictionary, any, { [key: string]: any; interests?: string[] | undefined; contentType?: string | undefined; industry?: string | undefined; }, ParsedQs, Record<...>>'.
      Type '(req: AuthenticatedRequest, res: Response) => Promise<Response<any, Record<string, any>> | undefined>' is not assignable to type 'RequestHandler<ParamsDictionary, any, { [key: string]: any; interests?: string[] | undefined; contentType?: string | undefined; industry?: string | undefined; }, ParsedQs, Record<...>>'.
        Types of parameters 'req' and 'req' are incompatible.
          Type 'Request<ParamsDictionary, any, { [key: string]: any; interests?: string[] | undefined; contentType?: string | undefined; industry?: string | undefined; }, ParsedQs, Record<...>>' is not assignable to type 'AuthenticatedRequest'.
            Types of property 'user' are incompatible.
              Type '{ [key: string]: any; id?: string | undefined; uid?: string | undefined; email?: string | undefined; name?: string | undefined; displayName?: string | undefined; plan?: string | undefined; ... 4 more ...; isEmailVerified?: boolean | undefined; } | undefined' is not assignable to type '{ [key: string]: any; uid: string; email?: string | undefined; displayName?: string | undefined; id: string; isOnboarded?: boolean | undefined; firebaseUid?: string | undefined; plan?: string | undefined; credits?: number | undefined; workspaceId?: string | undefined; }'.
                Type 'undefined' is not assignable to type '{ [key: string]: any; uid: string; email?: string | undefined; displayName?: string | undefined; id: string; isOnboarded?: boolean | undefined; firebaseUid?: string | undefined; plan?: string | undefined; credits?: number | undefined; workspaceId?: string | undefined; }'.
server/routes/v1/thumbnails.routes.ts(645,3): error TS2769: No overload matches this call.
  The last overload gave the following error.
    Argument of type '(req: AuthenticatedRequest, res: Response) => Promise<Response<any, Record<string, any>> | undefined>' is not assignable to parameter of type 'RequestHandlerParams<ParamsDictionary, any, { [key: string]: any; interests?: string[] | undefined; contentType?: string | undefined; industry?: string | undefined; }, ParsedQs, Record<...>>'.
      Type '(req: AuthenticatedRequest, res: Response) => Promise<Response<any, Record<string, any>> | undefined>' is not assignable to type 'RequestHandler<ParamsDictionary, any, { [key: string]: any; interests?: string[] | undefined; contentType?: string | undefined; industry?: string | undefined; }, ParsedQs, Record<...>>'.
        Types of parameters 'req' and 'req' are incompatible.
          Type 'Request<ParamsDictionary, any, { [key: string]: any; interests?: string[] | undefined; contentType?: string | undefined; industry?: string | undefined; }, ParsedQs, Record<...>>' is not assignable to type 'AuthenticatedRequest'.
            Types of property 'user' are incompatible.
              Type '{ [key: string]: any; id?: string | undefined; uid?: string | undefined; email?: string | undefined; name?: string | undefined; displayName?: string | undefined; plan?: string | undefined; ... 4 more ...; isEmailVerified?: boolean | undefined; } | undefined' is not assignable to type '{ [key: string]: any; uid: string; email?: string | undefined; displayName?: string | undefined; id: string; isOnboarded?: boolean | undefined; firebaseUid?: string | undefined; plan?: string | undefined; credits?: number | undefined; workspaceId?: string | undefined; }'.
                Type 'undefined' is not assignable to type '{ [key: string]: any; uid: string; email?: string | undefined; displayName?: string | undefined; id: string; isOnboarded?: boolean | undefined; firebaseUid?: string | undefined; plan?: string | undefined; credits?: number | undefined; workspaceId?: string | undefined; }'.
server/routes/v1/thumbnails.routes.ts(682,3): error TS2769: No overload matches this call.
  The last overload gave the following error.
    Argument of type '(req: AuthenticatedRequest, res: Response) => Promise<Response<any, Record<string, any>> | undefined>' is not assignable to parameter of type 'RequestHandlerParams<ParamsDictionary, any, { [key: string]: any; interests?: string[] | undefined; contentType?: string | undefined; industry?: string | undefined; }, ParsedQs, Record<...>>'.
      Type '(req: AuthenticatedRequest, res: Response) => Promise<Response<any, Record<string, any>> | undefined>' is not assignable to type 'RequestHandler<ParamsDictionary, any, { [key: string]: any; interests?: string[] | undefined; contentType?: string | undefined; industry?: string | undefined; }, ParsedQs, Record<...>>'.
        Types of parameters 'req' and 'req' are incompatible.
          Type 'Request<ParamsDictionary, any, { [key: string]: any; interests?: string[] | undefined; contentType?: string | undefined; industry?: string | undefined; }, ParsedQs, Record<...>>' is not assignable to type 'AuthenticatedRequest'.
            Types of property 'user' are incompatible.
              Type '{ [key: string]: any; id?: string | undefined; uid?: string | undefined; email?: string | undefined; name?: string | undefined; displayName?: string | undefined; plan?: string | undefined; ... 4 more ...; isEmailVerified?: boolean | undefined; } | undefined' is not assignable to type '{ [key: string]: any; uid: string; email?: string | undefined; displayName?: string | undefined; id: string; isOnboarded?: boolean | undefined; firebaseUid?: string | undefined; plan?: string | undefined; credits?: number | undefined; workspaceId?: string | undefined; }'.
                Type 'undefined' is not assignable to type '{ [key: string]: any; uid: string; email?: string | undefined; displayName?: string | undefined; id: string; isOnboarded?: boolean | undefined; firebaseUid?: string | undefined; plan?: string | undefined; credits?: number | undefined; workspaceId?: string | undefined; }'.
server/routes/v1/thumbnails.routes.ts(694,29): error TS2304: Cannot find name 'advancedThumbnailGenerator'.
server/routes/v1/thumbnails.routes.ts(717,29): error TS2304: Cannot find name 'advancedThumbnailGenerator'.
server/routes/v1/thumbnails.routes.ts(734,3): error TS2769: No overload matches this call.
  The last overload gave the following error.
    Argument of type '(req: AuthenticatedRequest, res: Response) => Promise<void>' is not assignable to parameter of type 'RequestHandlerParams<ParamsDictionary, any, { [key: string]: any; interests?: string[] | undefined; contentType?: string | undefined; industry?: string | undefined; }, ParsedQs, Record<...>>'.
      Type '(req: AuthenticatedRequest, res: Response) => Promise<void>' is not assignable to type 'RequestHandler<ParamsDictionary, any, { [key: string]: any; interests?: string[] | undefined; contentType?: string | undefined; industry?: string | undefined; }, ParsedQs, Record<...>>'.
        Types of parameters 'req' and 'req' are incompatible.
          Type 'Request<ParamsDictionary, any, { [key: string]: any; interests?: string[] | undefined; contentType?: string | undefined; industry?: string | undefined; }, ParsedQs, Record<...>>' is not assignable to type 'AuthenticatedRequest'.
            Types of property 'user' are incompatible.
              Type '{ [key: string]: any; id?: string | undefined; uid?: string | undefined; email?: string | undefined; name?: string | undefined; displayName?: string | undefined; plan?: string | undefined; ... 4 more ...; isEmailVerified?: boolean | undefined; } | undefined' is not assignable to type '{ [key: string]: any; uid: string; email?: string | undefined; displayName?: string | undefined; id: string; isOnboarded?: boolean | undefined; firebaseUid?: string | undefined; plan?: string | undefined; credits?: number | undefined; workspaceId?: string | undefined; }'.
                Type 'undefined' is not assignable to type '{ [key: string]: any; uid: string; email?: string | undefined; displayName?: string | undefined; id: string; isOnboarded?: boolean | undefined; firebaseUid?: string | undefined; plan?: string | undefined; credits?: number | undefined; workspaceId?: string | undefined; }'.
server/routes/v1/thumbnails.routes.ts(739,29): error TS2304: Cannot find name 'advancedThumbnailGenerator'.
server/routes/v1/thumbnails.routes.ts(760,47): error TS2345: Argument of type 'number' is not assignable to parameter of type 'string'.
server/routes/v1/thumbnails.routes.ts(782,34): error TS2304: Cannot find name 'advancedThumbnailGenerator'.
server/routes/v1/thumbnails.routes.ts(797,3): error TS2769: No overload matches this call.
  The last overload gave the following error.
    Argument of type '(req: AuthenticatedRequest, res: Response) => Promise<void>' is not assignable to parameter of type 'RequestHandlerParams<ParamsDictionary, any, { [key: string]: any; interests?: string[] | undefined; contentType?: string | undefined; industry?: string | undefined; }, ParsedQs, Record<...>>'.
      Type '(req: AuthenticatedRequest, res: Response) => Promise<void>' is not assignable to type 'RequestHandler<ParamsDictionary, any, { [key: string]: any; interests?: string[] | undefined; contentType?: string | undefined; industry?: string | undefined; }, ParsedQs, Record<...>>'.
        Types of parameters 'req' and 'req' are incompatible.
          Type 'Request<ParamsDictionary, any, { [key: string]: any; interests?: string[] | undefined; contentType?: string | undefined; industry?: string | undefined; }, ParsedQs, Record<...>>' is not assignable to type 'AuthenticatedRequest'.
            Types of property 'user' are incompatible.
              Type '{ [key: string]: any; id?: string | undefined; uid?: string | undefined; email?: string | undefined; name?: string | undefined; displayName?: string | undefined; plan?: string | undefined; ... 4 more ...; isEmailVerified?: boolean | undefined; } | undefined' is not assignable to type '{ [key: string]: any; uid: string; email?: string | undefined; displayName?: string | undefined; id: string; isOnboarded?: boolean | undefined; firebaseUid?: string | undefined; plan?: string | undefined; credits?: number | undefined; workspaceId?: string | undefined; }'.
                Type 'undefined' is not assignable to type '{ [key: string]: any; uid: string; email?: string | undefined; displayName?: string | undefined; id: string; isOnboarded?: boolean | undefined; firebaseUid?: string | undefined; plan?: string | undefined; credits?: number | undefined; workspaceId?: string | undefined; }'.
server/routes/v1/thumbnails.routes.ts(806,40): error TS2551: Property 'getThumbnailProjects' does not exist on type 'MongoStorage'. Did you mean 'getThumbnailExports'?
server/routes/v1/thumbnails.routes.ts(824,57): error TS2345: Argument of type 'number' is not assignable to parameter of type 'string'.
server/routes/v1/thumbnails.routes.ts(840,45): error TS2345: Argument of type 'number' is not assignable to parameter of type 'string'.
server/routes/v1/trends.routes.ts(36,70): error TS2345: Argument of type 'string | ParsedQs | (string | ParsedQs)[]' is not assignable to parameter of type 'string | undefined'.
  Type 'ParsedQs' is not assignable to type 'string'.
server/routes/v1/trends.routes.ts(75,82): error TS2345: Argument of type 'string | ParsedQs | (string | ParsedQs)[]' is not assignable to parameter of type 'string | undefined'.
  Type 'ParsedQs' is not assignable to type 'string'.
server/routes/v1/trends.routes.ts(102,3): error TS2769: No overload matches this call.
  The last overload gave the following error.
    Argument of type '(req: AuthenticatedRequest, res: Response) => Promise<Response<any, Record<string, any>> | undefined>' is not assignable to parameter of type 'RequestHandlerParams<ParamsDictionary, any, { [key: string]: any; interests?: string[] | undefined; contentType?: string | undefined; industry?: string | undefined; }, ParsedQs, Record<...>>'.
      Type '(req: AuthenticatedRequest, res: Response) => Promise<Response<any, Record<string, any>> | undefined>' is not assignable to type 'RequestHandler<ParamsDictionary, any, { [key: string]: any; interests?: string[] | undefined; contentType?: string | undefined; industry?: string | undefined; }, ParsedQs, Record<...>>'.
        Types of parameters 'req' and 'req' are incompatible.
          Type 'Request<ParamsDictionary, any, { [key: string]: any; interests?: string[] | undefined; contentType?: string | undefined; industry?: string | undefined; }, ParsedQs, Record<...>>' is not assignable to type 'AuthenticatedRequest'.
            Types of property 'user' are incompatible.
              Type '{ [key: string]: any; id?: string | undefined; uid?: string | undefined; email?: string | undefined; name?: string | undefined; displayName?: string | undefined; plan?: string | undefined; ... 4 more ...; isEmailVerified?: boolean | undefined; } | undefined' is not assignable to type '{ [key: string]: any; uid: string; email?: string | undefined; displayName?: string | undefined; id: string; isOnboarded?: boolean | undefined; firebaseUid?: string | undefined; plan?: string | undefined; credits?: number | undefined; workspaceId?: string | undefined; }'.
                Type 'undefined' is not assignable to type '{ [key: string]: any; uid: string; email?: string | undefined; displayName?: string | undefined; id: string; isOnboarded?: boolean | undefined; firebaseUid?: string | undefined; plan?: string | undefined; credits?: number | undefined; workspaceId?: string | undefined; }'.
server/routes/v1/trends.routes.ts(146,61): error TS2339: Property 'subscriberCount' does not exist on type 'SocialAccount'.
server/routes/v1/trends.routes.ts(147,53): error TS2339: Property 'videoCount' does not exist on type 'SocialAccount'.
server/routes/v1/webhooks.routes.ts(7,46): error TS2345: Argument of type 'MongoStorage | MemStorage' is not assignable to parameter of type 'IStorage'.
  Type 'MongoStorage' is missing the following properties from type 'IStorage': getAdminNotifications, createThumbnailProject, getThumbnailProject, updateThumbnailProject, and 3 more.
server/routes/webhooks.ts(240,22): error TS18048: 'account.mediaCount' is possibly 'undefined'.
server/routes/webhooks.ts(240,77): error TS18048: 'account.mediaCount' is possibly 'undefined'.
server/routes/webhooks.ts(626,14): error TS18046: 'error' is of type 'unknown'.
server/scripts/test-audience-data.ts(64,19): error TS18048: 'mongoose.connection.db' is possibly 'undefined'.
server/scripts/test-audience-data.ts(65,19): error TS18048: 'mongoose.connection.db' is possibly 'undefined'.
server/scripts/test-audience-data.ts(80,36): error TS18048: 'mongoose.connection.db' is possibly 'undefined'.
server/security/gdpr-compliance.ts(56,7): error TS2322: Type 'string | undefined' is not assignable to type 'string'.
  Type 'undefined' is not assignable to type 'string'.
server/security/privacy-middleware.ts(33,13): error TS2339: Property 'originalIP' does not exist on type 'Request<ParamsDictionary, any, any, ParsedQs, Record<string, any>>'.
server/security/privacy-middleware.ts(36,15): error TS2540: Cannot assign to 'ip' because it is a read-only property.
server/security/privacy-middleware.ts(38,15): error TS2540: Cannot assign to 'ip' because it is a read-only property.
server/security/privacy-middleware.ts(78,13): error TS2339: Property 'minimizeData' does not exist on type 'Request<ParamsDictionary, any, any, ParsedQs, Record<string, any>>'.
server/security/resource-namespacing.ts(325,11): error TS2339: Property 'namespace' does not exist on type 'Request<ParamsDictionary, any, any, ParsedQs, Record<string, any>>'.
server/security/resource-namespacing.ts(329,11): error TS2345: Argument of type 'string | ParsedQs | (string | ParsedQs)[]' is not assignable to parameter of type 'string'.
  Type 'ParsedQs' is not assignable to type 'string'.
server/security/resource-namespacing.ts(335,11): error TS2345: Argument of type 'string | ParsedQs | (string | ParsedQs)[]' is not assignable to parameter of type 'string'.
  Type 'ParsedQs' is not assignable to type 'string'.
server/security/token-hygiene.ts(81,76): error TS18046: 'error' is of type 'unknown'.
server/security/token-hygiene.ts(91,44): error TS18046: 'error' is of type 'unknown'.
server/security/token-hygiene.ts(141,44): error TS18046: 'error' is of type 'unknown'.
server/security/token-hygiene.ts(205,39): error TS18046: 'error' is of type 'unknown'.
server/security/token-hygiene.ts(273,76): error TS18046: 'error' is of type 'unknown'.
server/security/token-hygiene.ts(282,44): error TS18046: 'error' is of type 'unknown'.
server/security/token-hygiene.ts(342,76): error TS18046: 'error' is of type 'unknown'.
server/security/token-hygiene.ts(351,44): error TS18046: 'error' is of type 'unknown'.
server/security/webhook-verification.ts(71,53): error TS2345: Argument of type 'string | Buffer<ArrayBufferLike>' is not assignable to parameter of type 'string'.
  Type 'Buffer<ArrayBufferLike>' is not assignable to type 'string'.
server/security/webhook-verification.ts(138,9): error TS2345: Argument of type 'string | Buffer<ArrayBufferLike>' is not assignable to parameter of type 'string'.
  Type 'Buffer<ArrayBufferLike>' is not assignable to type 'string'.
server/security/webhook-verification.ts(312,11): error TS2339: Property 'webhookId' does not exist on type 'Request<ParamsDictionary, any, any, ParsedQs, Record<string, any>>'.
server/security/workspace-isolation.ts(162,11): error TS2345: Argument of type 'string | undefined' is not assignable to parameter of type 'string'.
  Type 'undefined' is not assignable to type 'string'.
server/security/workspace-isolation.ts(185,13): error TS2345: Argument of type 'string | undefined' is not assignable to parameter of type 'string'.
  Type 'undefined' is not assignable to type 'string'.
server/security/workspace-isolation.ts(202,11): error TS2353: Object literal may only specify known properties, and 'role' does not exist in type 'Workspace'.
server/security/workspace-isolation.ts(409,11): error TS2345: Argument of type 'string | ParsedQs | (string | ParsedQs)[]' is not assignable to parameter of type 'string'.
  Type 'ParsedQs' is not assignable to type 'string'.
server/services/backup-recovery.ts(214,59): error TS18046: 'error' is of type 'unknown'.
server/services/complete-video-generator.ts(121,70): error TS18046: 'error' is of type 'unknown'.
server/services/complete-video-generator.ts(149,36): error TS18046: 'error' is of type 'unknown'.
server/services/complete-video-generator.ts(157,17): error TS2393: Duplicate function implementation.
server/services/complete-video-generator.ts(253,90): error TS2304: Cannot find name 'formData'.
server/services/complete-video-generator.ts(281,25): error TS18048: 'job.enhancedImages' is possibly 'undefined'.
server/services/complete-video-generator.ts(283,24): error TS18048: 'job.enhancedImages' is possibly 'undefined'.
server/services/complete-video-generator.ts(300,56): error TS18048: 'job.enhancedImages' is possibly 'undefined'.
server/services/complete-video-generator.ts(418,12): error TS7053: Element implicitly has an 'any' type because expression of type 'string' can't be used to index type '{ 'male-young': string; 'male-mature': string; 'female-young': string; 'female-mature': string; neutral: string; }'.
  No index signature with a parameter of type 'string' was found on type '{ 'male-young': string; 'male-mature': string; 'female-young': string; 'female-mature': string; neutral: string; }'.
server/services/complete-video-generator.ts(432,58): error TS2345: Argument of type 'string[] | undefined' is not assignable to parameter of type 'string[]'.
  Type 'undefined' is not assignable to type 'string[]'.
server/services/complete-video-generator.ts(469,7): error TS18048: 'job.motionVideos' is possibly 'undefined'.
server/services/complete-video-generator.ts(474,7): error TS18048: 'job.voiceAudio' is possibly 'undefined'.
server/services/complete-video-generator.ts(515,17): error TS2393: Duplicate function implementation.
server/services/complete-video-generator.ts(664,24): error TS18048: 'job.motionVideos' is possibly 'undefined'.
server/services/complete-video-generator.ts(679,25): error TS18048: 'job.voiceAudio' is possibly 'undefined'.
server/services/complete-video-generator.ts(682,27): error TS18048: 'job.voiceAudio' is possibly 'undefined'.
server/services/distributed-lock.ts(100,14): error TS18048: 'mongoose.connection.db' is possibly 'undefined'.
server/services/elevenlabs-service.ts(119,32): error TS2322: Type 'Buffer<ArrayBufferLike>' is not assignable to type 'BlobPart'.
  Type 'Buffer<ArrayBufferLike>' is not assignable to type 'ArrayBufferView<ArrayBuffer>'.
    Types of property 'buffer' are incompatible.
      Type 'ArrayBufferLike' is not assignable to type 'ArrayBuffer'.
        Type 'SharedArrayBuffer' is missing the following properties from type 'ArrayBuffer': resizable, resize, detached, transfer, transferToFixedLength
server/services/openai-service.ts(111,32): error TS7006: Parameter 'scene' implicitly has an 'any' type.
server/services/openai-service.ts(119,47): error TS7006: Parameter 'sum' implicitly has an 'any' type.
server/services/openai-service.ts(119,52): error TS7006: Parameter 'scene' implicitly has an 'any' type.
server/services/replicate-service.ts(58,22): error TS2352: Conversion of type 'object' to type 'string' may be a mistake because neither type sufficiently overlaps with the other. If this was intentional, convert the expression to 'unknown' first.
server/services/replicate-service.ts(86,22): error TS2352: Conversion of type 'object' to type 'string' may be a mistake because neither type sufficiently overlaps with the other. If this was intentional, convert the expression to 'unknown' first.
server/services/replicate-service.ts(109,22): error TS2352: Conversion of type 'object' to type 'string' may be a mistake because neither type sufficiently overlaps with the other. If this was intentional, convert the expression to 'unknown' first.
server/services/replicate-service.ts(132,22): error TS2352: Conversion of type 'object' to type 'string' may be a mistake because neither type sufficiently overlaps with the other. If this was intentional, convert the expression to 'unknown' first.
server/services/replicate-service.ts(155,22): error TS2352: Conversion of type 'object' to type 'string' may be a mistake because neither type sufficiently overlaps with the other. If this was intentional, convert the expression to 'unknown' first.
server/services/tokenManager.ts(2,10): error TS2305: Module '"../mongodb-storage"' has no exported member 'UserModel'.
server/services/tokenManager.ts(423,17): error TS2304: Cannot find name 'MetricsQueueManager'.
server/services/working-video-generator.ts(96,36): error TS18046: 'error' is of type 'unknown'.
server/services/working-video-generator.ts(180,25): error TS7053: Element implicitly has an 'any' type because expression of type '0' can't be used to index type '{}'.
  Property '0' does not exist on type '{}'.
server/services/working-video-generator.ts(181,72): error TS7053: Element implicitly has an 'any' type because expression of type '0' can't be used to index type '{}'.
  Property '0' does not exist on type '{}'.
server/services/working-video-generator.ts(182,25): error TS7053: Element implicitly has an 'any' type because expression of type '0' can't be used to index type '{}'.
  Property '0' does not exist on type '{}'.
server/services/working-video-generator.ts(188,73): error TS18046: 'error' is of type 'unknown'.
server/services/working-video-generator.ts(200,15): error TS7034: Variable 'imagePaths' implicitly has type 'any[]' in some locations where its type cannot be determined.
server/services/working-video-generator.ts(227,13): error TS7005: Variable 'imagePaths' implicitly has an 'any[]' type.
server/services/working-video-generator.ts(241,13): error TS7005: Variable 'imagePaths' implicitly has an 'any[]' type.
server/services/working-video-generator.ts(313,41): error TS7005: Variable 'imagePaths' implicitly has an 'any[]' type.
server/services/working-video-generator.ts(403,50): error TS18046: 'error' is of type 'unknown'.
server/social-listening-ai.ts(224,26): error TS7053: Element implicitly has an 'any' type because expression of type 'string' can't be used to index type '{ twitter: number; instagram: number; facebook: number; tiktok: number; linkedin: number; }'.
  No index signature with a parameter of type 'string' was found on type '{ twitter: number; instagram: number; facebook: number; tiktok: number; linkedin: number; }'.
server/social-listening-ai.ts(225,5): error TS7053: Element implicitly has an 'any' type because expression of type 'string' can't be used to index type '{}'.
  No index signature with a parameter of type 'string' was found on type '{}'.
server/storage.ts(1420,9): error TS2393: Duplicate function implementation.
server/storage.ts(1636,9): error TS2393: Duplicate function implementation.
server/storage/converters.ts(161,5): error TS1117: An object literal cannot have multiple properties with the same name.
server/subscription-config.ts(293,19): error TS7053: Element implicitly has an 'any' type because expression of type 'string' can't be used to index type '{ dashboard: { allowed: boolean; }; 'content-scheduler': { allowed: boolean; limit: number; }; analytics: { allowed: boolean; limit: string; }; workspace: { allowed: boolean; limit: number; }; 'social-accounts': { ...; }; ... 14 more ...; 'advanced-analytics': { ...; }; } | { ...; } | { ...; } | { ...; }'.
  No index signature with a parameter of type 'string' was found on type '{ dashboard: { allowed: boolean; }; 'content-scheduler': { allowed: boolean; limit: number; }; analytics: { allowed: boolean; limit: string; }; workspace: { allowed: boolean; limit: number; }; 'social-accounts': { ...; }; ... 14 more ...; 'advanced-analytics': { ...; }; } | { ...; } | { ...; } | { ...; }'.
server/subscription-middleware.ts(8,7): error TS2717: Subsequent property declarations must have the same type.  Property 'user' must be of type '{ [key: string]: any; id?: string | undefined; uid?: string | undefined; email?: string | undefined; name?: string | undefined; displayName?: string | undefined; plan?: string | undefined; ... 4 more ...; isEmailVerified?: boolean | undefined; } | undefined', but here has type 'any'.
server/subscription-service.ts(142,40): error TS2345: Argument of type 'number' is not assignable to parameter of type 'string'.
server/subscription-service.ts(157,40): error TS2345: Argument of type 'number' is not assignable to parameter of type 'string'.
server/subscription-service.ts(164,40): error TS2345: Argument of type 'number' is not assignable to parameter of type 'string'.
server/subscription-service.ts(171,37): error TS2345: Argument of type 'number' is not assignable to parameter of type 'string'.
server/subscription-service.ts(179,60): error TS2345: Argument of type 'number' is not assignable to parameter of type 'string'.
server/subscription-service.ts(206,40): error TS2345: Argument of type 'number' is not assignable to parameter of type 'string'.
server/subscription-service.ts(233,7): error TS2322: Type 'number' is not assignable to type 'string'.
server/subscription-service.ts(278,35): error TS2339: Property 'getPaymentByOrderId' does not exist on type 'MongoStorage | MemStorage'.
  Property 'getPaymentByOrderId' does not exist on type 'MongoStorage'.
server/subscription-service.ts(284,19): error TS2339: Property 'updatePaymentStatus' does not exist on type 'MongoStorage | MemStorage'.
  Property 'updatePaymentStatus' does not exist on type 'MongoStorage'.
server/subscription-service.ts(301,19): error TS2551: Property 'updateUserPlan' does not exist on type 'MongoStorage | MemStorage'. Did you mean 'updateUser'?
  Property 'updateUserPlan' does not exist on type 'MongoStorage'.
server/subscription-service.ts(311,19): error TS2551: Property 'updateUserPlan' does not exist on type 'MongoStorage | MemStorage'. Did you mean 'updateUser'?
  Property 'updateUserPlan' does not exist on type 'MongoStorage'.
server/subscription-service.ts(333,40): error TS2345: Argument of type 'number' is not assignable to parameter of type 'string'.
server/subscription-service.ts(343,20): error TS2339: Property 'subscriptionStatus' does not exist on type 'User'.
server/subscription-service.ts(346,25): error TS2339: Property 'currentPeriodEnd' does not exist on type 'User'.
server/subscription-service.ts(352,40): error TS2345: Argument of type 'number' is not assignable to parameter of type 'string'.
server/subscription-service.ts(356,37): error TS2345: Argument of type 'number' is not assignable to parameter of type 'string'.
server/subscription-service.ts(360,7): error TS2322: Type 'number' is not assignable to type 'string'.
server/subscription-service.ts(369,40): error TS2345: Argument of type 'number' is not assignable to parameter of type 'string'.
server/subscription-service.ts(377,37): error TS2345: Argument of type 'number' is not assignable to parameter of type 'string'.
server/subscription-service.ts(381,7): error TS2322: Type 'number' is not assignable to type 'string'.
server/thumbnail-ai-service-complete.ts(510,31): error TS2554: Expected 2 arguments, but got 1.
server/thumbnail-ai-service.ts(83,30): error TS2304: Cannot find name 'openai'.
server/thumbnail-ai-service.ts(122,30): error TS2304: Cannot find name 'openai'.
server/thumbnail-ai-service.ts(317,30): error TS2304: Cannot find name 'openai'.
server/thumbnail-dalle-generator.ts(222,32): error TS18046: 'error' is of type 'unknown'.
server/trend-intelligence-ai.ts(202,20): error TS7053: Element implicitly has an 'any' type because expression of type 'string' can't be used to index type '{ lifestyle: string[]; technology: string[]; fashion: string[]; food: string[]; fitness: string[]; }'.
  No index signature with a parameter of type 'string' was found on type '{ lifestyle: string[]; technology: string[]; fashion: string[]; food: string[]; fitness: string[]; }'.
server/trend-intelligence-ai.ts(203,19): error TS7053: Element implicitly has an 'any' type because expression of type 'string' can't be used to index type '{ instagram: { topHashtags: string[]; engagementPatterns: string[]; peakTimes: string[]; }; tiktok: { topHashtags: string[]; engagementPatterns: string[]; peakTimes: string[]; }; youtube: { topHashtags: string[]; engagementPatterns: string[]; peakTimes: string[]; }; }'.
  No index signature with a parameter of type 'string' was found on type '{ instagram: { topHashtags: string[]; engagementPatterns: string[]; peakTimes: string[]; }; tiktok: { topHashtags: string[]; engagementPatterns: string[]; peakTimes: string[]; }; youtube: { topHashtags: string[]; engagementPatterns: string[]; peakTimes: string[]; }; }'.
server/trend-intelligence-ai.ts(204,40): error TS2538: Type 'undefined' cannot be used as an index type.
server/trend-intelligence-ai.ts(259,12): error TS7053: Element implicitly has an 'any' type because expression of type 'string' can't be used to index type '{ instagram: number; tiktok: number; youtube: number; twitter: number; }'.
  No index signature with a parameter of type 'string' was found on type '{ instagram: number; tiktok: number; youtube: number; twitter: number; }'.
server/trending-scraper.ts(199,17): error TS7006: Parameter 'line' implicitly has an 'any' type.
server/trending-scraper.ts(200,14): error TS7006: Parameter 'line' implicitly has an 'any' type.
server/trending-scraper.ts(201,17): error TS7006: Parameter 'line' implicitly has an 'any' type.
server/utils/engagement-calculator.ts(143,5): error TS2322: Type '"ERF" | "ERF (reach data unreliable)"' is not assignable to type '"ERF" | "AER" | "ERR"'.
  Type '"ERF (reach data unreliable)"' is not assignable to type '"ERF" | "AER" | "ERR"'.
server/utils/instagram-validation.ts(64,26): error TS2538: Type 'undefined' cannot be used as an index type.
server/utils/instagram-validation.ts(65,23): error TS2538: Type 'undefined' cannot be used as an index type.
server/utils/instagram-validation.ts(67,21): error TS2538: Type 'undefined' cannot be used as an index type.
server/utils/instagram-validation.ts(99,32): error TS2339: Property 'getUserById' does not exist on type 'MongoStorage'.
server/video-routes.ts(45,32): error TS18047: 'firebaseAdmin' is possibly 'null'.
server/video-routes.ts(260,37): error TS2345: Argument of type 'string | undefined' is not assignable to parameter of type 'string'.
  Type 'undefined' is not assignable to type 'string'.
server/video-routes.ts(341,45): error TS7006: Parameter 'id' implicitly has an 'any' type.
server/video-routes.ts(396,29): error TS2339: Property 'script' does not exist on type '{ id: string; prompt: any; duration: any; status: string; progress: number; currentStep: string; }'.
server/video-routes.ts(408,45): error TS18046: 'error' is of type 'unknown'.
server/video-routes.ts(411,27): error TS18046: 'error' is of type 'unknown'.
server/video-routes.ts(471,71): error TS18046: 'error' is of type 'unknown'.
server/video-routes.ts(527,16): error TS18046: 'error' is of type 'unknown'.
server/video-routes.ts(577,16): error TS18046: 'error' is of type 'unknown'.
server/video-routes.ts(618,72): error TS18046: 'error' is of type 'unknown'.
server/video-routes.ts(662,16): error TS18046: 'error' is of type 'unknown'.
server/video-routes.ts(852,9): error TS2322: Type 'string' is not assignable to type 'null'.
server/video-routes.ts(870,66): error TS18046: 'error' is of type 'unknown'.
server/video-routes.ts(900,13): error TS2339: Property 'finalVideo' does not exist on type '{ id: string; prompt: any; duration: any; status: string; progress: number; currentStep: string; }'.
server/video-routes.ts(917,67): error TS18046: 'error' is of type 'unknown'.
server/video-shortener-ai.ts(176,30): error TS2304: Cannot find name 'openai'.
server/video-shortener-ai.ts(478,30): error TS2304: Cannot find name 'openai'.
server/viral-content-service.ts(294,13): error TS2322: Type 'number' is not assignable to type 'string'.
server/viral-content-service.ts(304,13): error TS2322: Type '{ expectedViews: number; expectedLikes: number; expectedShares: number; }' is not assignable to type 'number'.
server/viral-content-service.ts(327,59): error TS18046: 'error' is of type 'unknown'.
server/viral-content-service.ts(327,83): error TS18046: 'error' is of type 'unknown'.
server/viral-content-service.ts(362,9): error TS2322: Type 'number' is not assignable to type 'string'.
server/viral-content-service.ts(372,9): error TS2322: Type '{ expectedViews: number; expectedLikes: number; expectedShares: number; }' is not assignable to type 'number'.
server/viral-content-service.ts(384,9): error TS2322: Type 'number' is not assignable to type 'string'.
server/viral-content-service.ts(394,9): error TS2322: Type '{ expectedViews: number; expectedLikes: number; expectedShares: number; }' is not assignable to type 'number'.
server/viral-content-service.ts(490,9): error TS2322: Type 'number' is not assignable to type 'string'.
server/viral-content-service.ts(502,9): error TS2322: Type '{ expectedViews: number; expectedLikes: number; expectedShares: number; }' is not assignable to type 'number'.
server/viral-content-service.ts(552,64): error TS2339: Property 'type' does not exist on type 'ContentRecommendation'.
server/viral-predictor-ai.ts(215,27): error TS7053: Element implicitly has an 'any' type because expression of type 'string' can't be used to index type '{ instagram: { idealLength: boolean; hashtagCount: boolean; visualFocus: boolean; }; tiktok: { idealLength: boolean; hashtagCount: boolean; trendFocus: boolean; }; youtube: { idealLength: boolean; hashtagCount: boolean; searchOptimized: boolean; }; twitter: { ...; }; }'.
  No index signature with a parameter of type 'string' was found on type '{ instagram: { idealLength: boolean; hashtagCount: boolean; visualFocus: boolean; }; tiktok: { idealLength: boolean; hashtagCount: boolean; trendFocus: boolean; }; youtube: { idealLength: boolean; hashtagCount: boolean; searchOptimized: boolean; }; twitter: { ...; }; }'.
server/viral-predictor-ai.ts(274,21): error TS7053: Element implicitly has an 'any' type because expression of type 'string' can't be used to index type '{ instagram: number; tiktok: number; youtube: number; twitter: number; linkedin: number; facebook: number; }'.
  No index signature with a parameter of type 'string' was found on type '{ instagram: number; tiktok: number; youtube: number; twitter: number; linkedin: number; facebook: number; }'.
server/vite.ts(59,5): error TS2322: Type '{ middlewareMode: boolean; hmr: { server: Server<typeof IncomingMessage, typeof ServerResponse>; clientPort: number; protocol: string; host: string | undefined; } | { ...; }; allowedHosts: boolean; cors: boolean; }' is not assignable to type 'ServerOptions'.
  Types of property 'allowedHosts' are incompatible.
    Type 'boolean' is not assignable to type 'true | string[] | undefined'.
server/youtube-service.ts(225,9): error TS2322: Type 'string | null' is not assignable to type 'string | undefined'.
  Type 'null' is not assignable to type 'string | undefined'.
shared/video-schema.ts(1,81): error TS2307: Cannot find module 'drizzle-orm/pg-core' or its corresponding type declarations.
shared/video-schema.ts(2,36): error TS2307: Cannot find module 'drizzle-zod' or its corresponding type declarations.
